Archive member included to satisfy reference by file (symbol)

D:/enviroment/msys2/mingw64/bin/../lib/gcc/arm-none-eabi/13.3.0/../../../../arm-none-eabi/lib/thumb/v7e-m+fp/hard\libc_nano.a(libc_a-atexit.o)
                              D:/enviroment/msys2/mingw64/bin/../lib/gcc/arm-none-eabi/13.3.0/../../../../arm-none-eabi/lib/thumb/v7e-m+fp/hard/crt0.o (atexit)
D:/enviroment/msys2/mingw64/bin/../lib/gcc/arm-none-eabi/13.3.0/../../../../arm-none-eabi/lib/thumb/v7e-m+fp/hard\libc_nano.a(libc_a-exit.o)
                              D:/enviroment/msys2/mingw64/bin/../lib/gcc/arm-none-eabi/13.3.0/../../../../arm-none-eabi/lib/thumb/v7e-m+fp/hard/crt0.o (exit)
D:/enviroment/msys2/mingw64/bin/../lib/gcc/arm-none-eabi/13.3.0/../../../../arm-none-eabi/lib/thumb/v7e-m+fp/hard\libc_nano.a(libc_a-findfp.o)
                              D:/enviroment/msys2/mingw64/bin/../lib/gcc/arm-none-eabi/13.3.0/../../../../arm-none-eabi/lib/thumb/v7e-m+fp/hard\libc_nano.a(libc_a-exit.o) (__stdio_exit_handler)
D:/enviroment/msys2/mingw64/bin/../lib/gcc/arm-none-eabi/13.3.0/../../../../arm-none-eabi/lib/thumb/v7e-m+fp/hard\libc_nano.a(libc_a-fwalk.o)
                              D:/enviroment/msys2/mingw64/bin/../lib/gcc/arm-none-eabi/13.3.0/../../../../arm-none-eabi/lib/thumb/v7e-m+fp/hard\libc_nano.a(libc_a-findfp.o) (_fwalk_sglue)
D:/enviroment/msys2/mingw64/bin/../lib/gcc/arm-none-eabi/13.3.0/../../../../arm-none-eabi/lib/thumb/v7e-m+fp/hard\libc_nano.a(libc_a-printf.o)
                              build/scheduler.o (printf)
D:/enviroment/msys2/mingw64/bin/../lib/gcc/arm-none-eabi/13.3.0/../../../../arm-none-eabi/lib/thumb/v7e-m+fp/hard\libc_nano.a(libc_a-puts.o)
                              build/scheduler.o (puts)
D:/enviroment/msys2/mingw64/bin/../lib/gcc/arm-none-eabi/13.3.0/../../../../arm-none-eabi/lib/thumb/v7e-m+fp/hard\libc_nano.a(libc_a-stdio.o)
                              D:/enviroment/msys2/mingw64/bin/../lib/gcc/arm-none-eabi/13.3.0/../../../../arm-none-eabi/lib/thumb/v7e-m+fp/hard\libc_nano.a(libc_a-findfp.o) (__sread)
D:/enviroment/msys2/mingw64/bin/../lib/gcc/arm-none-eabi/13.3.0/../../../../arm-none-eabi/lib/thumb/v7e-m+fp/hard\libc_nano.a(libc_a-wbuf.o)
                              D:/enviroment/msys2/mingw64/bin/../lib/gcc/arm-none-eabi/13.3.0/../../../../arm-none-eabi/lib/thumb/v7e-m+fp/hard\libc_nano.a(libc_a-puts.o) (__swbuf_r)
D:/enviroment/msys2/mingw64/bin/../lib/gcc/arm-none-eabi/13.3.0/../../../../arm-none-eabi/lib/thumb/v7e-m+fp/hard\libc_nano.a(libc_a-wsetup.o)
                              D:/enviroment/msys2/mingw64/bin/../lib/gcc/arm-none-eabi/13.3.0/../../../../arm-none-eabi/lib/thumb/v7e-m+fp/hard\libc_nano.a(libc_a-puts.o) (__swsetup_r)
D:/enviroment/msys2/mingw64/bin/../lib/gcc/arm-none-eabi/13.3.0/../../../../arm-none-eabi/lib/thumb/v7e-m+fp/hard\libc_nano.a(libc_a-memset.o)
                              D:/enviroment/msys2/mingw64/bin/../lib/gcc/arm-none-eabi/13.3.0/../../../../arm-none-eabi/lib/thumb/v7e-m+fp/hard/crt0.o (memset)
D:/enviroment/msys2/mingw64/bin/../lib/gcc/arm-none-eabi/13.3.0/../../../../arm-none-eabi/lib/thumb/v7e-m+fp/hard\libc_nano.a(libc_a-closer.o)
                              D:/enviroment/msys2/mingw64/bin/../lib/gcc/arm-none-eabi/13.3.0/../../../../arm-none-eabi/lib/thumb/v7e-m+fp/hard\libc_nano.a(libc_a-stdio.o) (_close_r)
D:/enviroment/msys2/mingw64/bin/../lib/gcc/arm-none-eabi/13.3.0/../../../../arm-none-eabi/lib/thumb/v7e-m+fp/hard\libc_nano.a(libc_a-reent.o)
                              D:/enviroment/msys2/mingw64/bin/../lib/gcc/arm-none-eabi/13.3.0/../../../../arm-none-eabi/lib/thumb/v7e-m+fp/hard\libc_nano.a(libc_a-closer.o) (errno)
D:/enviroment/msys2/mingw64/bin/../lib/gcc/arm-none-eabi/13.3.0/../../../../arm-none-eabi/lib/thumb/v7e-m+fp/hard\libc_nano.a(libc_a-impure.o)
                              D:/enviroment/msys2/mingw64/bin/../lib/gcc/arm-none-eabi/13.3.0/../../../../arm-none-eabi/lib/thumb/v7e-m+fp/hard\libc_nano.a(libc_a-printf.o) (_impure_ptr)
D:/enviroment/msys2/mingw64/bin/../lib/gcc/arm-none-eabi/13.3.0/../../../../arm-none-eabi/lib/thumb/v7e-m+fp/hard\libc_nano.a(libc_a-lseekr.o)
                              D:/enviroment/msys2/mingw64/bin/../lib/gcc/arm-none-eabi/13.3.0/../../../../arm-none-eabi/lib/thumb/v7e-m+fp/hard\libc_nano.a(libc_a-stdio.o) (_lseek_r)
D:/enviroment/msys2/mingw64/bin/../lib/gcc/arm-none-eabi/13.3.0/../../../../arm-none-eabi/lib/thumb/v7e-m+fp/hard\libc_nano.a(libc_a-readr.o)
                              D:/enviroment/msys2/mingw64/bin/../lib/gcc/arm-none-eabi/13.3.0/../../../../arm-none-eabi/lib/thumb/v7e-m+fp/hard\libc_nano.a(libc_a-stdio.o) (_read_r)
D:/enviroment/msys2/mingw64/bin/../lib/gcc/arm-none-eabi/13.3.0/../../../../arm-none-eabi/lib/thumb/v7e-m+fp/hard\libc_nano.a(libc_a-writer.o)
                              D:/enviroment/msys2/mingw64/bin/../lib/gcc/arm-none-eabi/13.3.0/../../../../arm-none-eabi/lib/thumb/v7e-m+fp/hard\libc_nano.a(libc_a-stdio.o) (_write_r)
[...]
Memory Configuration

Name             Origin             Length             Attributes
RAM              0x20000000         0x00020000         xrw
FLASH            0x08000000         0x00040000         xr
*default*        0x00000000         0xffffffff

Linker script and memory map

LOAD D:/enviroment/msys2/mingw64/bin/../lib/gcc/arm-none-eabi/13.3.0/thumb/v7e-m+fp/hard/crti.o
LOAD D:/enviroment/msys2/mingw64/bin/../lib/gcc/arm-none-eabi/13.3.0/thumb/v7e-m+fp/hard/crtbegin.o
LOAD D:/enviroment/msys2/mingw64/bin/../lib/gcc/arm-none-eabi/13.3.0/../../../../arm-none-eabi/lib/thumb/v7e-m+fp/hard/crt0.o
LOAD build/main.o
LOAD build/gpio.o
LOAD build/can.o
LOAD build/stm32f4xx_it.o
LOAD build/stm32f4xx_hal_msp.o
LOAD build/stm32f4xx_hal_can.o
LOAD build/stm32f4xx_hal_rcc.o
LOAD build/stm32f4xx_hal_rcc_ex.o
LOAD build/stm32f4xx_hal_flash.o
LOAD build/stm32f4xx_hal_flash_ex.o
LOAD build/stm32f4xx_hal_flash_ramfunc.o
LOAD build/stm32f4xx_hal_gpio.o
LOAD build/stm32f4xx_hal_dma_ex.o
LOAD build/stm32f4xx_hal_dma.o
LOAD build/stm32f4xx_hal_pwr.o
LOAD build/stm32f4xx_hal_pwr_ex.o
LOAD build/stm32f4xx_hal_cortex.o
LOAD build/stm32f4xx_hal.o
LOAD build/stm32f4xx_hal_exti.o
LOAD build/system_stm32f4xx.o
LOAD build/dma.o
LOAD build/usart.o
LOAD build/stm32f4xx_hal_uart.o
LOAD build/bsp_can.o
LOAD build/dm_ctrl.o
LOAD build/dm_drv.o
LOAD build/remote_control.o
LOAD build/scheduler.o
LOAD build/task.o
LOAD build/kinematic_solver.o
LOAD build/coordinate_mapping.o
LOAD build/arm_control.o
LOAD build/mcu_config.o
LOAD build/can_driver.o
LOAD build/startup_stm32f446xx.o
LOAD D:/enviroment/msys2/mingw64/bin/../lib/gcc/arm-none-eabi/13.3.0/../../../../arm-none-eabi/lib/thumb/v7e-m+fp/hard\libc_nano.a
LOAD D:/enviroment/msys2/mingw64/bin/../lib/gcc/arm-none-eabi/13.3.0/../../../../arm-none-eabi/lib/thumb/v7e-m+fp/hard\libm.a
LOAD D:/enviroment/msys2/mingw64/bin/../lib/gcc/arm-none-eabi/13.3.0/../../../../arm-none-eabi/lib/thumb/v7e-m+fp/hard\libnosys.a
START GROUP
LOAD D:/enviroment/msys2/mingw64/bin/../lib/gcc/arm-none-eabi/13.3.0/thumb/v7e-m+fp/hard\libgcc.a
LOAD D:/enviroment/msys2/mingw64/bin/../lib/gcc/arm-none-eabi/13.3.0/../../../../arm-none-eabi/lib/thumb/v7e-m+fp/hard\libc_nano.a
END GROUP
START GROUP
LOAD D:/enviroment/msys2/mingw64/bin/../lib/gcc/arm-none-eabi/13.3.0/thumb/v7e-m+fp/hard\libgcc.a
LOAD D:/enviroment/msys2/mingw64/bin/../lib/gcc/arm-none-eabi/13.3.0/../../../../arm-none-eabi/lib/thumb/v7e-m+fp/hard\libc_nano.a
END GROUP
LOAD D:/enviroment/msys2/mingw64/bin/../lib/gcc/arm-none-eabi/13.3.0/thumb/v7e-m+fp/hard/crtend.o
LOAD D:/enviroment/msys2/mingw64/bin/../lib/gcc/arm-none-eabi/13.3.0/thumb/v7e-m+fp/hard/crtn.o
                0x20020000                        _estack = (ORIGIN (RAM) + LENGTH (RAM))
                0x00000200                        _Min_Heap_Size = 0x200
                0x00000400                        _Min_Stack_Size = 0x400

.isr_vector     0x08000000      0x1c4
                0x08000000                        . = ALIGN (0x4)
 *(.isr_vector)
 .isr_vector    0x08000000      0x1c4 build/startup_stm32f446xx.o
                0x08000000                g_pfnVectors
                0x080001c4                        . = ALIGN (0x4)

.text           0x080001c4     0x42e4
                0x080001c4                        . = ALIGN (0x4)
 *(.text)
 .text          0x080001c4       0xa4 D:/enviroment/msys2/mingw64/bin/../lib/gcc/arm-none-eabi/13.3.0/../../../../arm-none-eabi/lib/thumb/v7e-m+fp/hard\libc_nano.a(libc_a-memset.o)
                0x080001c4                memset
 .text          0x08000268       0x50 D:/enviroment/msys2/mingw64/bin/../lib/gcc/arm-none-eabi/13.3.0/../../../../arm-none-eabi/lib/thumb/v7e-m+fp/hard\libc_nano.a(libc_a-init.o)
                0x08000268                __libc_init_array
 .text          0x080002b8       0x58 D:/enviroment/msys2/mingw64/bin/../lib/gcc/arm-none-eabi/13.3.0/../../../../arm-none-eabi/lib/thumb/v7e-m+fp/hard\libm.a(libm_a-wf_acos.o)
                0x080002b8                acosf
 .text          0x08000310        0x4 D:/enviroment/msys2/mingw64/bin/../lib/gcc/arm-none-eabi/13.3.0/../../../../arm-none-eabi/lib/thumb/v7e-m+fp/hard\libm.a(libm_a-wf_atan2.o)
                0x08000310                atan2f
 .text          0x08000314       0x44 D:/enviroment/msys2/mingw64/bin/../lib/gcc/arm-none-eabi/13.3.0/../../../../arm-none-eabi/lib/thumb/v7e-m+fp/hard\libm.a(libm_a-wf_sqrt.o)
                0x08000314                sqrtf
 .text          0x08000358       0x70 D:/enviroment/msys2/mingw64/bin/../lib/gcc/arm-none-eabi/13.3.0/../../../../arm-none-eabi/lib/thumb/v7e-m+fp/hard\libm.a(libm_a-sf_cos.o)
                0x08000358                cosf
 .text          0x080003c8       0x10 D:/enviroment/msys2/mingw64/bin/../lib/gcc/arm-none-eabi/13.3.0/../../../../arm-none-eabi/lib/thumb/v7e-m+fp/hard\libm.a(libm_a-sf_fabs.o)
                0x080003c8                fabsf
 .text          0x080003d8       0x74 D:/enviroment/msys2/mingw64/bin/../lib/gcc/arm-none-eabi/13.3.0/../../../../arm-none-eabi/lib/thumb/v7e-m+fp/hard\libm.a(libm_a-sf_sin.o)
                0x080003d8                sinf
 .text          0x0800044c        0xc D:/enviroment/msys2/mingw64/bin/../lib/gcc/arm-none-eabi/13.3.0/../../../../arm-none-eabi/lib/thumb/v7e-m+fp/hard\libm.a(libm_a-sf_nan.o)
                0x0800044c                nanf
 .text          0x08000458       0x3c D:/enviroment/msys2/mingw64/bin/../lib/gcc/arm-none-eabi/13.3.0/../../../../arm-none-eabi/lib/thumb/v7e-m+fp/hard\libm.a(libm_a-sf_fmax.o)
                0x08000458                fmaxf
 .text          0x08000494       0x3c D:/enviroment/msys2/mingw64/bin/../lib/gcc/arm-none-eabi/13.3.0/../../../../arm-none-eabi/lib/thumb/v7e-m+fp/hard\libm.a(libm_a-sf_fmin.o)
                0x08000494                fminf
 .text          0x080004d0       0x38 D:/enviroment/msys2/mingw64/bin/../lib/gcc/arm-none-eabi/13.3.0/../../../../arm-none-eabi/lib/thumb/v7e-m+fp/hard\libm.a(libm_a-sf_fpclassify.o)
                0x080004d0                __fpclassifyf
 .text          0x08000508        0x8 D:/enviroment/msys2/mingw64/bin/../lib/gcc/arm-none-eabi/13.3.0/../../../../arm-none-eabi/lib/thumb/v7e-m+fp/hard\libm.a(libm_a-ef_sqrt.o)
                0x08000508                __ieee754_sqrtf
 .text          0x08000510      0x104 D:/enviroment/msys2/mingw64/bin/../lib/gcc/arm-none-eabi/13.3.0/../../../../arm-none-eabi/lib/thumb/v7e-m+fp/hard\libm.a(libm_a-kf_cos.o)
                0x08000510                __kernel_cosf
 .text          0x08000614       0x90 D:/enviroment/msys2/mingw64/bin/../lib/gcc/arm-none-eabi/13.3.0/../../../../arm-none-eabi/lib/thumb/v7e-m+fp/hard\libm.a(libm_a-kf_sin.o)
                0x08000614                __kernel_sinf
 .text          0x080006a4      0x244 D:/enviroment/msys2/mingw64/bin/../lib/gcc/arm-none-eabi/13.3.0/../../../../arm-none-eabi/lib/thumb/v7e-m+fp/hard\libm.a(libm_a-ef_acos.o)
                0x080006a4                __ieee754_acosf
 .text          0x080008e8      0x14c D:/enviroment/msys2/mingw64/bin/../lib/gcc/arm-none-eabi/13.3.0/../../../../arm-none-eabi/lib/thumb/v7e-m+fp/hard\libm.a(libm_a-ef_atan2.o)
                0x080008e8                __ieee754_atan2f
 .text          0x08000a34      0x260 D:/enviroment/msys2/mingw64/bin/../lib/gcc/arm-none-eabi/13.3.0/../../../../arm-none-eabi/lib/thumb/v7e-m+fp/hard\libm.a(libm_a-ef_rem_pio2.o)
                0x08000a34                __ieee754_rem_pio2f
 .text          0x08000c94      0x1a0 D:/enviroment/msys2/mingw64/bin/../lib/gcc/arm-none-eabi/13.3.0/../../../../arm-none-eabi/lib/thumb/v7e-m+fp/hard\libm.a(libm_a-sf_atan.o)
                0x08000c94                atanf
 .text          0x08000e34      0x63c D:/enviroment/msys2/mingw64/bin/../lib/gcc/arm-none-eabi/13.3.0/../../../../arm-none-eabi/lib/thumb/v7e-m+fp/hard\libm.a(libm_a-kf_rem_pio2.o)
                0x08000e34                __kernel_rem_pio2f
 .text          0x08001470       0xe4 D:/enviroment/msys2/mingw64/bin/../lib/gcc/arm-none-eabi/13.3.0/../../../../arm-none-eabi/lib/thumb/v7e-m+fp/hard\libm.a(libm_a-sf_scalbn.o)
                0x08001470                scalbnf
 .text          0x08001554       0x94 D:/enviroment/msys2/mingw64/bin/../lib/gcc/arm-none-eabi/13.3.0/../../../../arm-none-eabi/lib/thumb/v7e-m+fp/hard\libm.a(libm_a-sf_floor.o)
                0x08001554                floorf
 .text          0x080015e8       0x30 D:/enviroment/msys2/mingw64/bin/../lib/gcc/arm-none-eabi/13.3.0/thumb/v7e-m+fp/hard\libgcc.a(_aeabi_uldivmod.o)
                0x080015e8                __aeabi_uldivmod
 .text          0x08001618        0x4 D:/enviroment/msys2/mingw64/bin/../lib/gcc/arm-none-eabi/13.3.0/thumb/v7e-m+fp/hard\libgcc.a(_dvmd_tls.o)
                0x08001618                __aeabi_idiv0
                0x08001618                __aeabi_ldiv0
 .text          0x0800161c        0xc D:/enviroment/msys2/mingw64/bin/../lib/gcc/arm-none-eabi/13.3.0/../../../../arm-none-eabi/lib/thumb/v7e-m+fp/hard\libc_nano.a(libc_a-errno.o)
                0x0800161c                __errno
 *(.text*)
 .text.__do_global_dtors_aux
                0x08001628       0x24 D:/enviroment/msys2/mingw64/bin/../lib/gcc/arm-none-eabi/13.3.0/thumb/v7e-m+fp/hard/crtbegin.o
 .text.frame_dummy
                0x0800164c       0x1c D:/enviroment/msys2/mingw64/bin/../lib/gcc/arm-none-eabi/13.3.0/thumb/v7e-m+fp/hard/crtbegin.o
 .text.Error_Handler
                0x08001668        0x4 build/main.o
                0x08001668                Error_Handler
 .text.SystemClock_Config
                0x0800166c       0xa8 build/main.o
                0x0800166c                SystemClock_Config
 .text.main     0x08001714       0x28 build/main.o
                0x08001714                main
 .text.MX_GPIO_Init
                0x0800173c       0x60 build/gpio.o
                0x0800173c                MX_GPIO_Init
 .text.MX_CAN1_Init
                0x0800179c       0x40 build/can.o
                0x0800179c                MX_CAN1_Init
 .text.MX_CAN2_Init
                0x080017dc       0x40 build/can.o
                0x080017dc                MX_CAN2_Init
 .text.HAL_CAN_MspInit
                0x0800181c      0x144 build/can.o
                0x0800181c                HAL_CAN_MspInit
 .text.NMI_Handler
                0x08001960        0x2 build/stm32f4xx_it.o
                0x08001960                NMI_Handler
 .text.HardFault_Handler
                0x08001962        0x2 build/stm32f4xx_it.o
                0x08001962                HardFault_Handler
 .text.MemManage_Handler
                0x08001964        0x2 build/stm32f4xx_it.o
                0x08001964                MemManage_Handler
 .text.BusFault_Handler
                0x08001966        0x2 build/stm32f4xx_it.o
                0x08001966                BusFault_Handler
 .text.UsageFault_Handler
                0x08001968        0x2 build/stm32f4xx_it.o
                0x08001968                UsageFault_Handler
 .text.SVC_Handler
                0x0800196a        0x2 build/stm32f4xx_it.o
                0x0800196a                SVC_Handler
 .text.DebugMon_Handler
                0x0800196c        0x2 build/stm32f4xx_it.o
                0x0800196c                DebugMon_Handler
 .text.PendSV_Handler
                0x0800196e        0x2 build/stm32f4xx_it.o
                0x0800196e                PendSV_Handler
 .text.SysTick_Handler
                0x08001970       0x14 build/stm32f4xx_it.o
                0x08001970                SysTick_Handler
 .text.CAN1_RX0_IRQHandler
                0x08001984       0x10 build/stm32f4xx_it.o
                0x08001984                CAN1_RX0_IRQHandler
 .text.CAN1_RX1_IRQHandler
                0x08001994       0x10 build/stm32f4xx_it.o
                0x08001994                CAN1_RX1_IRQHandler
 .text.CAN2_RX0_IRQHandler
                0x080019a4       0x10 build/stm32f4xx_it.o
                0x080019a4                CAN2_RX0_IRQHandler
 .text.CAN2_RX1_IRQHandler
                0x080019b4       0x10 build/stm32f4xx_it.o
                0x080019b4                CAN2_RX1_IRQHandler
 .text.HAL_MspInit
                0x080019c4       0x38 build/stm32f4xx_hal_msp.o
                0x080019c4                HAL_MspInit
 .text.HAL_CAN_Init
                0x080019fc      0x14c build/stm32f4xx_hal_can.o
                0x080019fc                HAL_CAN_Init
 .text.HAL_CAN_ConfigFilter
                0x08001b48      0x138 build/stm32f4xx_hal_can.o
                0x08001b48                HAL_CAN_ConfigFilter
 .text.HAL_CAN_Start
                0x08001c80       0x5c build/stm32f4xx_hal_can.o
                0x08001c80                HAL_CAN_Start
 .text.HAL_CAN_AddTxMessage
                0x08001cdc       0xea build/stm32f4xx_hal_can.o
                0x08001cdc                HAL_CAN_AddTxMessage
 .text.HAL_CAN_GetRxMessage
                0x08001dc6      0x16a build/stm32f4xx_hal_can.o
                0x08001dc6                HAL_CAN_GetRxMessage
 .text.HAL_CAN_ActivateNotification
                0x08001f30       0x24 build/stm32f4xx_hal_can.o
                0x08001f30                HAL_CAN_ActivateNotification
 .text.HAL_CAN_TxMailbox0CompleteCallback
                0x08001f54        0x2 build/stm32f4xx_hal_can.o
                0x08001f54                HAL_CAN_TxMailbox0CompleteCallback
 .text.HAL_CAN_TxMailbox1CompleteCallback
                0x08001f56        0x2 build/stm32f4xx_hal_can.o
                0x08001f56                HAL_CAN_TxMailbox1CompleteCallback
 .text.HAL_CAN_TxMailbox2CompleteCallback
                0x08001f58        0x2 build/stm32f4xx_hal_can.o
                0x08001f58                HAL_CAN_TxMailbox2CompleteCallback
 .text.HAL_CAN_TxMailbox0AbortCallback
                0x08001f5a        0x2 build/stm32f4xx_hal_can.o
                0x08001f5a                HAL_CAN_TxMailbox0AbortCallback
 .text.HAL_CAN_TxMailbox1AbortCallback
                0x08001f5c        0x2 build/stm32f4xx_hal_can.o
                0x08001f5c                HAL_CAN_TxMailbox1AbortCallback
 .text.HAL_CAN_TxMailbox2AbortCallback
                0x08001f5e        0x2 build/stm32f4xx_hal_can.o
                0x08001f5e                HAL_CAN_TxMailbox2AbortCallback
 .text.HAL_CAN_RxFifo0FullCallback
                0x08001f60        0x2 build/stm32f4xx_hal_can.o
                0x08001f60                HAL_CAN_RxFifo0FullCallback
 .text.HAL_CAN_RxFifo1MsgPendingCallback
                0x08001f62        0x2 build/stm32f4xx_hal_can.o
                0x08001f62                HAL_CAN_RxFifo1MsgPendingCallback
 .text.HAL_CAN_RxFifo1FullCallback
                0x08001f64        0x2 build/stm32f4xx_hal_can.o
                0x08001f64                HAL_CAN_RxFifo1FullCallback
 .text.HAL_CAN_SleepCallback
                0x08001f66        0x2 build/stm32f4xx_hal_can.o
                0x08001f66                HAL_CAN_SleepCallback
 .text.HAL_CAN_WakeUpFromRxMsgCallback
                0x08001f68        0x2 build/stm32f4xx_hal_can.o
                0x08001f68                HAL_CAN_WakeUpFromRxMsgCallback
 .text.HAL_CAN_ErrorCallback
                0x08001f6a        0x2 build/stm32f4xx_hal_can.o
                0x08001f6a                HAL_CAN_ErrorCallback
 .text.HAL_CAN_IRQHandler
                0x08001f6c      0x250 build/stm32f4xx_hal_can.o
                0x08001f6c                HAL_CAN_IRQHandler
 .text.HAL_RCC_ClockConfig
                0x080021bc      0x160 build/stm32f4xx_hal_rcc.o
                0x080021bc                HAL_RCC_ClockConfig
 .text.HAL_RCC_GetHCLKFreq
                0x0800231c        0xc build/stm32f4xx_hal_rcc.o
                0x0800231c                HAL_RCC_GetHCLKFreq
 .text.HAL_RCC_GetPCLK1Freq
                0x08002328       0x20 build/stm32f4xx_hal_rcc.o
                0x08002328                HAL_RCC_GetPCLK1Freq
 .text.HAL_RCC_GetPCLK2Freq
                0x08002348       0x20 build/stm32f4xx_hal_rcc.o
                0x08002348                HAL_RCC_GetPCLK2Freq
 .text.HAL_RCC_GetSysClockFreq
                0x08002368      0x128 build/stm32f4xx_hal_rcc_ex.o
                0x08002368                HAL_RCC_GetSysClockFreq
 .text.HAL_RCC_OscConfig
                0x08002490      0x444 build/stm32f4xx_hal_rcc_ex.o
                0x08002490                HAL_RCC_OscConfig
 .text.HAL_GPIO_Init
                0x080028d4      0x1e0 build/stm32f4xx_hal_gpio.o
                0x080028d4                HAL_GPIO_Init
 .text.DMA_CalcBaseAndBitshift
                0x08002ab4       0x3c build/stm32f4xx_hal_dma.o
 .text.DMA_CheckFifoParam
                0x08002af0       0x8e build/stm32f4xx_hal_dma.o
 *fill*         0x08002b7e        0x2 
 .text.HAL_DMA_Init
                0x08002b80       0xcc build/stm32f4xx_hal_dma.o
                0x08002b80                HAL_DMA_Init
 .text.__NVIC_EnableIRQ
                0x08002c4c       0x1c build/stm32f4xx_hal_cortex.o
 .text.__NVIC_SetPriority
                0x08002c68       0x28 build/stm32f4xx_hal_cortex.o
 .text.NVIC_EncodePriority
                0x08002c90       0x3e build/stm32f4xx_hal_cortex.o
 *fill*         0x08002cce        0x2 
 .text.HAL_NVIC_SetPriorityGrouping
                0x08002cd0       0x24 build/stm32f4xx_hal_cortex.o
                0x08002cd0                HAL_NVIC_SetPriorityGrouping
 .text.HAL_NVIC_SetPriority
                0x08002cf4       0x20 build/stm32f4xx_hal_cortex.o
                0x08002cf4                HAL_NVIC_SetPriority
 .text.HAL_NVIC_EnableIRQ
                0x08002d14        0x8 build/stm32f4xx_hal_cortex.o
                0x08002d14                HAL_NVIC_EnableIRQ
 .text.HAL_SYSTICK_Config
                0x08002d1c       0x28 build/stm32f4xx_hal_cortex.o
                0x08002d1c                HAL_SYSTICK_Config
 .text.HAL_InitTick
                0x08002d44       0x4c build/stm32f4xx_hal.o
                0x08002d44                HAL_InitTick
 .text.HAL_Init
                0x08002d90       0x34 build/stm32f4xx_hal.o
                0x08002d90                HAL_Init
 .text.HAL_IncTick
                0x08002dc4       0x18 build/stm32f4xx_hal.o
                0x08002dc4                HAL_IncTick
 .text.HAL_GetTick
                0x08002ddc        0xc build/stm32f4xx_hal.o
                0x08002ddc                HAL_GetTick
 .text.SystemInit
                0x08002de8       0x14 build/system_stm32f4xx.o
                0x08002de8                SystemInit
 .text.MX_DMA_Init
                0x08002dfc       0x34 build/dma.o
                0x08002dfc                MX_DMA_Init
 .text.MX_USART3_UART_Init
                0x08002e30       0x3c build/usart.o
                0x08002e30                MX_USART3_UART_Init
 .text.HAL_UART_MspInit
                0x08002e6c      0x104 build/usart.o
                0x08002e6c                HAL_UART_MspInit
 .text.UART_SetConfig
                0x08002f70      0x110 build/stm32f4xx_hal_uart.o
 .text.HAL_UART_Init
                0x08003080       0x60 build/stm32f4xx_hal_uart.o
                0x08003080                HAL_UART_Init
 .text.can_filter_init
                0x080030e0       0x5c build/bsp_can.o
                0x080030e0                can_filter_init
 .text.can_bsp_init
                0x0800313c       0x30 build/bsp_can.o
                0x0800313c                can_bsp_init
 .text.canx_bsp_send_data
                0x0800316c       0x42 build/bsp_can.o
                0x0800316c                canx_bsp_send_data
 .text.canx_bsp_receive
                0x080031ae       0x22 build/bsp_can.o
                0x080031ae                canx_bsp_receive
 .text.can2_rx_callback
                0x080031d0        0x2 build/bsp_can.o
                0x080031d0                can2_rx_callback
 *fill*         0x080031d2        0x2 
 .text.HAL_CAN_RxFifo0MsgPendingCallback
                0x080031d4       0x28 build/bsp_can.o
                0x080031d4                HAL_CAN_RxFifo0MsgPendingCallback
 .text.dm4310_motor_init
                0x080031fc       0x3c build/dm_ctrl.o
                0x080031fc                dm4310_motor_init
 .text.ctrl_enable
                0x08003238       0x40 build/dm_ctrl.o
                0x08003238                ctrl_enable
 .text.ctrl_send
                0x08003278       0x38 build/dm_ctrl.o
                0x08003278                ctrl_send
 .text.can1_rx_callback
                0x080032b0       0x50 build/dm_ctrl.o
                0x080032b0                can1_rx_callback
 .text.dm4310_set
                0x08003300       0x16 build/dm_drv.o
                0x08003300                dm4310_set
 .text.float_to_uint
                0x08003316       0x28 build/dm_drv.o
                0x08003316                float_to_uint
 .text.uint_to_float
                0x0800333e       0x28 build/dm_drv.o
                0x0800333e                uint_to_float
 .text.dm4310_fbdata
                0x08003366       0x90 build/dm_drv.o
                0x08003366                dm4310_fbdata
 .text.enable_motor_mode
                0x080033f6       0x3a build/dm_drv.o
                0x080033f6                enable_motor_mode
 .text.dm4310_enable
                0x08003430       0x3e build/dm_drv.o
                0x08003430                dm4310_enable
 *fill*         0x0800346e        0x2 
 .text.mit_ctrl
                0x08003470       0xe8 build/dm_drv.o
                0x08003470                mit_ctrl
 .text.pos_speed_ctrl
                0x08003558       0x5e build/dm_drv.o
                0x08003558                pos_speed_ctrl
 .text.speed_ctrl
                0x080035b6       0x3a build/dm_drv.o
                0x080035b6                speed_ctrl
 .text.dm4310_ctrl_send
                0x080035f0       0x54 build/dm_drv.o
                0x080035f0                dm4310_ctrl_send
 .text.RC_init  0x08003644       0x68 build/remote_control.o
                0x08003644                RC_init
 .text.remote_control_init
                0x080036ac       0x14 build/remote_control.o
                0x080036ac                remote_control_init
 .text.Sbus_Data_Count
                0x080036c0      0x1b0 build/remote_control.o
                0x080036c0                Sbus_Data_Count
 .text.get_channel_raw_value
                0x08003870       0x48 build/remote_control.o
                0x08003870                get_channel_raw_value
 .text.USART3_IRQHandler
                0x080038b8       0xe4 build/remote_control.o
                0x080038b8                USART3_IRQHandler
 .text.remote_control_active
                0x0800399c        0x4 build/remote_control.o
                0x0800399c                remote_control_active
 .text.scheduler_init
                0x080039a0       0x4c build/scheduler.o
                0x080039a0                scheduler_init
 .text.create_task
                0x080039ec       0x8c build/scheduler.o
                0x080039ec                create_task
 .text.scheduler_run
                0x08003a78       0x8c build/scheduler.o
                0x08003a78                scheduler_run
 .text.task_1ms
                0x08003b04        0x2 build/task.o
                0x08003b04                task_1ms
 .text.task_5ms
                0x08003b06        0xa build/task.o
                0x08003b06                task_5ms
 .text.task_10ms
                0x08003b10        0x8 build/task.o
                0x08003b10                task_10ms
 .text.task_100ms
                0x08003b18       0x40 build/task.o
                0x08003b18                task_100ms
 .text.task_init
                0x08003b58       0x50 build/task.o
                0x08003b58                task_init
 .text.IK_Solve
                0x08003ba8      0x184 build/kinematic_solver.o
                0x08003ba8                IK_Solve
 .text.Mapping_Init
                0x08003d2c       0x20 build/coordinate_mapping.o
                0x08003d2c                Mapping_Init
 .text.Set_Stick_Channels
                0x08003d4c        0xc build/coordinate_mapping.o
                0x08003d4c                Set_Stick_Channels
 .text.Map_To_Cartesian
                0x08003d58      0x12c build/coordinate_mapping.o
                0x08003d58                Map_To_Cartesian
 .text.Smooth_Angle_Transition
                0x08003e84       0xc0 build/arm_control.o
 .text.ArmControl_Init
                0x08003f44       0x28 build/arm_control.o
                0x08003f44                ArmControl_Init
 .text.Set_Target_Position
                0x08003f6c       0x88 build/arm_control.o
                0x08003f6c                Set_Target_Position
 .text.Get_Current_Position
                0x08003ff4       0x8c build/arm_control.o
                0x08003ff4                Get_Current_Position
 .text.ArmControl_Update
                0x08004080       0xf0 build/arm_control.o
                0x08004080                ArmControl_Update
 .text.MCU_Init
                0x08004170       0x14 build/mcu_config.o
                0x08004170                MCU_Init
 .text.can_driver_init
                0x08004184        0x8 build/can_driver.o
                0x08004184                can_driver_init
 .text.canx_send_data
                0x0800418c        0x8 build/can_driver.o
                0x0800418c                canx_send_data
 .text.canx_receive_data
                0x08004194        0x8 build/can_driver.o
                0x08004194                canx_receive_data
 .text.Reset_Handler
                0x0800419c       0x50 build/startup_stm32f446xx.o
                0x0800419c                Reset_Handler
 .text.Default_Handler
                0x080041ec        0x2 build/startup_stm32f446xx.o
                0x080041ec                RTC_Alarm_IRQHandler
                0x080041ec                EXTI2_IRQHandler
                0x080041ec                TIM8_CC_IRQHandler
                0x080041ec                FMPI2C1_EV_IRQHandler
                0x080041ec                SPI4_IRQHandler
                0x080041ec                TIM1_CC_IRQHandler
                0x080041ec                DMA2_Stream5_IRQHandler
                0x080041ec                DMA1_Stream5_IRQHandler
                0x080041ec                PVD_IRQHandler
                0x080041ec                SDIO_IRQHandler
                0x080041ec                TAMP_STAMP_IRQHandler
                0x080041ec                EXTI3_IRQHandler
                0x080041ec                TIM8_TRG_COM_TIM14_IRQHandler
                0x080041ec                TIM1_UP_TIM10_IRQHandler
                0x080041ec                TIM8_UP_TIM13_IRQHandler
                0x080041ec                I2C3_ER_IRQHandler
                0x080041ec                EXTI0_IRQHandler
                0x080041ec                I2C2_EV_IRQHandler
                0x080041ec                DMA1_Stream2_IRQHandler
                0x080041ec                FPU_IRQHandler
                0x080041ec                OTG_HS_WKUP_IRQHandler
                0x080041ec                CAN2_SCE_IRQHandler
                0x080041ec                DMA2_Stream2_IRQHandler
                0x080041ec                SPI1_IRQHandler
                0x080041ec                TIM6_DAC_IRQHandler
                0x080041ec                TIM1_BRK_TIM9_IRQHandler
                0x080041ec                DCMI_IRQHandler
                0x080041ec                DMA2_Stream3_IRQHandler
                0x080041ec                SAI2_IRQHandler
                0x080041ec                USART6_IRQHandler
                0x080041ec                UART5_IRQHandler
                0x080041ec                DMA2_Stream0_IRQHandler
                0x080041ec                TIM4_IRQHandler
                0x080041ec                QUADSPI_IRQHandler
                0x080041ec                I2C1_EV_IRQHandler
                0x080041ec                DMA1_Stream6_IRQHandler
                0x080041ec                DMA1_Stream1_IRQHandler
                0x080041ec                UART4_IRQHandler
                0x080041ec                TIM3_IRQHandler
                0x080041ec                RCC_IRQHandler
                0x080041ec                TIM8_BRK_TIM12_IRQHandler
                0x080041ec                Default_Handler
                0x080041ec                CEC_IRQHandler
                0x080041ec                EXTI15_10_IRQHandler
                0x080041ec                ADC_IRQHandler
                0x080041ec                DMA1_Stream7_IRQHandler
                0x080041ec                TIM7_IRQHandler
                0x080041ec                CAN2_TX_IRQHandler
                0x080041ec                TIM5_IRQHandler
                0x080041ec                DMA2_Stream7_IRQHandler
                0x080041ec                I2C3_EV_IRQHandler
                0x080041ec                EXTI9_5_IRQHandler
                0x080041ec                RTC_WKUP_IRQHandler
                0x080041ec                SPDIF_RX_IRQHandler
                0x080041ec                SPI2_IRQHandler
                0x080041ec                OTG_HS_EP1_IN_IRQHandler
                0x080041ec                DMA1_Stream0_IRQHandler
                0x080041ec                CAN1_TX_IRQHandler
                0x080041ec                FMPI2C1_ER_IRQHandler
                0x080041ec                EXTI4_IRQHandler
                0x080041ec                OTG_HS_EP1_OUT_IRQHandler
                0x080041ec                WWDG_IRQHandler
                0x080041ec                TIM2_IRQHandler
                0x080041ec                OTG_FS_WKUP_IRQHandler
                0x080041ec                TIM1_TRG_COM_TIM11_IRQHandler
                0x080041ec                OTG_HS_IRQHandler
                0x080041ec                EXTI1_IRQHandler
                0x080041ec                USART2_IRQHandler
                0x080041ec                I2C2_ER_IRQHandler
                0x080041ec                DMA2_Stream1_IRQHandler
                0x080041ec                CAN1_SCE_IRQHandler
                0x080041ec                FLASH_IRQHandler
                0x080041ec                DMA2_Stream4_IRQHandler
                0x080041ec                USART1_IRQHandler
                0x080041ec                OTG_FS_IRQHandler
                0x080041ec                SPI3_IRQHandler
                0x080041ec                DMA1_Stream4_IRQHandler
                0x080041ec                I2C1_ER_IRQHandler
                0x080041ec                FMC_IRQHandler
                0x080041ec                DMA2_Stream6_IRQHandler
                0x080041ec                SAI1_IRQHandler
                0x080041ec                DMA1_Stream3_IRQHandler
 .text.__udivmoddi4
                0x080041ee      0x2a0 D:/enviroment/msys2/mingw64/bin/../lib/gcc/arm-none-eabi/13.3.0/thumb/v7e-m+fp/hard\libgcc.a(_udivmoddi4.o)
                0x080041ee                __udivmoddi4
 *(.glue_7)
 .glue_7        0x0800448e        0x0 linker stubs
 *(.glue_7t)
 .glue_7t       0x0800448e        0x0 linker stubs
 *(.eh_frame)
 *fill*         0x0800448e        0x2 
 .eh_frame      0x08004490        0x0 D:/enviroment/msys2/mingw64/bin/../lib/gcc/arm-none-eabi/13.3.0/thumb/v7e-m+fp/hard/crtbegin.o
 *(.init)
 .init          0x08004490        0x4 D:/enviroment/msys2/mingw64/bin/../lib/gcc/arm-none-eabi/13.3.0/thumb/v7e-m+fp/hard/crti.o
                0x08004490                _init
 .init          0x08004494        0x8 D:/enviroment/msys2/mingw64/bin/../lib/gcc/arm-none-eabi/13.3.0/thumb/v7e-m+fp/hard/crtn.o
 *(.fini)
 .fini          0x0800449c        0x4 D:/enviroment/msys2/mingw64/bin/../lib/gcc/arm-none-eabi/13.3.0/thumb/v7e-m+fp/hard/crti.o
                0x0800449c                _fini
 .fini          0x080044a0        0x8 D:/enviroment/msys2/mingw64/bin/../lib/gcc/arm-none-eabi/13.3.0/thumb/v7e-m+fp/hard/crtn.o
                0x080044a8                        . = ALIGN (0x4)
                0x080044a8                        _etext = .

.vfp11_veneer   0x080044a8        0x0
 .vfp11_veneer  0x080044a8        0x0 linker stubs

.v4_bx          0x080044a8        0x0
 .v4_bx         0x080044a8        0x0 linker stubs

.iplt           0x080044a8        0x0
 .iplt          0x080044a8        0x0 D:/enviroment/msys2/mingw64/bin/../lib/gcc/arm-none-eabi/13.3.0/thumb/v7e-m+fp/hard/crtbegin.o

.rodata         0x080044a8      0x494
                0x080044a8                        . = ALIGN (0x4)
 *(.rodata)
 .rodata        0x080044a8        0xc build/kinematic_solver.o
 .rodata        0x080044b4       0x18 D:/enviroment/msys2/mingw64/bin/../lib/gcc/arm-none-eabi/13.3.0/../../../../arm-none-eabi/lib/thumb/v7e-m+fp/hard\libm.a(libm_a-ef_atan2.o)
 .rodata        0x080044cc      0x398 D:/enviroment/msys2/mingw64/bin/../lib/gcc/arm-none-eabi/13.3.0/../../../../arm-none-eabi/lib/thumb/v7e-m+fp/hard\libm.a(libm_a-ef_rem_pio2.o)
 .rodata        0x08004864       0x20 D:/enviroment/msys2/mingw64/bin/../lib/gcc/arm-none-eabi/13.3.0/../../../../arm-none-eabi/lib/thumb/v7e-m+fp/hard\libm.a(libm_a-sf_atan.o)
 .rodata        0x08004884       0x38 D:/enviroment/msys2/mingw64/bin/../lib/gcc/arm-none-eabi/13.3.0/../../../../arm-none-eabi/lib/thumb/v7e-m+fp/hard\libm.a(libm_a-kf_rem_pio2.o)
 *(.rodata*)
 .rodata.flagBitshiftOffset.0
                0x080048bc        0x8 build/stm32f4xx_hal_dma.o
 .rodata.APBPrescTable
                0x080048c4        0x8 build/system_stm32f4xx.o
                0x080048c4                APBPrescTable
 .rodata.AHBPrescTable
                0x080048cc       0x10 build/system_stm32f4xx.o
                0x080048cc                AHBPrescTable
 .rodata.task_init.str1.4
                0x080048dc       0x47 build/task.o
 *fill*         0x08004923        0x1 
 .rodata.arm_config
                0x08004924       0x18 build/arm_control.o
 .rodata.str1.4
                0x0800493c        0x1 D:/enviroment/msys2/mingw64/bin/../lib/gcc/arm-none-eabi/13.3.0/../../../../arm-none-eabi/lib/thumb/v7e-m+fp/hard\libm.a(libm_a-wf_acos.o)
                0x08004940                        . = ALIGN (0x4)

.ARM.extab      0x0800493c        0x0
                0x0800493c                        . = ALIGN (0x4)
 *(.ARM.extab* .gnu.linkonce.armextab.*)
                0x0800493c                        . = ALIGN (0x4)

.ARM            0x0800493c        0x8
                0x0800493c                        . = ALIGN (0x4)
                0x0800493c                        __exidx_start = .
 *(.ARM.exidx*)
 .ARM.exidx.text.__udivmoddi4
                0x0800493c        0x8 D:/enviroment/msys2/mingw64/bin/../lib/gcc/arm-none-eabi/13.3.0/thumb/v7e-m+fp/hard\libgcc.a(_udivmoddi4.o)
                0x08004944                        __exidx_end = .
                0x08004944                        . = ALIGN (0x4)

.preinit_array  0x08004944        0x0
                0x08004944                        . = ALIGN (0x4)
                0x08004944                        PROVIDE (__preinit_array_start = .)
 *(.preinit_array*)
                0x08004944                        PROVIDE (__preinit_array_end = .)
                0x08004944                        . = ALIGN (0x4)

.init_array     0x08004944        0x4
                0x08004944                        . = ALIGN (0x4)
                0x08004944                        PROVIDE (__init_array_start = .)
 *(SORT_BY_NAME(.init_array.*))
 *(.init_array*)
 .init_array    0x08004944        0x4 D:/enviroment/msys2/mingw64/bin/../lib/gcc/arm-none-eabi/13.3.0/thumb/v7e-m+fp/hard/crtbegin.o
                0x08004948                        PROVIDE (__init_array_end = .)
                0x08004948                        . = ALIGN (0x4)

.fini_array     0x08004948        0x4
                0x08004948                        . = ALIGN (0x4)
                0x08004948                        PROVIDE (__fini_array_start = .)
 *(SORT_BY_NAME(.fini_array.*))
 *(.fini_array*)
 .fini_array    0x08004948        0x4 D:/enviroment/msys2/mingw64/bin/../lib/gcc/arm-none-eabi/13.3.0/thumb/v7e-m+fp/hard/crtbegin.o
                0x0800494c                        PROVIDE (__fini_array_end = .)
                0x0800494c                        . = ALIGN (0x4)
                0x0800494c                        _sidata = LOADADDR (.data)

.rel.dyn        0x0800494c        0x0
 .rel.iplt      0x0800494c        0x0 D:/enviroment/msys2/mingw64/bin/../lib/gcc/arm-none-eabi/13.3.0/thumb/v7e-m+fp/hard/crtbegin.o

.data           0x20000000       0x94 load address 0x0800494c
                0x20000000                        . = ALIGN (0x4)
                0x20000000                        _sdata = .
 *(.data)
 .data          0x20000000       0x50 D:/enviroment/msys2/mingw64/bin/../lib/gcc/arm-none-eabi/13.3.0/../../../../arm-none-eabi/lib/thumb/v7e-m+fp/hard\libc_nano.a(libc_a-impure.o)
                0x20000000                _impure_ptr
                0x20000004                _impure_data
 *(.data*)
 .data.uwTickFreq
                0x20000050        0x1 build/stm32f4xx_hal.o
                0x20000050                uwTickFreq
 *fill*         0x20000051        0x3 
 .data.uwTickPrio
                0x20000054        0x4 build/stm32f4xx_hal.o
                0x20000054                uwTickPrio
 .data.SystemCoreClock
                0x20000058        0x4 build/system_stm32f4xx.o
                0x20000058                SystemCoreClock
 .data.stick_config
                0x2000005c        0x2 build/coordinate_mapping.o
 *fill*         0x2000005e        0x2 
 .data.workspace_config
                0x20000060       0x14 build/coordinate_mapping.o
                0x20000060                workspace_config
 .data.target_angles
                0x20000074        0xc build/arm_control.o
 .data.current_angles
                0x20000080        0xc build/arm_control.o
 .data.current_target
                0x2000008c        0x8 build/arm_control.o
 *(.RamFunc)
 *(.RamFunc*)
                0x20000094                        . = ALIGN (0x4)
                0x20000094                        _edata = .

.igot.plt       0x20000094        0x0 load address 0x080049e0
 .igot.plt      0x20000094        0x0 D:/enviroment/msys2/mingw64/bin/../lib/gcc/arm-none-eabi/13.3.0/thumb/v7e-m+fp/hard/crtbegin.o
                0x20000094                        . = ALIGN (0x4)

.bss            0x20000094      0x49c load address 0x080049e0
                0x20000094                        _sbss = .
                0x20000094                        __bss_start__ = _sbss
 *(.bss)
 .bss           0x20000094      0x13c D:/enviroment/msys2/mingw64/bin/../lib/gcc/arm-none-eabi/13.3.0/../../../../arm-none-eabi/lib/thumb/v7e-m+fp/hard\libc_nano.a(libc_a-findfp.o)
                0x20000094                __sf
                0x200001cc                __stdio_exit_handler
 *(.bss*)
 .bss.completed.1
                0x200001d0        0x1 D:/enviroment/msys2/mingw64/bin/../lib/gcc/arm-none-eabi/13.3.0/thumb/v7e-m+fp/hard/crtbegin.o
 *fill*         0x200001d1        0x3 
 .bss.object.0  0x200001d4       0x18 D:/enviroment/msys2/mingw64/bin/../lib/gcc/arm-none-eabi/13.3.0/thumb/v7e-m+fp/hard/crtbegin.o
 .bss.HAL_RCC_CAN1_CLK_ENABLED
                0x200001ec        0x4 build/can.o
 .bss.hcan2     0x200001f0       0x28 build/can.o
                0x200001f0                hcan2
 .bss.hcan1     0x20000218       0x28 build/can.o
                0x20000218                hcan1
 .bss.uwTick    0x20000240        0x4 build/stm32f4xx_hal.o
                0x20000240                uwTick
 .bss.hdma_usart3_rx
                0x20000244       0x60 build/usart.o
                0x20000244                hdma_usart3_rx
 .bss.huart3    0x200002a4       0x48 build/usart.o
                0x200002a4                huart3
 .bss.motor     0x200002ec       0xd8 build/dm_ctrl.o
                0x200002ec                motor
 .bss.this_time_rx_len.0
                0x200003c4        0x2 build/remote_control.o
 *fill*         0x200003c6        0x2 
 .bss.rc_ctrl1  0x200003c8       0x10 build/remote_control.o
                0x200003c8                rc_ctrl1
 .bss.channels  0x200003d8       0x24 build/remote_control.o
                0x200003d8                channels
 .bss.sbus_rx_buf
                0x200003fc       0x64 build/remote_control.o
 .bss.last_run.0
                0x20000460        0x4 build/scheduler.o
 .bss.task_num  0x20000464        0x1 build/scheduler.o
                0x20000464                task_num
 *fill*         0x20000465        0x3 
 .bss.run_queue
                0x20000468       0xc0 build/scheduler.o
                0x20000468                run_queue
 .bss.sys_time  0x20000528        0x4 build/scheduler.o
                0x20000528                sys_time
 .bss.count.0   0x2000052c        0x1 build/task.o
 .bss.arm_state
                0x2000052d        0x1 build/arm_control.o
 *(COMMON)
                0x20000530                        . = ALIGN (0x4)
 *fill*         0x2000052e        0x2 
                0x20000530                        _ebss = .
                0x20000530                        __bss_end__ = _ebss

._user_heap_stack
                0x20000530      0x600 load address 0x080049e0
                0x20000530                        . = ALIGN (0x8)
                0x20000530                        PROVIDE (end = .)
                [!provide]                        PROVIDE (_end = .)
                0x20000730                        . = (. + _Min_Heap_Size)
 *fill*         0x20000530      0x200 
                0x20000b30                        . = (. + _Min_Stack_Size)
 *fill*         0x20000730      0x400 
                0x20000b30                        . = ALIGN (0x8)

/DISCARD/
 libc.a(*)
 libm.a(*)
 libgcc.a(*)
OUTPUT(build/drone_arm.elf elf32-littlearm)
LOAD linker stubs
LOAD D:/enviroment/msys2/mingw64/bin/../lib/gcc/arm-none-eabi/13.3.0/../../../../arm-none-eabi/lib/thumb/v7e-m+fp/hard\libc.a
LOAD D:/enviroment/msys2/mingw64/bin/../lib/gcc/arm-none-eabi/13.3.0/../../../../arm-none-eabi/lib/thumb/v7e-m+fp/hard\libm.a
LOAD D:/enviroment/msys2/mingw64/bin/../lib/gcc/arm-none-eabi/13.3.0/thumb/v7e-m+fp/hard\libgcc.a

.ARM.attributes
                0x00000000       0x30
 .ARM.attributes
                0x00000000       0x22 D:/enviroment/msys2/mingw64/bin/../lib/gcc/arm-none-eabi/13.3.0/thumb/v7e-m+fp/hard/crti.o
 .ARM.attributes
                0x00000022       0x34 D:/enviroment/msys2/mingw64/bin/../lib/gcc/arm-none-eabi/13.3.0/thumb/v7e-m+fp/hard/crtbegin.o
 .ARM.attributes
                0x00000056       0x34 build/main.o
 .ARM.attributes
                0x0000008a       0x34 build/gpio.o
 .ARM.attributes
                0x000000be       0x34 build/can.o
 .ARM.attributes
                0x000000f2       0x34 build/stm32f4xx_it.o
 .ARM.attributes
                0x00000126       0x34 build/stm32f4xx_hal_msp.o
 .ARM.attributes
                0x0000015a       0x34 build/stm32f4xx_hal_can.o
 .ARM.attributes
                0x0000018e       0x34 build/stm32f4xx_hal_rcc.o
 .ARM.attributes
                0x000001c2       0x34 build/stm32f4xx_hal_rcc_ex.o
 .ARM.attributes
                0x000001f6       0x34 build/stm32f4xx_hal_gpio.o
 .ARM.attributes
                0x0000022a       0x34 build/stm32f4xx_hal_dma.o
 .ARM.attributes
                0x0000025e       0x34 build/stm32f4xx_hal_cortex.o
 .ARM.attributes
                0x00000292       0x34 build/stm32f4xx_hal.o
 .ARM.attributes
                0x000002c6       0x34 build/system_stm32f4xx.o
 .ARM.attributes
                0x000002fa       0x34 build/dma.o
 .ARM.attributes
                0x0000032e       0x34 build/usart.o
 .ARM.attributes
                0x00000362       0x34 build/stm32f4xx_hal_uart.o
 .ARM.attributes
                0x00000396       0x34 build/bsp_can.o
 .ARM.attributes
                0x000003ca       0x34 build/dm_ctrl.o
 .ARM.attributes
                0x000003fe       0x34 build/dm_drv.o
 .ARM.attributes
                0x00000432       0x34 build/remote_control.o
 .ARM.attributes
                0x00000466       0x34 build/scheduler.o
 .ARM.attributes
                0x0000049a       0x34 build/task.o
 .ARM.attributes
                0x000004ce       0x34 build/kinematic_solver.o
 .ARM.attributes
                0x00000502       0x34 build/coordinate_mapping.o
 .ARM.attributes
                0x00000536       0x34 build/arm_control.o
 .ARM.attributes
                0x0000056a       0x34 build/mcu_config.o
 .ARM.attributes
                0x0000059e       0x34 build/can_driver.o
 .ARM.attributes
                0x000005d2       0x21 build/startup_stm32f446xx.o
 .ARM.attributes
                0x000005f3       0x34 D:/enviroment/msys2/mingw64/bin/../lib/gcc/arm-none-eabi/13.3.0/../../../../arm-none-eabi/lib/thumb/v7e-m+fp/hard\libc_nano.a(libc_a-findfp.o)
 .ARM.attributes
                0x00000627       0x34 D:/enviroment/msys2/mingw64/bin/../lib/gcc/arm-none-eabi/13.3.0/../../../../arm-none-eabi/lib/thumb/v7e-m+fp/hard\libc_nano.a(libc_a-memset.o)
 .ARM.attributes
                0x0000065b       0x34 D:/enviroment/msys2/mingw64/bin/../lib/gcc/arm-none-eabi/13.3.0/../../../../arm-none-eabi/lib/thumb/v7e-m+fp/hard\libc_nano.a(libc_a-impure.o)
 .ARM.attributes
                0x0000068f       0x34 D:/enviroment/msys2/mingw64/bin/../lib/gcc/arm-none-eabi/13.3.0/../../../../arm-none-eabi/lib/thumb/v7e-m+fp/hard\libc_nano.a(libc_a-init.o)
 .ARM.attributes
                0x000006c3       0x34 D:/enviroment/msys2/mingw64/bin/../lib/gcc/arm-none-eabi/13.3.0/../../../../arm-none-eabi/lib/thumb/v7e-m+fp/hard\libm.a(libm_a-wf_acos.o)
 .ARM.attributes
                0x000006f7       0x34 D:/enviroment/msys2/mingw64/bin/../lib/gcc/arm-none-eabi/13.3.0/../../../../arm-none-eabi/lib/thumb/v7e-m+fp/hard\libm.a(libm_a-wf_atan2.o)
 .ARM.attributes
                0x0000072b       0x34 D:/enviroment/msys2/mingw64/bin/../lib/gcc/arm-none-eabi/13.3.0/../../../../arm-none-eabi/lib/thumb/v7e-m+fp/hard\libm.a(libm_a-wf_sqrt.o)
 .ARM.attributes
                0x0000075f       0x34 D:/enviroment/msys2/mingw64/bin/../lib/gcc/arm-none-eabi/13.3.0/../../../../arm-none-eabi/lib/thumb/v7e-m+fp/hard\libm.a(libm_a-sf_cos.o)
 .ARM.attributes
                0x00000793       0x34 D:/enviroment/msys2/mingw64/bin/../lib/gcc/arm-none-eabi/13.3.0/../../../../arm-none-eabi/lib/thumb/v7e-m+fp/hard\libm.a(libm_a-sf_fabs.o)
 .ARM.attributes
                0x000007c7       0x34 D:/enviroment/msys2/mingw64/bin/../lib/gcc/arm-none-eabi/13.3.0/../../../../arm-none-eabi/lib/thumb/v7e-m+fp/hard\libm.a(libm_a-sf_sin.o)
 .ARM.attributes
                0x000007fb       0x34 D:/enviroment/msys2/mingw64/bin/../lib/gcc/arm-none-eabi/13.3.0/../../../../arm-none-eabi/lib/thumb/v7e-m+fp/hard\libm.a(libm_a-sf_nan.o)
 .ARM.attributes
                0x0000082f       0x34 D:/enviroment/msys2/mingw64/bin/../lib/gcc/arm-none-eabi/13.3.0/../../../../arm-none-eabi/lib/thumb/v7e-m+fp/hard\libm.a(libm_a-sf_fmax.o)
 .ARM.attributes
                0x00000863       0x34 D:/enviroment/msys2/mingw64/bin/../lib/gcc/arm-none-eabi/13.3.0/../../../../arm-none-eabi/lib/thumb/v7e-m+fp/hard\libm.a(libm_a-sf_fmin.o)
 .ARM.attributes
                0x00000897       0x34 D:/enviroment/msys2/mingw64/bin/../lib/gcc/arm-none-eabi/13.3.0/../../../../arm-none-eabi/lib/thumb/v7e-m+fp/hard\libm.a(libm_a-sf_fpclassify.o)
 .ARM.attributes
                0x000008cb       0x34 D:/enviroment/msys2/mingw64/bin/../lib/gcc/arm-none-eabi/13.3.0/../../../../arm-none-eabi/lib/thumb/v7e-m+fp/hard\libm.a(libm_a-ef_sqrt.o)
 .ARM.attributes
                0x000008ff       0x34 D:/enviroment/msys2/mingw64/bin/../lib/gcc/arm-none-eabi/13.3.0/../../../../arm-none-eabi/lib/thumb/v7e-m+fp/hard\libm.a(libm_a-kf_cos.o)
 .ARM.attributes
                0x00000933       0x34 D:/enviroment/msys2/mingw64/bin/../lib/gcc/arm-none-eabi/13.3.0/../../../../arm-none-eabi/lib/thumb/v7e-m+fp/hard\libm.a(libm_a-kf_sin.o)
 .ARM.attributes
                0x00000967       0x34 D:/enviroment/msys2/mingw64/bin/../lib/gcc/arm-none-eabi/13.3.0/../../../../arm-none-eabi/lib/thumb/v7e-m+fp/hard\libm.a(libm_a-ef_acos.o)
 .ARM.attributes
                0x0000099b       0x34 D:/enviroment/msys2/mingw64/bin/../lib/gcc/arm-none-eabi/13.3.0/../../../../arm-none-eabi/lib/thumb/v7e-m+fp/hard\libm.a(libm_a-ef_atan2.o)
 .ARM.attributes
                0x000009cf       0x34 D:/enviroment/msys2/mingw64/bin/../lib/gcc/arm-none-eabi/13.3.0/../../../../arm-none-eabi/lib/thumb/v7e-m+fp/hard\libm.a(libm_a-ef_rem_pio2.o)
 .ARM.attributes
                0x00000a03       0x34 D:/enviroment/msys2/mingw64/bin/../lib/gcc/arm-none-eabi/13.3.0/../../../../arm-none-eabi/lib/thumb/v7e-m+fp/hard\libm.a(libm_a-sf_atan.o)
 .ARM.attributes
                0x00000a37       0x34 D:/enviroment/msys2/mingw64/bin/../lib/gcc/arm-none-eabi/13.3.0/../../../../arm-none-eabi/lib/thumb/v7e-m+fp/hard\libm.a(libm_a-kf_rem_pio2.o)
 .ARM.attributes
                0x00000a6b       0x34 D:/enviroment/msys2/mingw64/bin/../lib/gcc/arm-none-eabi/13.3.0/../../../../arm-none-eabi/lib/thumb/v7e-m+fp/hard\libm.a(libm_a-sf_scalbn.o)
 .ARM.attributes
                0x00000a9f       0x34 D:/enviroment/msys2/mingw64/bin/../lib/gcc/arm-none-eabi/13.3.0/../../../../arm-none-eabi/lib/thumb/v7e-m+fp/hard\libm.a(libm_a-sf_floor.o)
 .ARM.attributes
                0x00000ad3       0x22 D:/enviroment/msys2/mingw64/bin/../lib/gcc/arm-none-eabi/13.3.0/thumb/v7e-m+fp/hard\libgcc.a(_aeabi_uldivmod.o)
 .ARM.attributes
                0x00000af5       0x34 D:/enviroment/msys2/mingw64/bin/../lib/gcc/arm-none-eabi/13.3.0/thumb/v7e-m+fp/hard\libgcc.a(_udivmoddi4.o)
 .ARM.attributes
                0x00000b29       0x22 D:/enviroment/msys2/mingw64/bin/../lib/gcc/arm-none-eabi/13.3.0/thumb/v7e-m+fp/hard\libgcc.a(_dvmd_tls.o)
 .ARM.attributes
                0x00000b4b       0x34 D:/enviroment/msys2/mingw64/bin/../lib/gcc/arm-none-eabi/13.3.0/../../../../arm-none-eabi/lib/thumb/v7e-m+fp/hard\libc_nano.a(libc_a-errno.o)
 .ARM.attributes
                0x00000b7f       0x22 D:/enviroment/msys2/mingw64/bin/../lib/gcc/arm-none-eabi/13.3.0/thumb/v7e-m+fp/hard/crtn.o

.comment        0x00000000       0x12
 .comment       0x00000000       0x12 build/main.o
                                 0x13 (size before relaxing)
 .comment       0x00000012       0x13 build/gpio.o
 .comment       0x00000012       0x13 build/can.o
 .comment       0x00000012       0x13 build/stm32f4xx_it.o
 .comment       0x00000012       0x13 build/stm32f4xx_hal_msp.o
 .comment       0x00000012       0x13 build/stm32f4xx_hal_can.o
 .comment       0x00000012       0x13 build/stm32f4xx_hal_rcc.o
 .comment       0x00000012       0x13 build/stm32f4xx_hal_rcc_ex.o
 .comment       0x00000012       0x13 build/stm32f4xx_hal_gpio.o
 .comment       0x00000012       0x13 build/stm32f4xx_hal_dma.o
 .comment       0x00000012       0x13 build/stm32f4xx_hal_cortex.o
 .comment       0x00000012       0x13 build/stm32f4xx_hal.o
 .comment       0x00000012       0x13 build/system_stm32f4xx.o
 .comment       0x00000012       0x13 build/dma.o
 .comment       0x00000012       0x13 build/usart.o
 .comment       0x00000012       0x13 build/stm32f4xx_hal_uart.o
 .comment       0x00000012       0x13 build/bsp_can.o
 .comment       0x00000012       0x13 build/dm_ctrl.o
 .comment       0x00000012       0x13 build/dm_drv.o
 .comment       0x00000012       0x13 build/remote_control.o
 .comment       0x00000012       0x13 build/scheduler.o
 .comment       0x00000012       0x13 build/task.o
 .comment       0x00000012       0x13 build/kinematic_solver.o
 .comment       0x00000012       0x13 build/coordinate_mapping.o
 .comment       0x00000012       0x13 build/arm_control.o
 .comment       0x00000012       0x13 build/mcu_config.o
 .comment       0x00000012       0x13 build/can_driver.o
 .comment       0x00000012       0x13 D:/enviroment/msys2/mingw64/bin/../lib/gcc/arm-none-eabi/13.3.0/../../../../arm-none-eabi/lib/thumb/v7e-m+fp/hard\libc_nano.a(libc_a-findfp.o)
 .comment       0x00000012       0x13 D:/enviroment/msys2/mingw64/bin/../lib/gcc/arm-none-eabi/13.3.0/../../../../arm-none-eabi/lib/thumb/v7e-m+fp/hard\libc_nano.a(libc_a-memset.o)
 .comment       0x00000012       0x13 D:/enviroment/msys2/mingw64/bin/../lib/gcc/arm-none-eabi/13.3.0/../../../../arm-none-eabi/lib/thumb/v7e-m+fp/hard\libc_nano.a(libc_a-impure.o)
 .comment       0x00000012       0x13 D:/enviroment/msys2/mingw64/bin/../lib/gcc/arm-none-eabi/13.3.0/../../../../arm-none-eabi/lib/thumb/v7e-m+fp/hard\libc_nano.a(libc_a-init.o)
 .comment       0x00000012       0x13 D:/enviroment/msys2/mingw64/bin/../lib/gcc/arm-none-eabi/13.3.0/thumb/v7e-m+fp/hard\libgcc.a(_udivmoddi4.o)
 .comment       0x00000012       0x13 D:/enviroment/msys2/mingw64/bin/../lib/gcc/arm-none-eabi/13.3.0/../../../../arm-none-eabi/lib/thumb/v7e-m+fp/hard\libc_nano.a(libc_a-errno.o)

.debug_info     0x00000000    0x16761
 .debug_info    0x00000000      0x70e build/main.o
 .debug_info    0x0000070e      0x369 build/gpio.o
 .debug_info    0x00000a77      0xee7 build/can.o
 .debug_info    0x0000195e      0x695 build/stm32f4xx_it.o
 .debug_info    0x00001ff3      0x32f build/stm32f4xx_hal_msp.o
 .debug_info    0x00002322     0x13d5 build/stm32f4xx_hal_can.o
 .debug_info    0x000036f7      0xc73 build/stm32f4xx_hal_rcc.o
 .debug_info    0x0000436a      0xddc build/stm32f4xx_hal_rcc_ex.o
 .debug_info    0x00005146      0x8ac build/stm32f4xx_hal_gpio.o
 .debug_info    0x000059f2      0xbce build/stm32f4xx_hal_dma.o
 .debug_info    0x000065c0     0x11fe build/stm32f4xx_hal_cortex.o
 .debug_info    0x000077be      0xb5c build/stm32f4xx_hal.o
 .debug_info    0x0000831a      0x5f7 build/system_stm32f4xx.o
 .debug_info    0x00008911      0x5c7 build/dma.o
 .debug_info    0x00008ed8      0xf06 build/usart.o
 .debug_info    0x00009dde     0x43b5 build/stm32f4xx_hal_uart.o
 .debug_info    0x0000e193      0xaff build/bsp_can.o
 .debug_info    0x0000ec92      0xb87 build/dm_ctrl.o
 .debug_info    0x0000f819     0x1259 build/dm_drv.o
 .debug_info    0x00010a72      0xbce build/remote_control.o
 .debug_info    0x00011640      0x512 build/scheduler.o
 .debug_info    0x00011b52      0x552 build/task.o
 .debug_info    0x000120a4      0x42d build/kinematic_solver.o
 .debug_info    0x000124d1      0x3d4 build/coordinate_mapping.o
 .debug_info    0x000128a5      0x995 build/arm_control.o
 .debug_info    0x0001323a       0xed build/mcu_config.o
 .debug_info    0x00013327      0xb93 build/can_driver.o
 .debug_info    0x00013eba       0x30 build/startup_stm32f446xx.o
 .debug_info    0x00013eea     0x10c4 D:/enviroment/msys2/mingw64/bin/../lib/gcc/arm-none-eabi/13.3.0/../../../../arm-none-eabi/lib/thumb/v7e-m+fp/hard\libc_nano.a(libc_a-findfp.o)
 .debug_info    0x00014fae      0x135 D:/enviroment/msys2/mingw64/bin/../lib/gcc/arm-none-eabi/13.3.0/../../../../arm-none-eabi/lib/thumb/v7e-m+fp/hard\libc_nano.a(libc_a-memset.o)
 .debug_info    0x000150e3      0x715 D:/enviroment/msys2/mingw64/bin/../lib/gcc/arm-none-eabi/13.3.0/../../../../arm-none-eabi/lib/thumb/v7e-m+fp/hard\libc_nano.a(libc_a-impure.o)
 .debug_info    0x000157f8      0x10b D:/enviroment/msys2/mingw64/bin/../lib/gcc/arm-none-eabi/13.3.0/../../../../arm-none-eabi/lib/thumb/v7e-m+fp/hard\libc_nano.a(libc_a-init.o)
 .debug_info    0x00015903       0x24 D:/enviroment/msys2/mingw64/bin/../lib/gcc/arm-none-eabi/13.3.0/thumb/v7e-m+fp/hard\libgcc.a(_aeabi_uldivmod.o)
 .debug_info    0x00015927      0x703 D:/enviroment/msys2/mingw64/bin/../lib/gcc/arm-none-eabi/13.3.0/thumb/v7e-m+fp/hard\libgcc.a(_udivmoddi4.o)
 .debug_info    0x0001602a       0x3c D:/enviroment/msys2/mingw64/bin/../lib/gcc/arm-none-eabi/13.3.0/thumb/v7e-m+fp/hard\libgcc.a(_dvmd_tls.o)
 .debug_info    0x00016066      0x6fb D:/enviroment/msys2/mingw64/bin/../lib/gcc/arm-none-eabi/13.3.0/../../../../arm-none-eabi/lib/thumb/v7e-m+fp/hard\libc_nano.a(libc_a-errno.o)

.debug_abbrev   0x00000000     0x422b
 .debug_abbrev  0x00000000      0x206 build/main.o
 .debug_abbrev  0x00000206       0xd3 build/gpio.o
 .debug_abbrev  0x000002d9      0x214 build/can.o
 .debug_abbrev  0x000004ed      0x16d build/stm32f4xx_it.o
 .debug_abbrev  0x0000065a       0xd3 build/stm32f4xx_hal_msp.o
 .debug_abbrev  0x0000072d      0x2a2 build/stm32f4xx_hal_can.o
 .debug_abbrev  0x000009cf      0x2de build/stm32f4xx_hal_rcc.o
 .debug_abbrev  0x00000cad      0x266 build/stm32f4xx_hal_rcc_ex.o
 .debug_abbrev  0x00000f13      0x22b build/stm32f4xx_hal_gpio.o
 .debug_abbrev  0x0000113e      0x2fe build/stm32f4xx_hal_dma.o
 .debug_abbrev  0x0000143c      0x3ca build/stm32f4xx_hal_cortex.o
 .debug_abbrev  0x00001806      0x244 build/stm32f4xx_hal.o
 .debug_abbrev  0x00001a4a      0x11b build/system_stm32f4xx.o
 .debug_abbrev  0x00001b65      0x12f build/dma.o
 .debug_abbrev  0x00001c94      0x240 build/usart.o
 .debug_abbrev  0x00001ed4      0x366 build/stm32f4xx_hal_uart.o
 .debug_abbrev  0x0000223a      0x1f8 build/bsp_can.o
 .debug_abbrev  0x00002432      0x1c6 build/dm_ctrl.o
 .debug_abbrev  0x000025f8      0x294 build/dm_drv.o
 .debug_abbrev  0x0000288c      0x2cd build/remote_control.o
 .debug_abbrev  0x00002b59      0x292 build/scheduler.o
 .debug_abbrev  0x00002deb      0x1c1 build/task.o
 .debug_abbrev  0x00002fac      0x148 build/kinematic_solver.o
 .debug_abbrev  0x000030f4      0x1d5 build/coordinate_mapping.o
 .debug_abbrev  0x000032c9      0x257 build/arm_control.o
 .debug_abbrev  0x00003520       0x64 build/mcu_config.o
 .debug_abbrev  0x00003584      0x279 build/can_driver.o
 .debug_abbrev  0x000037fd       0x1d build/startup_stm32f446xx.o
 .debug_abbrev  0x0000381a      0x446 D:/enviroment/msys2/mingw64/bin/../lib/gcc/arm-none-eabi/13.3.0/../../../../arm-none-eabi/lib/thumb/v7e-m+fp/hard\libc_nano.a(libc_a-findfp.o)
 .debug_abbrev  0x00003c60       0xb7 D:/enviroment/msys2/mingw64/bin/../lib/gcc/arm-none-eabi/13.3.0/../../../../arm-none-eabi/lib/thumb/v7e-m+fp/hard\libc_nano.a(libc_a-memset.o)
 .debug_abbrev  0x00003d17      0x149 D:/enviroment/msys2/mingw64/bin/../lib/gcc/arm-none-eabi/13.3.0/../../../../arm-none-eabi/lib/thumb/v7e-m+fp/hard\libc_nano.a(libc_a-impure.o)
 .debug_abbrev  0x00003e60       0xc9 D:/enviroment/msys2/mingw64/bin/../lib/gcc/arm-none-eabi/13.3.0/../../../../arm-none-eabi/lib/thumb/v7e-m+fp/hard\libc_nano.a(libc_a-init.o)
 .debug_abbrev  0x00003f29       0x14 D:/enviroment/msys2/mingw64/bin/../lib/gcc/arm-none-eabi/13.3.0/thumb/v7e-m+fp/hard\libgcc.a(_aeabi_uldivmod.o)
 .debug_abbrev  0x00003f3d      0x16a D:/enviroment/msys2/mingw64/bin/../lib/gcc/arm-none-eabi/13.3.0/thumb/v7e-m+fp/hard\libgcc.a(_udivmoddi4.o)
 .debug_abbrev  0x000040a7       0x26 D:/enviroment/msys2/mingw64/bin/../lib/gcc/arm-none-eabi/13.3.0/thumb/v7e-m+fp/hard\libgcc.a(_dvmd_tls.o)
 .debug_abbrev  0x000040cd      0x15e D:/enviroment/msys2/mingw64/bin/../lib/gcc/arm-none-eabi/13.3.0/../../../../arm-none-eabi/lib/thumb/v7e-m+fp/hard\libc_nano.a(libc_a-errno.o)

.debug_loc      0x00000000     0xc39b
 .debug_loc     0x00000000       0x66 build/main.o
 .debug_loc     0x00000066       0x2c build/gpio.o
 .debug_loc     0x00000092      0x193 build/can.o
 .debug_loc     0x00000225       0xa0 build/stm32f4xx_it.o
 .debug_loc     0x000002c5       0x2c build/stm32f4xx_hal_msp.o
 .debug_loc     0x000002f1     0x10d3 build/stm32f4xx_hal_can.o
 .debug_loc     0x000013c4      0x720 build/stm32f4xx_hal_rcc.o
 .debug_loc     0x00001ae4     0x101f build/stm32f4xx_hal_rcc_ex.o
 .debug_loc     0x00002b03      0x60b build/stm32f4xx_hal_gpio.o
 .debug_loc     0x0000310e      0xe9a build/stm32f4xx_hal_dma.o
 .debug_loc     0x00003fa8      0x8ff build/stm32f4xx_hal_cortex.o
 .debug_loc     0x000048a7      0x1f9 build/stm32f4xx_hal.o
 .debug_loc     0x00004aa0       0xbd build/system_stm32f4xx.o
 .debug_loc     0x00004b5d       0x38 build/dma.o
 .debug_loc     0x00004b95      0x103 build/usart.o
 .debug_loc     0x00004c98     0x5040 build/stm32f4xx_hal_uart.o
 .debug_loc     0x00009cd8      0x277 build/bsp_can.o
 .debug_loc     0x00009f4f      0x280 build/dm_ctrl.o
 .debug_loc     0x0000a1cf      0xde0 build/dm_drv.o
 .debug_loc     0x0000afaf      0x3ac build/remote_control.o
 .debug_loc     0x0000b35b      0x332 build/scheduler.o
 .debug_loc     0x0000b68d       0x98 build/task.o
 .debug_loc     0x0000b725      0x369 build/kinematic_solver.o
 .debug_loc     0x0000ba8e      0x144 build/coordinate_mapping.o
 .debug_loc     0x0000bbd2      0x1ee build/arm_control.o
 .debug_loc     0x0000bdc0       0x20 build/mcu_config.o
 .debug_loc     0x0000bde0      0x5bb build/can_driver.o

.debug_aranges  0x00000000      0xd28
 .debug_aranges
                0x00000000       0x30 build/main.o
 .debug_aranges
                0x00000030       0x20 build/gpio.o
 .debug_aranges
                0x00000050       0x38 build/can.o
 .debug_aranges
                0x00000088       0x80 build/stm32f4xx_it.o
 .debug_aranges
                0x00000108       0x20 build/stm32f4xx_hal_msp.o
 .debug_aranges
                0x00000128      0x138 build/stm32f4xx_hal_can.o
 .debug_aranges
                0x00000260       0x88 build/stm32f4xx_hal_rcc.o
 .debug_aranges
                0x000002e8       0x78 build/stm32f4xx_hal_rcc_ex.o
 .debug_aranges
                0x00000360       0x58 build/stm32f4xx_hal_gpio.o
 .debug_aranges
                0x000003b8       0x90 build/stm32f4xx_hal_dma.o
 .debug_aranges
                0x00000448       0xf8 build/stm32f4xx_hal_cortex.o
 .debug_aranges
                0x00000540       0xf0 build/stm32f4xx_hal.o
 .debug_aranges
                0x00000630       0x28 build/system_stm32f4xx.o
 .debug_aranges
                0x00000658       0x20 build/dma.o
 .debug_aranges
                0x00000678       0x30 build/usart.o
 .debug_aranges
                0x000006a8      0x208 build/stm32f4xx_hal_uart.o
 .debug_aranges
                0x000008b0       0x50 build/bsp_can.o
 .debug_aranges
                0x00000900       0x58 build/dm_ctrl.o
 .debug_aranges
                0x00000958       0x98 build/dm_drv.o
 .debug_aranges
                0x000009f0       0x60 build/remote_control.o
 .debug_aranges
                0x00000a50       0x40 build/scheduler.o
 .debug_aranges
                0x00000a90       0x50 build/task.o
 .debug_aranges
                0x00000ae0       0x20 build/kinematic_solver.o
 .debug_aranges
                0x00000b00       0x30 build/coordinate_mapping.o
 .debug_aranges
                0x00000b30       0x48 build/arm_control.o
 .debug_aranges
                0x00000b78       0x20 build/mcu_config.o
 .debug_aranges
                0x00000b98       0x70 build/can_driver.o
 .debug_aranges
                0x00000c08       0x28 build/startup_stm32f446xx.o
 .debug_aranges
                0x00000c30       0x20 D:/enviroment/msys2/mingw64/bin/../lib/gcc/arm-none-eabi/13.3.0/../../../../arm-none-eabi/lib/thumb/v7e-m+fp/hard\libc_nano.a(libc_a-findfp.o)
 .debug_aranges
                0x00000c50       0x20 D:/enviroment/msys2/mingw64/bin/../lib/gcc/arm-none-eabi/13.3.0/../../../../arm-none-eabi/lib/thumb/v7e-m+fp/hard\libc_nano.a(libc_a-memset.o)
 .debug_aranges
                0x00000c70       0x18 D:/enviroment/msys2/mingw64/bin/../lib/gcc/arm-none-eabi/13.3.0/../../../../arm-none-eabi/lib/thumb/v7e-m+fp/hard\libc_nano.a(libc_a-impure.o)
 .debug_aranges
                0x00000c88       0x20 D:/enviroment/msys2/mingw64/bin/../lib/gcc/arm-none-eabi/13.3.0/../../../../arm-none-eabi/lib/thumb/v7e-m+fp/hard\libc_nano.a(libc_a-init.o)
 .debug_aranges
                0x00000ca8       0x20 D:/enviroment/msys2/mingw64/bin/../lib/gcc/arm-none-eabi/13.3.0/thumb/v7e-m+fp/hard\libgcc.a(_aeabi_uldivmod.o)
 .debug_aranges
                0x00000cc8       0x20 D:/enviroment/msys2/mingw64/bin/../lib/gcc/arm-none-eabi/13.3.0/thumb/v7e-m+fp/hard\libgcc.a(_udivmoddi4.o)
 .debug_aranges
                0x00000ce8       0x20 D:/enviroment/msys2/mingw64/bin/../lib/gcc/arm-none-eabi/13.3.0/thumb/v7e-m+fp/hard\libgcc.a(_dvmd_tls.o)
 .debug_aranges
                0x00000d08       0x20 D:/enviroment/msys2/mingw64/bin/../lib/gcc/arm-none-eabi/13.3.0/../../../../arm-none-eabi/lib/thumb/v7e-m+fp/hard\libc_nano.a(libc_a-errno.o)

.debug_ranges   0x00000000      0xaf8
 .debug_ranges  0x00000000       0x20 build/main.o
 .debug_ranges  0x00000020       0x10 build/gpio.o
 .debug_ranges  0x00000030       0x28 build/can.o
 .debug_ranges  0x00000058       0x70 build/stm32f4xx_it.o
 .debug_ranges  0x000000c8       0x10 build/stm32f4xx_hal_msp.o
 .debug_ranges  0x000000d8      0x140 build/stm32f4xx_hal_can.o
 .debug_ranges  0x00000218       0x90 build/stm32f4xx_hal_rcc.o
 .debug_ranges  0x000002a8       0x80 build/stm32f4xx_hal_rcc_ex.o
 .debug_ranges  0x00000328       0x48 build/stm32f4xx_hal_gpio.o
 .debug_ranges  0x00000370       0x80 build/stm32f4xx_hal_dma.o
 .debug_ranges  0x000003f0       0xe8 build/stm32f4xx_hal_cortex.o
 .debug_ranges  0x000004d8       0xe0 build/stm32f4xx_hal.o
 .debug_ranges  0x000005b8       0x18 build/system_stm32f4xx.o
 .debug_ranges  0x000005d0       0x10 build/dma.o
 .debug_ranges  0x000005e0       0x20 build/usart.o
 .debug_ranges  0x00000600      0x1f8 build/stm32f4xx_hal_uart.o
 .debug_ranges  0x000007f8       0x40 build/bsp_can.o
 .debug_ranges  0x00000838       0x48 build/dm_ctrl.o
 .debug_ranges  0x00000880       0x88 build/dm_drv.o
 .debug_ranges  0x00000908       0x50 build/remote_control.o
 .debug_ranges  0x00000958       0x48 build/scheduler.o
 .debug_ranges  0x000009a0       0x40 build/task.o
 .debug_ranges  0x000009e0       0x10 build/kinematic_solver.o
 .debug_ranges  0x000009f0       0x20 build/coordinate_mapping.o
 .debug_ranges  0x00000a10       0x38 build/arm_control.o
 .debug_ranges  0x00000a48       0x10 build/mcu_config.o
 .debug_ranges  0x00000a58       0x80 build/can_driver.o
 .debug_ranges  0x00000ad8       0x20 build/startup_stm32f446xx.o

.debug_line     0x00000000     0xd8df
 .debug_line    0x00000000      0x333 build/main.o
 .debug_line    0x00000333      0x12b build/gpio.o
 .debug_line    0x0000045e      0x40f build/can.o
 .debug_line    0x0000086d      0x2b7 build/stm32f4xx_it.o
 .debug_line    0x00000b24      0x12c build/stm32f4xx_hal_msp.o
 .debug_line    0x00000c50     0x1121 build/stm32f4xx_hal_can.o
 .debug_line    0x00001d71      0xb9a build/stm32f4xx_hal_rcc.o
 .debug_line    0x0000290b     0x1448 build/stm32f4xx_hal_rcc_ex.o
 .debug_line    0x00003d53      0x6b7 build/stm32f4xx_hal_gpio.o
 .debug_line    0x0000440a      0xe09 build/stm32f4xx_hal_dma.o
 .debug_line    0x00005213      0x800 build/stm32f4xx_hal_cortex.o
 .debug_line    0x00005a13      0x53d build/stm32f4xx_hal.o
 .debug_line    0x00005f50      0x224 build/system_stm32f4xx.o
 .debug_line    0x00006174      0x155 build/dma.o
 .debug_line    0x000062c9      0x358 build/usart.o
 .debug_line    0x00006621     0x34e6 build/stm32f4xx_hal_uart.o
 .debug_line    0x00009b07      0x308 build/bsp_can.o
 .debug_line    0x00009e0f      0x421 build/dm_ctrl.o
 .debug_line    0x0000a230      0x78b build/dm_drv.o
 .debug_line    0x0000a9bb      0x76e build/remote_control.o
 .debug_line    0x0000b129      0x4f0 build/scheduler.o
 .debug_line    0x0000b619      0x229 build/task.o
 .debug_line    0x0000b842      0x1f9 build/kinematic_solver.o
 .debug_line    0x0000ba3b      0x2b5 build/coordinate_mapping.o
 .debug_line    0x0000bcf0      0x439 build/arm_control.o
 .debug_line    0x0000c129       0xcf build/mcu_config.o
 .debug_line    0x0000c1f8      0x54b build/can_driver.o
 .debug_line    0x0000c743       0x73 build/startup_stm32f446xx.o
 .debug_line    0x0000c7b6      0x66d D:/enviroment/msys2/mingw64/bin/../lib/gcc/arm-none-eabi/13.3.0/../../../../arm-none-eabi/lib/thumb/v7e-m+fp/hard\libc_nano.a(libc_a-findfp.o)
 .debug_line    0x0000ce23      0x1ca D:/enviroment/msys2/mingw64/bin/../lib/gcc/arm-none-eabi/13.3.0/../../../../arm-none-eabi/lib/thumb/v7e-m+fp/hard\libc_nano.a(libc_a-memset.o)
 .debug_line    0x0000cfed       0xfb D:/enviroment/msys2/mingw64/bin/../lib/gcc/arm-none-eabi/13.3.0/../../../../arm-none-eabi/lib/thumb/v7e-m+fp/hard\libc_nano.a(libc_a-impure.o)
 .debug_line    0x0000d0e8      0x13c D:/enviroment/msys2/mingw64/bin/../lib/gcc/arm-none-eabi/13.3.0/../../../../arm-none-eabi/lib/thumb/v7e-m+fp/hard\libc_nano.a(libc_a-init.o)
 .debug_line    0x0000d224       0x4e D:/enviroment/msys2/mingw64/bin/../lib/gcc/arm-none-eabi/13.3.0/thumb/v7e-m+fp/hard\libgcc.a(_aeabi_uldivmod.o)
 .debug_line    0x0000d272      0x503 D:/enviroment/msys2/mingw64/bin/../lib/gcc/arm-none-eabi/13.3.0/thumb/v7e-m+fp/hard\libgcc.a(_udivmoddi4.o)
 .debug_line    0x0000d775       0x4a D:/enviroment/msys2/mingw64/bin/../lib/gcc/arm-none-eabi/13.3.0/thumb/v7e-m+fp/hard\libgcc.a(_dvmd_tls.o)
 .debug_line    0x0000d7bf      0x120 D:/enviroment/msys2/mingw64/bin/../lib/gcc/arm-none-eabi/13.3.0/../../../../arm-none-eabi/lib/thumb/v7e-m+fp/hard\libc_nano.a(libc_a-errno.o)

.debug_str      0x00000000     0x48a9
 .debug_str     0x00000000     0x48a9 build/main.o
                                0x4dd (size before relaxing)
 .debug_str     0x000048a9      0x29d build/gpio.o
 .debug_str     0x000048a9      0xbb8 build/can.o
 .debug_str     0x000048a9      0x515 build/stm32f4xx_it.o
 .debug_str     0x000048a9      0x2a9 build/stm32f4xx_hal_msp.o
 .debug_str     0x000048a9      0x9fe build/stm32f4xx_hal_can.o
 .debug_str     0x000048a9      0x6f9 build/stm32f4xx_hal_rcc.o
 .debug_str     0x000048a9      0x7e0 build/stm32f4xx_hal_rcc_ex.o
 .debug_str     0x000048a9      0x4ce build/stm32f4xx_hal_gpio.o
 .debug_str     0x000048a9      0x73f build/stm32f4xx_hal_dma.o
 .debug_str     0x000048a9      0xc7f build/stm32f4xx_hal_cortex.o
 .debug_str     0x000048a9      0xb93 build/stm32f4xx_hal.o
 .debug_str     0x000048a9      0x363 build/system_stm32f4xx.o
 .debug_str     0x000048a9      0x7fc build/dma.o
 .debug_str     0x000048a9      0xdc4 build/usart.o
 .debug_str     0x000048a9      0xd64 build/stm32f4xx_hal_uart.o
 .debug_str     0x000048a9      0x68a build/bsp_can.o
 .debug_str     0x000048a9      0x615 build/dm_ctrl.o
 .debug_str     0x000048a9      0x64a build/dm_drv.o
 .debug_str     0x000048a9      0x79b build/remote_control.o
 .debug_str     0x000048a9      0x2ce build/scheduler.o
 .debug_str     0x000048a9      0x319 build/task.o
 .debug_str     0x000048a9      0x275 build/kinematic_solver.o
 .debug_str     0x000048a9      0x2d6 build/coordinate_mapping.o
 .debug_str     0x000048a9      0x4fd build/arm_control.o
 .debug_str     0x000048a9      0x1b2 build/mcu_config.o
 .debug_str     0x000048a9      0x608 build/can_driver.o
 .debug_str     0x000048a9       0x52 build/startup_stm32f446xx.o
 .debug_str     0x000048a9      0x72a D:/enviroment/msys2/mingw64/bin/../lib/gcc/arm-none-eabi/13.3.0/../../../../arm-none-eabi/lib/thumb/v7e-m+fp/hard\libc_nano.a(libc_a-findfp.o)
 .debug_str     0x000048a9      0x19b D:/enviroment/msys2/mingw64/bin/../lib/gcc/arm-none-eabi/13.3.0/../../../../arm-none-eabi/lib/thumb/v7e-m+fp/hard\libc_nano.a(libc_a-memset.o)
 .debug_str     0x000048a9      0x4a7 D:/enviroment/msys2/mingw64/bin/../lib/gcc/arm-none-eabi/13.3.0/../../../../arm-none-eabi/lib/thumb/v7e-m+fp/hard\libc_nano.a(libc_a-impure.o)
 .debug_str     0x000048a9      0x1e8 D:/enviroment/msys2/mingw64/bin/../lib/gcc/arm-none-eabi/13.3.0/../../../../arm-none-eabi/lib/thumb/v7e-m+fp/hard\libc_nano.a(libc_a-init.o)
 .debug_str     0x000048a9       0x7e D:/enviroment/msys2/mingw64/bin/../lib/gcc/arm-none-eabi/13.3.0/thumb/v7e-m+fp/hard\libgcc.a(_aeabi_uldivmod.o)
 .debug_str     0x000048a9      0x696 D:/enviroment/msys2/mingw64/bin/../lib/gcc/arm-none-eabi/13.3.0/thumb/v7e-m+fp/hard\libgcc.a(_udivmoddi4.o)
 .debug_str     0x000048a9       0x9e D:/enviroment/msys2/mingw64/bin/../lib/gcc/arm-none-eabi/13.3.0/thumb/v7e-m+fp/hard\libgcc.a(_dvmd_tls.o)
 .debug_str     0x000048a9      0x4a1 D:/enviroment/msys2/mingw64/bin/../lib/gcc/arm-none-eabi/13.3.0/../../../../arm-none-eabi/lib/thumb/v7e-m+fp/hard\libc_nano.a(libc_a-errno.o)

.debug_frame    0x00000000     0x2338
 .debug_frame   0x00000000       0x58 build/main.o
 .debug_frame   0x00000058       0x28 build/gpio.o
 .debug_frame   0x00000080       0x78 build/can.o
 .debug_frame   0x000000f8      0x108 build/stm32f4xx_it.o
 .debug_frame   0x00000200       0x28 build/stm32f4xx_hal_msp.o
 .debug_frame   0x00000228      0x2d8 build/stm32f4xx_hal_can.o
 .debug_frame   0x00000500      0x16c build/stm32f4xx_hal_rcc.o
 .debug_frame   0x0000066c      0x14c build/stm32f4xx_hal_rcc_ex.o
 .debug_frame   0x000007b8       0xd8 build/stm32f4xx_hal_gpio.o
 .debug_frame   0x00000890      0x188 build/stm32f4xx_hal_dma.o
 .debug_frame   0x00000a18      0x214 build/stm32f4xx_hal_cortex.o
 .debug_frame   0x00000c2c      0x1ec build/stm32f4xx_hal.o
 .debug_frame   0x00000e18       0x30 build/system_stm32f4xx.o
 .debug_frame   0x00000e48       0x2c build/dma.o
 .debug_frame   0x00000e74       0x6c build/usart.o
 .debug_frame   0x00000ee0      0x5e0 build/stm32f4xx_hal_uart.o
 .debug_frame   0x000014c0       0xc8 build/bsp_can.o
 .debug_frame   0x00001588       0xd8 build/dm_ctrl.o
 .debug_frame   0x00001660      0x1c0 build/dm_drv.o
 .debug_frame   0x00001820       0xf0 build/remote_control.o
 .debug_frame   0x00001910       0x94 build/scheduler.o
 .debug_frame   0x000019a4       0xa8 build/task.o
 .debug_frame   0x00001a4c       0x58 build/kinematic_solver.o
 .debug_frame   0x00001aa4       0x80 build/coordinate_mapping.o
 .debug_frame   0x00001b24       0xd0 build/arm_control.o
 .debug_frame   0x00001bf4       0x28 build/mcu_config.o
 .debug_frame   0x00001c1c      0x108 build/can_driver.o
 .debug_frame   0x00001d24      0x13c D:/enviroment/msys2/mingw64/bin/../lib/gcc/arm-none-eabi/13.3.0/../../../../arm-none-eabi/lib/thumb/v7e-m+fp/hard\libc_nano.a(libc_a-findfp.o)
 .debug_frame   0x00001e60       0x2c D:/enviroment/msys2/mingw64/bin/../lib/gcc/arm-none-eabi/13.3.0/../../../../arm-none-eabi/lib/thumb/v7e-m+fp/hard\libc_nano.a(libc_a-memset.o)
 .debug_frame   0x00001e8c       0x2c D:/enviroment/msys2/mingw64/bin/../lib/gcc/arm-none-eabi/13.3.0/../../../../arm-none-eabi/lib/thumb/v7e-m+fp/hard\libc_nano.a(libc_a-init.o)
 .debug_frame   0x00001eb8       0x48 D:/enviroment/msys2/mingw64/bin/../lib/gcc/arm-none-eabi/13.3.0/../../../../arm-none-eabi/lib/thumb/v7e-m+fp/hard\libm.a(libm_a-wf_acos.o)
 .debug_frame   0x00001f00       0x20 D:/enviroment/msys2/mingw64/bin/../lib/gcc/arm-none-eabi/13.3.0/../../../../arm-none-eabi/lib/thumb/v7e-m+fp/hard\libm.a(libm_a-wf_atan2.o)
 .debug_frame   0x00001f20       0x44 D:/enviroment/msys2/mingw64/bin/../lib/gcc/arm-none-eabi/13.3.0/../../../../arm-none-eabi/lib/thumb/v7e-m+fp/hard\libm.a(libm_a-wf_sqrt.o)
 .debug_frame   0x00001f64       0x34 D:/enviroment/msys2/mingw64/bin/../lib/gcc/arm-none-eabi/13.3.0/../../../../arm-none-eabi/lib/thumb/v7e-m+fp/hard\libm.a(libm_a-sf_cos.o)
 .debug_frame   0x00001f98       0x20 D:/enviroment/msys2/mingw64/bin/../lib/gcc/arm-none-eabi/13.3.0/../../../../arm-none-eabi/lib/thumb/v7e-m+fp/hard\libm.a(libm_a-sf_fabs.o)
 .debug_frame   0x00001fb8       0x34 D:/enviroment/msys2/mingw64/bin/../lib/gcc/arm-none-eabi/13.3.0/../../../../arm-none-eabi/lib/thumb/v7e-m+fp/hard\libm.a(libm_a-sf_sin.o)
 .debug_frame   0x00001fec       0x20 D:/enviroment/msys2/mingw64/bin/../lib/gcc/arm-none-eabi/13.3.0/../../../../arm-none-eabi/lib/thumb/v7e-m+fp/hard\libm.a(libm_a-sf_nan.o)
 .debug_frame   0x0000200c       0x44 D:/enviroment/msys2/mingw64/bin/../lib/gcc/arm-none-eabi/13.3.0/../../../../arm-none-eabi/lib/thumb/v7e-m+fp/hard\libm.a(libm_a-sf_fmax.o)
 .debug_frame   0x00002050       0x44 D:/enviroment/msys2/mingw64/bin/../lib/gcc/arm-none-eabi/13.3.0/../../../../arm-none-eabi/lib/thumb/v7e-m+fp/hard\libm.a(libm_a-sf_fmin.o)
 .debug_frame   0x00002094       0x20 D:/enviroment/msys2/mingw64/bin/../lib/gcc/arm-none-eabi/13.3.0/../../../../arm-none-eabi/lib/thumb/v7e-m+fp/hard\libm.a(libm_a-sf_fpclassify.o)
 .debug_frame   0x000020b4       0x20 D:/enviroment/msys2/mingw64/bin/../lib/gcc/arm-none-eabi/13.3.0/../../../../arm-none-eabi/lib/thumb/v7e-m+fp/hard\libm.a(libm_a-ef_sqrt.o)
 .debug_frame   0x000020d4       0x20 D:/enviroment/msys2/mingw64/bin/../lib/gcc/arm-none-eabi/13.3.0/../../../../arm-none-eabi/lib/thumb/v7e-m+fp/hard\libm.a(libm_a-kf_cos.o)
 .debug_frame   0x000020f4       0x20 D:/enviroment/msys2/mingw64/bin/../lib/gcc/arm-none-eabi/13.3.0/../../../../arm-none-eabi/lib/thumb/v7e-m+fp/hard\libm.a(libm_a-kf_sin.o)
 .debug_frame   0x00002114       0x64 D:/enviroment/msys2/mingw64/bin/../lib/gcc/arm-none-eabi/13.3.0/../../../../arm-none-eabi/lib/thumb/v7e-m+fp/hard\libm.a(libm_a-ef_acos.o)
 .debug_frame   0x00002178       0x44 D:/enviroment/msys2/mingw64/bin/../lib/gcc/arm-none-eabi/13.3.0/../../../../arm-none-eabi/lib/thumb/v7e-m+fp/hard\libm.a(libm_a-ef_atan2.o)
 .debug_frame   0x000021bc       0x34 D:/enviroment/msys2/mingw64/bin/../lib/gcc/arm-none-eabi/13.3.0/../../../../arm-none-eabi/lib/thumb/v7e-m+fp/hard\libm.a(libm_a-ef_rem_pio2.o)
 .debug_frame   0x000021f0       0x2c D:/enviroment/msys2/mingw64/bin/../lib/gcc/arm-none-eabi/13.3.0/../../../../arm-none-eabi/lib/thumb/v7e-m+fp/hard\libm.a(libm_a-sf_atan.o)
 .debug_frame   0x0000221c       0x5c D:/enviroment/msys2/mingw64/bin/../lib/gcc/arm-none-eabi/13.3.0/../../../../arm-none-eabi/lib/thumb/v7e-m+fp/hard\libm.a(libm_a-kf_rem_pio2.o)
 .debug_frame   0x00002278       0x20 D:/enviroment/msys2/mingw64/bin/../lib/gcc/arm-none-eabi/13.3.0/../../../../arm-none-eabi/lib/thumb/v7e-m+fp/hard\libm.a(libm_a-sf_scalbn.o)
 .debug_frame   0x00002298       0x20 D:/enviroment/msys2/mingw64/bin/../lib/gcc/arm-none-eabi/13.3.0/../../../../arm-none-eabi/lib/thumb/v7e-m+fp/hard\libm.a(libm_a-sf_floor.o)
 .debug_frame   0x000022b8       0x2c D:/enviroment/msys2/mingw64/bin/../lib/gcc/arm-none-eabi/13.3.0/thumb/v7e-m+fp/hard\libgcc.a(_aeabi_uldivmod.o)
 .debug_frame   0x000022e4       0x34 D:/enviroment/msys2/mingw64/bin/../lib/gcc/arm-none-eabi/13.3.0/thumb/v7e-m+fp/hard\libgcc.a(_udivmoddi4.o)
 .debug_frame   0x00002318       0x20 D:/enviroment/msys2/mingw64/bin/../lib/gcc/arm-none-eabi/13.3.0/../../../../arm-none-eabi/lib/thumb/v7e-m+fp/hard\libc_nano.a(libc_a-errno.o)

.debug_loclists
                0x00000000     0x2a46
 .debug_loclists
                0x00000000      0x2b8 D:/enviroment/msys2/mingw64/bin/../lib/gcc/arm-none-eabi/13.3.0/../../../../arm-none-eabi/lib/thumb/v7e-m+fp/hard\libc_nano.a(libc_a-findfp.o)
 .debug_loclists
                0x000002b8      0x1c2 D:/enviroment/msys2/mingw64/bin/../lib/gcc/arm-none-eabi/13.3.0/../../../../arm-none-eabi/lib/thumb/v7e-m+fp/hard\libc_nano.a(libc_a-memset.o)
 .debug_loclists
                0x0000047a       0x65 D:/enviroment/msys2/mingw64/bin/../lib/gcc/arm-none-eabi/13.3.0/../../../../arm-none-eabi/lib/thumb/v7e-m+fp/hard\libc_nano.a(libc_a-init.o)
 .debug_loclists
                0x000004df       0x4e D:/enviroment/msys2/mingw64/bin/../lib/gcc/arm-none-eabi/13.3.0/../../../../arm-none-eabi/lib/thumb/v7e-m+fp/hard\libm.a(libm_a-wf_acos.o)
 .debug_loclists
                0x0000052d       0x36 D:/enviroment/msys2/mingw64/bin/../lib/gcc/arm-none-eabi/13.3.0/../../../../arm-none-eabi/lib/thumb/v7e-m+fp/hard\libm.a(libm_a-wf_atan2.o)
 .debug_loclists
                0x00000563       0x46 D:/enviroment/msys2/mingw64/bin/../lib/gcc/arm-none-eabi/13.3.0/../../../../arm-none-eabi/lib/thumb/v7e-m+fp/hard\libm.a(libm_a-wf_sqrt.o)
 .debug_loclists
                0x000005a9       0x65 D:/enviroment/msys2/mingw64/bin/../lib/gcc/arm-none-eabi/13.3.0/../../../../arm-none-eabi/lib/thumb/v7e-m+fp/hard\libm.a(libm_a-sf_cos.o)
 .debug_loclists
                0x0000060e       0x5c D:/enviroment/msys2/mingw64/bin/../lib/gcc/arm-none-eabi/13.3.0/../../../../arm-none-eabi/lib/thumb/v7e-m+fp/hard\libm.a(libm_a-sf_fabs.o)
 .debug_loclists
                0x0000066a       0x65 D:/enviroment/msys2/mingw64/bin/../lib/gcc/arm-none-eabi/13.3.0/../../../../arm-none-eabi/lib/thumb/v7e-m+fp/hard\libm.a(libm_a-sf_sin.o)
 .debug_loclists
                0x000006cf       0x4a D:/enviroment/msys2/mingw64/bin/../lib/gcc/arm-none-eabi/13.3.0/../../../../arm-none-eabi/lib/thumb/v7e-m+fp/hard\libm.a(libm_a-sf_fmax.o)
 .debug_loclists
                0x00000719       0x4a D:/enviroment/msys2/mingw64/bin/../lib/gcc/arm-none-eabi/13.3.0/../../../../arm-none-eabi/lib/thumb/v7e-m+fp/hard\libm.a(libm_a-sf_fmin.o)
 .debug_loclists
                0x00000763       0x37 D:/enviroment/msys2/mingw64/bin/../lib/gcc/arm-none-eabi/13.3.0/../../../../arm-none-eabi/lib/thumb/v7e-m+fp/hard\libm.a(libm_a-sf_fpclassify.o)
 .debug_loclists
                0x0000079a       0x32 D:/enviroment/msys2/mingw64/bin/../lib/gcc/arm-none-eabi/13.3.0/../../../../arm-none-eabi/lib/thumb/v7e-m+fp/hard\libm.a(libm_a-ef_sqrt.o)
 .debug_loclists
                0x000007cc      0x168 D:/enviroment/msys2/mingw64/bin/../lib/gcc/arm-none-eabi/13.3.0/../../../../arm-none-eabi/lib/thumb/v7e-m+fp/hard\libm.a(libm_a-kf_cos.o)
 .debug_loclists
                0x00000934       0xcd D:/enviroment/msys2/mingw64/bin/../lib/gcc/arm-none-eabi/13.3.0/../../../../arm-none-eabi/lib/thumb/v7e-m+fp/hard\libm.a(libm_a-kf_sin.o)
 .debug_loclists
                0x00000a01      0x253 D:/enviroment/msys2/mingw64/bin/../lib/gcc/arm-none-eabi/13.3.0/../../../../arm-none-eabi/lib/thumb/v7e-m+fp/hard\libm.a(libm_a-ef_acos.o)
 .debug_loclists
                0x00000c54      0x3f1 D:/enviroment/msys2/mingw64/bin/../lib/gcc/arm-none-eabi/13.3.0/../../../../arm-none-eabi/lib/thumb/v7e-m+fp/hard\libm.a(libm_a-ef_atan2.o)
 .debug_loclists
                0x00001045      0x392 D:/enviroment/msys2/mingw64/bin/../lib/gcc/arm-none-eabi/13.3.0/../../../../arm-none-eabi/lib/thumb/v7e-m+fp/hard\libm.a(libm_a-ef_rem_pio2.o)
 .debug_loclists
                0x000013d7      0x17b D:/enviroment/msys2/mingw64/bin/../lib/gcc/arm-none-eabi/13.3.0/../../../../arm-none-eabi/lib/thumb/v7e-m+fp/hard\libm.a(libm_a-sf_atan.o)
 .debug_loclists
                0x00001552      0xa3d D:/enviroment/msys2/mingw64/bin/../lib/gcc/arm-none-eabi/13.3.0/../../../../arm-none-eabi/lib/thumb/v7e-m+fp/hard\libm.a(libm_a-kf_rem_pio2.o)
 .debug_loclists
                0x00001f8f      0x21d D:/enviroment/msys2/mingw64/bin/../lib/gcc/arm-none-eabi/13.3.0/../../../../arm-none-eabi/lib/thumb/v7e-m+fp/hard\libm.a(libm_a-sf_scalbn.o)
 .debug_loclists
                0x000021ac      0x132 D:/enviroment/msys2/mingw64/bin/../lib/gcc/arm-none-eabi/13.3.0/../../../../arm-none-eabi/lib/thumb/v7e-m+fp/hard\libm.a(libm_a-sf_floor.o)
 .debug_loclists
                0x000022de      0x768 D:/enviroment/msys2/mingw64/bin/../lib/gcc/arm-none-eabi/13.3.0/thumb/v7e-m+fp/hard\libgcc.a(_udivmoddi4.o)

.debug_rnglists
                0x00000000      0x24a
 .debug_rnglists
                0x00000000       0x9f D:/enviroment/msys2/mingw64/bin/../lib/gcc/arm-none-eabi/13.3.0/../../../../arm-none-eabi/lib/thumb/v7e-m+fp/hard\libc_nano.a(libc_a-findfp.o)
 .debug_rnglists
                0x0000009f       0x13 D:/enviroment/msys2/mingw64/bin/../lib/gcc/arm-none-eabi/13.3.0/../../../../arm-none-eabi/lib/thumb/v7e-m+fp/hard\libm.a(libm_a-sf_cos.o)
 .debug_rnglists
                0x000000b2       0x13 D:/enviroment/msys2/mingw64/bin/../lib/gcc/arm-none-eabi/13.3.0/../../../../arm-none-eabi/lib/thumb/v7e-m+fp/hard\libm.a(libm_a-sf_fabs.o)
 .debug_rnglists
                0x000000c5       0x13 D:/enviroment/msys2/mingw64/bin/../lib/gcc/arm-none-eabi/13.3.0/../../../../arm-none-eabi/lib/thumb/v7e-m+fp/hard\libm.a(libm_a-sf_sin.o)
 .debug_rnglists
                0x000000d8       0x13 D:/enviroment/msys2/mingw64/bin/../lib/gcc/arm-none-eabi/13.3.0/../../../../arm-none-eabi/lib/thumb/v7e-m+fp/hard\libm.a(libm_a-sf_fpclassify.o)
 .debug_rnglists
                0x000000eb       0x13 D:/enviroment/msys2/mingw64/bin/../lib/gcc/arm-none-eabi/13.3.0/../../../../arm-none-eabi/lib/thumb/v7e-m+fp/hard\libm.a(libm_a-ef_sqrt.o)
 .debug_rnglists
                0x000000fe       0x14 D:/enviroment/msys2/mingw64/bin/../lib/gcc/arm-none-eabi/13.3.0/../../../../arm-none-eabi/lib/thumb/v7e-m+fp/hard\libm.a(libm_a-kf_cos.o)
 .debug_rnglists
                0x00000112       0x14 D:/enviroment/msys2/mingw64/bin/../lib/gcc/arm-none-eabi/13.3.0/../../../../arm-none-eabi/lib/thumb/v7e-m+fp/hard\libm.a(libm_a-kf_sin.o)
 .debug_rnglists
                0x00000126       0x2d D:/enviroment/msys2/mingw64/bin/../lib/gcc/arm-none-eabi/13.3.0/../../../../arm-none-eabi/lib/thumb/v7e-m+fp/hard\libm.a(libm_a-ef_acos.o)
 .debug_rnglists
                0x00000153       0x1a D:/enviroment/msys2/mingw64/bin/../lib/gcc/arm-none-eabi/13.3.0/../../../../arm-none-eabi/lib/thumb/v7e-m+fp/hard\libm.a(libm_a-ef_atan2.o)
 .debug_rnglists
                0x0000016d       0x28 D:/enviroment/msys2/mingw64/bin/../lib/gcc/arm-none-eabi/13.3.0/../../../../arm-none-eabi/lib/thumb/v7e-m+fp/hard\libm.a(libm_a-ef_rem_pio2.o)
 .debug_rnglists
                0x00000195       0x13 D:/enviroment/msys2/mingw64/bin/../lib/gcc/arm-none-eabi/13.3.0/../../../../arm-none-eabi/lib/thumb/v7e-m+fp/hard\libm.a(libm_a-sf_atan.o)
 .debug_rnglists
                0x000001a8       0x22 D:/enviroment/msys2/mingw64/bin/../lib/gcc/arm-none-eabi/13.3.0/../../../../arm-none-eabi/lib/thumb/v7e-m+fp/hard\libm.a(libm_a-sf_scalbn.o)
 .debug_rnglists
                0x000001ca       0x13 D:/enviroment/msys2/mingw64/bin/../lib/gcc/arm-none-eabi/13.3.0/../../../../arm-none-eabi/lib/thumb/v7e-m+fp/hard\libm.a(libm_a-sf_floor.o)
 .debug_rnglists
                0x000001dd       0x6d D:/enviroment/msys2/mingw64/bin/../lib/gcc/arm-none-eabi/13.3.0/thumb/v7e-m+fp/hard\libgcc.a(_udivmoddi4.o)

.debug_line_str
                0x00000000       0x7e
 .debug_line_str
                0x00000000       0x7e D:/enviroment/msys2/mingw64/bin/../lib/gcc/arm-none-eabi/13.3.0/thumb/v7e-m+fp/hard\libgcc.a(_aeabi_uldivmod.o)
                                 0x72 (size before relaxing)
 .debug_line_str
                0x0000007e       0x76 D:/enviroment/msys2/mingw64/bin/../lib/gcc/arm-none-eabi/13.3.0/thumb/v7e-m+fp/hard\libgcc.a(_dvmd_tls.o)

Cross Reference Table

Symbol                                            File
ADC_IRQHandler                                    build/startup_stm32f446xx.o
AHBPrescTable                                     build/system_stm32f4xx.o
                                                  build/stm32f4xx_hal_rcc.o
APBPrescTable                                     build/system_stm32f4xx.o
                                                  build/stm32f4xx_hal_rcc.o
ArmControl_Init                                   build/arm_control.o
                                                  build/mcu_config.o
ArmControl_Update                                 build/arm_control.o
                                                  build/task.o
BusFault_Handler                                  build/stm32f4xx_it.o
CAN1_RX0_IRQHandler                               build/stm32f4xx_it.o
CAN1_RX1_IRQHandler                               build/stm32f4xx_it.o
CAN1_SCE_IRQHandler                               build/startup_stm32f446xx.o
CAN1_TX_IRQHandler                                build/startup_stm32f446xx.o
CAN2_RX0_IRQHandler                               build/stm32f4xx_it.o
CAN2_RX1_IRQHandler                               build/stm32f4xx_it.o
CAN2_SCE_IRQHandler                               build/startup_stm32f446xx.o
CAN2_TX_IRQHandler                                build/startup_stm32f446xx.o
CEC_IRQHandler                                    build/startup_stm32f446xx.o
DCMI_IRQHandler                                   build/startup_stm32f446xx.o
DMA1_Stream0_IRQHandler                           build/startup_stm32f446xx.o
DMA1_Stream1_IRQHandler                           build/startup_stm32f446xx.o
DMA1_Stream2_IRQHandler                           build/startup_stm32f446xx.o
DMA1_Stream3_IRQHandler                           build/startup_stm32f446xx.o
DMA1_Stream4_IRQHandler                           build/startup_stm32f446xx.o
DMA1_Stream5_IRQHandler                           build/startup_stm32f446xx.o
DMA1_Stream6_IRQHandler                           build/startup_stm32f446xx.o
DMA1_Stream7_IRQHandler                           build/startup_stm32f446xx.o
DMA2_Stream0_IRQHandler                           build/startup_stm32f446xx.o
DMA2_Stream1_IRQHandler                           build/startup_stm32f446xx.o
DMA2_Stream2_IRQHandler                           build/startup_stm32f446xx.o
DMA2_Stream3_IRQHandler                           build/startup_stm32f446xx.o
DMA2_Stream4_IRQHandler                           build/startup_stm32f446xx.o
DMA2_Stream5_IRQHandler                           build/startup_stm32f446xx.o
DMA2_Stream6_IRQHandler                           build/startup_stm32f446xx.o
DMA2_Stream7_IRQHandler                           build/startup_stm32f446xx.o
DebugMon_Handler                                  build/stm32f4xx_it.o
Default_Handler                                   build/startup_stm32f446xx.o
EXTI0_IRQHandler                                  build/startup_stm32f446xx.o
EXTI15_10_IRQHandler                              build/startup_stm32f446xx.o
EXTI1_IRQHandler                                  build/startup_stm32f446xx.o
EXTI2_IRQHandler                                  build/startup_stm32f446xx.o
EXTI3_IRQHandler                                  build/startup_stm32f446xx.o
EXTI4_IRQHandler                                  build/startup_stm32f446xx.o
EXTI9_5_IRQHandler                                build/startup_stm32f446xx.o
Error_Handler                                     build/main.o
                                                  build/usart.o
                                                  build/can.o
FLASH_Erase_Sector                                build/stm32f4xx_hal_flash_ex.o
                                                  build/stm32f4xx_hal_flash.o
FLASH_FlushCaches                                 build/stm32f4xx_hal_flash_ex.o
                                                  build/stm32f4xx_hal_flash.o
FLASH_IRQHandler                                  build/startup_stm32f446xx.o
FLASH_WaitForLastOperation                        build/stm32f4xx_hal_flash.o
                                                  build/stm32f4xx_hal_flash_ex.o
FMC_IRQHandler                                    build/startup_stm32f446xx.o
FMPI2C1_ER_IRQHandler                             build/startup_stm32f446xx.o
FMPI2C1_EV_IRQHandler                             build/startup_stm32f446xx.o
FPU_IRQHandler                                    build/startup_stm32f446xx.o
Get_Arm_State                                     build/arm_control.o
Get_Current_Position                              build/arm_control.o
                                                  build/task.o
HAL_CAN_AbortTxRequest                            build/stm32f4xx_hal_can.o
HAL_CAN_ActivateNotification                      build/stm32f4xx_hal_can.o
                                                  build/bsp_can.o
HAL_CAN_AddTxMessage                              build/stm32f4xx_hal_can.o
                                                  build/bsp_can.o
HAL_CAN_ConfigFilter                              build/stm32f4xx_hal_can.o
                                                  build/bsp_can.o
HAL_CAN_DeInit                                    build/stm32f4xx_hal_can.o
HAL_CAN_DeactivateNotification                    build/stm32f4xx_hal_can.o
HAL_CAN_ErrorCallback                             build/stm32f4xx_hal_can.o
HAL_CAN_GetError                                  build/stm32f4xx_hal_can.o
HAL_CAN_GetRxFifoFillLevel                        build/stm32f4xx_hal_can.o
HAL_CAN_GetRxMessage                              build/stm32f4xx_hal_can.o
                                                  build/bsp_can.o
HAL_CAN_GetState                                  build/stm32f4xx_hal_can.o
HAL_CAN_GetTxMailboxesFreeLevel                   build/stm32f4xx_hal_can.o
HAL_CAN_GetTxTimestamp                            build/stm32f4xx_hal_can.o
HAL_CAN_IRQHandler                                build/stm32f4xx_hal_can.o
                                                  build/stm32f4xx_it.o
HAL_CAN_Init                                      build/stm32f4xx_hal_can.o
                                                  build/can.o
HAL_CAN_IsSleepActive                             build/stm32f4xx_hal_can.o
HAL_CAN_IsTxMessagePending                        build/stm32f4xx_hal_can.o
HAL_CAN_MspDeInit                                 build/can.o
HAL_CAN_MspInit                                   build/can.o
HAL_CAN_RequestSleep                              build/stm32f4xx_hal_can.o
HAL_CAN_ResetError                                build/stm32f4xx_hal_can.o
HAL_CAN_RxFifo0FullCallback                       build/stm32f4xx_hal_can.o
HAL_CAN_RxFifo0MsgPendingCallback                 build/bsp_can.o
                                                  build/stm32f4xx_hal_can.o
HAL_CAN_RxFifo1FullCallback                       build/stm32f4xx_hal_can.o
HAL_CAN_RxFifo1MsgPendingCallback                 build/stm32f4xx_hal_can.o
HAL_CAN_SleepCallback                             build/stm32f4xx_hal_can.o
HAL_CAN_Start                                     build/stm32f4xx_hal_can.o
                                                  build/bsp_can.o
HAL_CAN_Stop                                      build/stm32f4xx_hal_can.o
HAL_CAN_TxMailbox0AbortCallback                   build/stm32f4xx_hal_can.o
HAL_CAN_TxMailbox0CompleteCallback                build/stm32f4xx_hal_can.o
HAL_CAN_TxMailbox1AbortCallback                   build/stm32f4xx_hal_can.o
HAL_CAN_TxMailbox1CompleteCallback                build/stm32f4xx_hal_can.o
HAL_CAN_TxMailbox2AbortCallback                   build/stm32f4xx_hal_can.o
HAL_CAN_TxMailbox2CompleteCallback                build/stm32f4xx_hal_can.o
HAL_CAN_WakeUp                                    build/stm32f4xx_hal_can.o
HAL_CAN_WakeUpFromRxMsgCallback                   build/stm32f4xx_hal_can.o
HAL_CORTEX_ClearEvent                             build/stm32f4xx_hal_cortex.o
HAL_DBGMCU_DisableDBGSleepMode                    build/stm32f4xx_hal.o
HAL_DBGMCU_DisableDBGStandbyMode                  build/stm32f4xx_hal.o
HAL_DBGMCU_DisableDBGStopMode                     build/stm32f4xx_hal.o
HAL_DBGMCU_EnableDBGSleepMode                     build/stm32f4xx_hal.o
HAL_DBGMCU_EnableDBGStandbyMode                   build/stm32f4xx_hal.o
HAL_DBGMCU_EnableDBGStopMode                      build/stm32f4xx_hal.o
HAL_DMAEx_ChangeMemory                            build/stm32f4xx_hal_dma_ex.o
HAL_DMAEx_MultiBufferStart                        build/stm32f4xx_hal_dma_ex.o
HAL_DMAEx_MultiBufferStart_IT                     build/stm32f4xx_hal_dma_ex.o
HAL_DMA_Abort                                     build/stm32f4xx_hal_dma.o