Archive member included to satisfy reference by file (symbol)

D:/enviroment/msys2/mingw64/bin/../lib/gcc/arm-none-eabi/13.3.0/../../../../arm-none-eabi/lib/thumb/v7e-m+fp/hard\libc_nano.a(libc_a-atexit.o)
                              D:/enviroment/msys2/mingw64/bin/../lib/gcc/arm-none-eabi/13.3.0/../../../../arm-none-eabi/lib/thumb/v7e-m+fp/hard/crt0.o (atexit)
D:/enviroment/msys2/mingw64/bin/../lib/gcc/arm-none-eabi/13.3.0/../../../../arm-none-eabi/lib/thumb/v7e-m+fp/hard\libc_nano.a(libc_a-exit.o)
                              D:/enviroment/msys2/mingw64/bin/../lib/gcc/arm-none-eabi/13.3.0/../../../../arm-none-eabi/lib/thumb/v7e-m+fp/hard/crt0.o (exit)
D:/enviroment/msys2/mingw64/bin/../lib/gcc/arm-none-eabi/13.3.0/../../../../arm-none-eabi/lib/thumb/v7e-m+fp/hard\libc_nano.a(libc_a-findfp.o)
                              D:/enviroment/msys2/mingw64/bin/../lib/gcc/arm-none-eabi/13.3.0/../../../../arm-none-eabi/lib/thumb/v7e-m+fp/hard\libc_nano.a(libc_a-exit.o) (__stdio_exit_handler)
D:/enviroment/msys2/mingw64/bin/../lib/gcc/arm-none-eabi/13.3.0/../../../../arm-none-eabi/lib/thumb/v7e-m+fp/hard\libc_nano.a(libc_a-fwalk.o)
                              D:/enviroment/msys2/mingw64/bin/../lib/gcc/arm-none-eabi/13.3.0/../../../../arm-none-eabi/lib/thumb/v7e-m+fp/hard\libc_nano.a(libc_a-findfp.o) (_fwalk_sglue)
D:/enviroment/msys2/mingw64/bin/../lib/gcc/arm-none-eabi/13.3.0/../../../../arm-none-eabi/lib/thumb/v7e-m+fp/hard\libc_nano.a(libc_a-printf.o)
                              build/scheduler.o (printf)
D:/enviroment/msys2/mingw64/bin/../lib/gcc/arm-none-eabi/13.3.0/../../../../arm-none-eabi/lib/thumb/v7e-m+fp/hard\libc_nano.a(libc_a-puts.o)
                              build/scheduler.o (puts)
D:/enviroment/msys2/mingw64/bin/../lib/gcc/arm-none-eabi/13.3.0/../../../../arm-none-eabi/lib/thumb/v7e-m+fp/hard\libc_nano.a(libc_a-stdio.o)
                              D:/enviroment/msys2/mingw64/bin/../lib/gcc/arm-none-eabi/13.3.0/../../../../arm-none-eabi/lib/thumb/v7e-m+fp/hard\libc_nano.a(libc_a-findfp.o) (__sread)
D:/enviroment/msys2/mingw64/bin/../lib/gcc/arm-none-eabi/13.3.0/../../../../arm-none-eabi/lib/thumb/v7e-m+fp/hard\libc_nano.a(libc_a-wbuf.o)
                              D:/enviroment/msys2/mingw64/bin/../lib/gcc/arm-none-eabi/13.3.0/../../../../arm-none-eabi/lib/thumb/v7e-m+fp/hard\libc_nano.a(libc_a-puts.o) (__swbuf_r)
D:/enviroment/msys2/mingw64/bin/../lib/gcc/arm-none-eabi/13.3.0/../../../../arm-none-eabi/lib/thumb/v7e-m+fp/hard\libc_nano.a(libc_a-wsetup.o)
                              D:/enviroment/msys2/mingw64/bin/../lib/gcc/arm-none-eabi/13.3.0/../../../../arm-none-eabi/lib/thumb/v7e-m+fp/hard\libc_nano.a(libc_a-puts.o) (__swsetup_r)
D:/enviroment/msys2/mingw64/bin/../lib/gcc/arm-none-eabi/13.3.0/../../../../arm-none-eabi/lib/thumb/v7e-m+fp/hard\libc_nano.a(libc_a-memset.o)
                              D:/enviroment/msys2/mingw64/bin/../lib/gcc/arm-none-eabi/13.3.0/../../../../arm-none-eabi/lib/thumb/v7e-m+fp/hard/crt0.o (memset)
D:/enviroment/msys2/mingw64/bin/../lib/gcc/arm-none-eabi/13.3.0/../../../../arm-none-eabi/lib/thumb/v7e-m+fp/hard\libc_nano.a(libc_a-closer.o)
                              D:/enviroment/msys2/mingw64/bin/../lib/gcc/arm-none-eabi/13.3.0/../../../../arm-none-eabi/lib/thumb/v7e-m+fp/hard\libc_nano.a(libc_a-stdio.o) (_close_r)
D:/enviroment/msys2/mingw64/bin/../lib/gcc/arm-none-eabi/13.3.0/../../../../arm-none-eabi/lib/thumb/v7e-m+fp/hard\libc_nano.a(libc_a-reent.o)
                              D:/enviroment/msys2/mingw64/bin/../lib/gcc/arm-none-eabi/13.3.0/../../../../arm-none-eabi/lib/thumb/v7e-m+fp/hard\libc_nano.a(libc_a-closer.o) (errno)
D:/enviroment/msys2/mingw64/bin/../lib/gcc/arm-none-eabi/13.3.0/../../../../arm-none-eabi/lib/thumb/v7e-m+fp/hard\libc_nano.a(libc_a-impure.o)
                              D:/enviroment/msys2/mingw64/bin/../lib/gcc/arm-none-eabi/13.3.0/../../../../arm-none-eabi/lib/thumb/v7e-m+fp/hard\libc_nano.a(libc_a-printf.o) (_impure_ptr)
D:/enviroment/msys2/mingw64/bin/../lib/gcc/arm-none-eabi/13.3.0/../../../../arm-none-eabi/lib/thumb/v7e-m+fp/hard\libc_nano.a(libc_a-lseekr.o)
                              D:/enviroment/msys2/mingw64/bin/../lib/gcc/arm-none-eabi/13.3.0/../../../../arm-none-eabi/lib/thumb/v7e-m+fp/hard\libc_nano.a(libc_a-stdio.o) (_lseek_r)
D:/enviroment/msys2/mingw64/bin/../lib/gcc/arm-none-eabi/13.3.0/../../../../arm-none-eabi/lib/thumb/v7e-m+fp/hard\libc_nano.a(libc_a-readr.o)
                              D:/enviroment/msys2/mingw64/bin/../lib/gcc/arm-none-eabi/13.3.0/../../../../arm-none-eabi/lib/thumb/v7e-m+fp/hard\libc_nano.a(libc_a-stdio.o) (_read_r)
D:/enviroment/msys2/mingw64/bin/../lib/gcc/arm-none-eabi/13.3.0/../../../../arm-none-eabi/lib/thumb/v7e-m+fp/hard\libc_nano.a(libc_a-writer.o)
                              D:/enviroment/msys2/mingw64/bin/../lib/gcc/arm-none-eabi/13.3.0/../../../../arm-none-eabi/lib/thumb/v7e-m+fp/hard\libc_nano.a(libc_a-stdio.o) (_write_r)
[...]
Memory Configuration

Name             Origin             Length             Attributes
RAM              0x20000000         0x00020000         xrw
FLASH            0x08000000         0x00040000         xr
*default*        0x00000000         0xffffffff

Linker script and memory map

LOAD D:/enviroment/msys2/mingw64/bin/../lib/gcc/arm-none-eabi/13.3.0/thumb/v7e-m+fp/hard/crti.o
LOAD D:/enviroment/msys2/mingw64/bin/../lib/gcc/arm-none-eabi/13.3.0/thumb/v7e-m+fp/hard/crtbegin.o
LOAD D:/enviroment/msys2/mingw64/bin/../lib/gcc/arm-none-eabi/13.3.0/../../../../arm-none-eabi/lib/thumb/v7e-m+fp/hard/crt0.o
LOAD build/main.o
LOAD build/gpio.o
LOAD build/can.o
LOAD build/stm32f4xx_it.o
LOAD build/stm32f4xx_hal_msp.o
LOAD build/stm32f4xx_hal_can.o
LOAD build/stm32f4xx_hal_rcc.o
LOAD build/stm32f4xx_hal_rcc_ex.o
LOAD build/stm32f4xx_hal_flash.o
LOAD build/stm32f4xx_hal_flash_ex.o
LOAD build/stm32f4xx_hal_flash_ramfunc.o
LOAD build/stm32f4xx_hal_gpio.o
LOAD build/stm32f4xx_hal_dma_ex.o
LOAD build/stm32f4xx_hal_dma.o
LOAD build/stm32f4xx_hal_pwr.o
LOAD build/stm32f4xx_hal_pwr_ex.o
LOAD build/stm32f4xx_hal_cortex.o
LOAD build/stm32f4xx_hal.o
LOAD build/stm32f4xx_hal_exti.o
LOAD build/system_stm32f4xx.o
LOAD build/dma.o
LOAD build/usart.o
LOAD build/stm32f4xx_hal_uart.o
LOAD build/bsp_can.o
LOAD build/dm_ctrl.o
LOAD build/dm_drv.o
LOAD build/remote_control.o
LOAD build/scheduler.o
LOAD build/task.o
LOAD build/coordinate_mapping.o
LOAD build/arm_control.o
LOAD build/mcu_config.o
LOAD build/can_driver.o
LOAD build/startup_stm32f446xx.o
LOAD D:/enviroment/msys2/mingw64/bin/../lib/gcc/arm-none-eabi/13.3.0/../../../../arm-none-eabi/lib/thumb/v7e-m+fp/hard\libc_nano.a
LOAD D:/enviroment/msys2/mingw64/bin/../lib/gcc/arm-none-eabi/13.3.0/../../../../arm-none-eabi/lib/thumb/v7e-m+fp/hard\libm.a
LOAD D:/enviroment/msys2/mingw64/bin/../lib/gcc/arm-none-eabi/13.3.0/../../../../arm-none-eabi/lib/thumb/v7e-m+fp/hard\libnosys.a
START GROUP
LOAD D:/enviroment/msys2/mingw64/bin/../lib/gcc/arm-none-eabi/13.3.0/thumb/v7e-m+fp/hard\libgcc.a
LOAD D:/enviroment/msys2/mingw64/bin/../lib/gcc/arm-none-eabi/13.3.0/../../../../arm-none-eabi/lib/thumb/v7e-m+fp/hard\libc_nano.a
END GROUP
START GROUP
LOAD D:/enviroment/msys2/mingw64/bin/../lib/gcc/arm-none-eabi/13.3.0/thumb/v7e-m+fp/hard\libgcc.a
LOAD D:/enviroment/msys2/mingw64/bin/../lib/gcc/arm-none-eabi/13.3.0/../../../../arm-none-eabi/lib/thumb/v7e-m+fp/hard\libc_nano.a
END GROUP
LOAD D:/enviroment/msys2/mingw64/bin/../lib/gcc/arm-none-eabi/13.3.0/thumb/v7e-m+fp/hard/crtend.o
LOAD D:/enviroment/msys2/mingw64/bin/../lib/gcc/arm-none-eabi/13.3.0/thumb/v7e-m+fp/hard/crtn.o
                0x20020000                        _estack = (ORIGIN (RAM) + LENGTH (RAM))
                0x00000200                        _Min_Heap_Size = 0x200
                0x00000400                        _Min_Stack_Size = 0x400

.isr_vector     0x08000000      0x1c4
                0x08000000                        . = ALIGN (0x4)
 *(.isr_vector)
 .isr_vector    0x08000000      0x1c4 build/startup_stm32f446xx.o
                0x08000000                g_pfnVectors
                0x080001c4                        . = ALIGN (0x4)

.text           0x080001c4     0x496c
                0x080001c4                        . = ALIGN (0x4)
 *(.text)
 .text          0x080001c4       0xa4 D:/enviroment/msys2/mingw64/bin/../lib/gcc/arm-none-eabi/13.3.0/../../../../arm-none-eabi/lib/thumb/v7e-m+fp/hard\libc_nano.a(libc_a-memset.o)
                0x080001c4                memset
 .text          0x08000268       0x50 D:/enviroment/msys2/mingw64/bin/../lib/gcc/arm-none-eabi/13.3.0/../../../../arm-none-eabi/lib/thumb/v7e-m+fp/hard\libc_nano.a(libc_a-init.o)
                0x08000268                __libc_init_array
 .text          0x080002b8       0x18 D:/enviroment/msys2/mingw64/bin/../lib/gcc/arm-none-eabi/13.3.0/../../../../arm-none-eabi/lib/thumb/v7e-m+fp/hard\libc_nano.a(libm_a-sf_copysign.o)
                0x080002b8                copysignf
 .text          0x080002d0       0x3c D:/enviroment/msys2/mingw64/bin/../lib/gcc/arm-none-eabi/13.3.0/../../../../arm-none-eabi/lib/thumb/v7e-m+fp/hard\libm.a(libm_a-sf_fmax.o)
                0x080002d0                fmaxf
 .text          0x0800030c       0x3c D:/enviroment/msys2/mingw64/bin/../lib/gcc/arm-none-eabi/13.3.0/../../../../arm-none-eabi/lib/thumb/v7e-m+fp/hard\libm.a(libm_a-sf_fmin.o)
                0x0800030c                fminf
 .text          0x08000348       0x38 D:/enviroment/msys2/mingw64/bin/../lib/gcc/arm-none-eabi/13.3.0/../../../../arm-none-eabi/lib/thumb/v7e-m+fp/hard\libm.a(libm_a-sf_fpclassify.o)
                0x08000348                __fpclassifyf
 .text          0x08000380       0x30 D:/enviroment/msys2/mingw64/bin/../lib/gcc/arm-none-eabi/13.3.0/thumb/v7e-m+fp/hard\libgcc.a(_aeabi_uldivmod.o)
                0x08000380                __aeabi_uldivmod
 .text          0x080003b0        0x4 D:/enviroment/msys2/mingw64/bin/../lib/gcc/arm-none-eabi/13.3.0/thumb/v7e-m+fp/hard\libgcc.a(_dvmd_tls.o)
                0x080003b0                __aeabi_idiv0
                0x080003b0                __aeabi_ldiv0
 *(.text*)
 .text.__do_global_dtors_aux
                0x080003b4       0x24 D:/enviroment/msys2/mingw64/bin/../lib/gcc/arm-none-eabi/13.3.0/thumb/v7e-m+fp/hard/crtbegin.o
 .text.frame_dummy
                0x080003d8       0x1c D:/enviroment/msys2/mingw64/bin/../lib/gcc/arm-none-eabi/13.3.0/thumb/v7e-m+fp/hard/crtbegin.o
 .text.main     0x080003f4       0x2a build/main.o
                0x080003f4                main
 *fill*         0x0800041e        0x2 
 .text.SystemClock_Config
                0x08000420       0xd8 build/main.o
                0x08000420                SystemClock_Config
 .text.Error_Handler
                0x080004f8        0xc build/main.o
                0x080004f8                Error_Handler
 .text.MX_GPIO_Init
                0x08000504       0x88 build/gpio.o
                0x08000504                MX_GPIO_Init
 .text.MX_CAN1_Init
                0x0800058c       0x6c build/can.o
                0x0800058c                MX_CAN1_Init
 .text.MX_CAN2_Init
                0x080005f8       0x6c build/can.o
                0x080005f8                MX_CAN2_Init
 .text.HAL_CAN_MspInit
                0x08000664      0x180 build/can.o
                0x08000664                HAL_CAN_MspInit
 .text.NMI_Handler
                0x080007e4        0x8 build/stm32f4xx_it.o
                0x080007e4                NMI_Handler
 .text.HardFault_Handler
                0x080007ec        0x8 build/stm32f4xx_it.o
                0x080007ec                HardFault_Handler
 .text.MemManage_Handler
                0x080007f4        0x8 build/stm32f4xx_it.o
                0x080007f4                MemManage_Handler
 .text.BusFault_Handler
                0x080007fc        0x8 build/stm32f4xx_it.o
                0x080007fc                BusFault_Handler
 .text.UsageFault_Handler
                0x08000804        0x8 build/stm32f4xx_it.o
                0x08000804                UsageFault_Handler
 .text.SVC_Handler
                0x0800080c        0xe build/stm32f4xx_it.o
                0x0800080c                SVC_Handler
 .text.DebugMon_Handler
                0x0800081a        0xe build/stm32f4xx_it.o
                0x0800081a                DebugMon_Handler
 .text.PendSV_Handler
                0x08000828        0xe build/stm32f4xx_it.o
                0x08000828                PendSV_Handler
 *fill*         0x08000836        0x2 
 .text.SysTick_Handler
                0x08000838       0x1c build/stm32f4xx_it.o
                0x08000838                SysTick_Handler
 .text.CAN1_RX0_IRQHandler
                0x08000854       0x14 build/stm32f4xx_it.o
                0x08000854                CAN1_RX0_IRQHandler
 .text.CAN1_RX1_IRQHandler
                0x08000868       0x14 build/stm32f4xx_it.o
                0x08000868                CAN1_RX1_IRQHandler
 .text.CAN2_RX0_IRQHandler
                0x0800087c       0x14 build/stm32f4xx_it.o
                0x0800087c                CAN2_RX0_IRQHandler
 .text.CAN2_RX1_IRQHandler
                0x08000890       0x14 build/stm32f4xx_it.o
                0x08000890                CAN2_RX1_IRQHandler
 .text.HAL_MspInit
                0x080008a4       0x50 build/stm32f4xx_hal_msp.o
                0x080008a4                HAL_MspInit
 .text.HAL_CAN_Init
                0x080008f4      0x1f6 build/stm32f4xx_hal_can.o
                0x080008f4                HAL_CAN_Init
 *fill*         0x08000aea        0x2 
 .text.HAL_CAN_ConfigFilter
                0x08000aec      0x1bc build/stm32f4xx_hal_can.o
                0x08000aec                HAL_CAN_ConfigFilter
 .text.HAL_CAN_Start
                0x08000ca8       0x88 build/stm32f4xx_hal_can.o
                0x08000ca8                HAL_CAN_Start
 .text.HAL_CAN_AddTxMessage
                0x08000d30      0x1a0 build/stm32f4xx_hal_can.o
                0x08000d30                HAL_CAN_AddTxMessage
 .text.HAL_CAN_GetRxMessage
                0x08000ed0      0x244 build/stm32f4xx_hal_can.o
                0x08000ed0                HAL_CAN_GetRxMessage
 .text.HAL_CAN_ActivateNotification
                0x08001114       0x4c build/stm32f4xx_hal_can.o
                0x08001114                HAL_CAN_ActivateNotification
 .text.HAL_CAN_IRQHandler
                0x08001160      0x36e build/stm32f4xx_hal_can.o
                0x08001160                HAL_CAN_IRQHandler
 .text.HAL_CAN_TxMailbox0CompleteCallback
                0x080014ce       0x14 build/stm32f4xx_hal_can.o
                0x080014ce                HAL_CAN_TxMailbox0CompleteCallback
 .text.HAL_CAN_TxMailbox1CompleteCallback
                0x080014e2       0x14 build/stm32f4xx_hal_can.o
                0x080014e2                HAL_CAN_TxMailbox1CompleteCallback
 .text.HAL_CAN_TxMailbox2CompleteCallback
                0x080014f6       0x14 build/stm32f4xx_hal_can.o
                0x080014f6                HAL_CAN_TxMailbox2CompleteCallback
 .text.HAL_CAN_TxMailbox0AbortCallback
                0x0800150a       0x14 build/stm32f4xx_hal_can.o
                0x0800150a                HAL_CAN_TxMailbox0AbortCallback
 .text.HAL_CAN_TxMailbox1AbortCallback
                0x0800151e       0x14 build/stm32f4xx_hal_can.o
                0x0800151e                HAL_CAN_TxMailbox1AbortCallback
 .text.HAL_CAN_TxMailbox2AbortCallback
                0x08001532       0x14 build/stm32f4xx_hal_can.o
                0x08001532                HAL_CAN_TxMailbox2AbortCallback
 .text.HAL_CAN_RxFifo0FullCallback
                0x08001546       0x14 build/stm32f4xx_hal_can.o
                0x08001546                HAL_CAN_RxFifo0FullCallback
 .text.HAL_CAN_RxFifo1MsgPendingCallback
                0x0800155a       0x14 build/stm32f4xx_hal_can.o
                0x0800155a                HAL_CAN_RxFifo1MsgPendingCallback
 .text.HAL_CAN_RxFifo1FullCallback
                0x0800156e       0x14 build/stm32f4xx_hal_can.o
                0x0800156e                HAL_CAN_RxFifo1FullCallback
 .text.HAL_CAN_SleepCallback
                0x08001582       0x14 build/stm32f4xx_hal_can.o
                0x08001582                HAL_CAN_SleepCallback
 .text.HAL_CAN_WakeUpFromRxMsgCallback
                0x08001596       0x14 build/stm32f4xx_hal_can.o
                0x08001596                HAL_CAN_WakeUpFromRxMsgCallback
 .text.HAL_CAN_ErrorCallback
                0x080015aa       0x14 build/stm32f4xx_hal_can.o
                0x080015aa                HAL_CAN_ErrorCallback
 *fill*         0x080015be        0x2 
 .text.HAL_RCC_ClockConfig
                0x080015c0      0x1cc build/stm32f4xx_hal_rcc.o
                0x080015c0                HAL_RCC_ClockConfig
 .text.HAL_RCC_GetHCLKFreq
                0x0800178c       0x18 build/stm32f4xx_hal_rcc.o
                0x0800178c                HAL_RCC_GetHCLKFreq
 .text.HAL_RCC_GetPCLK1Freq
                0x080017a4       0x28 build/stm32f4xx_hal_rcc.o
                0x080017a4                HAL_RCC_GetPCLK1Freq
 .text.HAL_RCC_GetPCLK2Freq
                0x080017cc       0x28 build/stm32f4xx_hal_rcc.o
                0x080017cc                HAL_RCC_GetPCLK2Freq
 .text.HAL_RCC_GetSysClockFreq
                0x080017f4      0x354 build/stm32f4xx_hal_rcc_ex.o
                0x080017f4                HAL_RCC_GetSysClockFreq
 .text.HAL_RCC_OscConfig
                0x08001b48      0x53c build/stm32f4xx_hal_rcc_ex.o
                0x08001b48                HAL_RCC_OscConfig
 .text.HAL_GPIO_Init
                0x08002084      0x328 build/stm32f4xx_hal_gpio.o
                0x08002084                HAL_GPIO_Init
 .text.HAL_DMA_Init
                0x080023ac      0x15c build/stm32f4xx_hal_dma.o
                0x080023ac                HAL_DMA_Init
 .text.DMA_CalcBaseAndBitshift
                0x08002508       0x6c build/stm32f4xx_hal_dma.o
 .text.DMA_CheckFifoParam
                0x08002574       0xf8 build/stm32f4xx_hal_dma.o
 .text.__NVIC_SetPriorityGrouping
                0x0800266c       0x48 build/stm32f4xx_hal_cortex.o
 .text.__NVIC_GetPriorityGrouping
                0x080026b4       0x1c build/stm32f4xx_hal_cortex.o
 .text.__NVIC_EnableIRQ
                0x080026d0       0x3c build/stm32f4xx_hal_cortex.o
 .text.__NVIC_SetPriority
                0x0800270c       0x54 build/stm32f4xx_hal_cortex.o
 .text.NVIC_EncodePriority
                0x08002760       0x66 build/stm32f4xx_hal_cortex.o
 *fill*         0x080027c6        0x2 
 .text.SysTick_Config
                0x080027c8       0x44 build/stm32f4xx_hal_cortex.o
 .text.HAL_NVIC_SetPriorityGrouping
                0x0800280c       0x16 build/stm32f4xx_hal_cortex.o
                0x0800280c                HAL_NVIC_SetPriorityGrouping
 .text.HAL_NVIC_SetPriority
                0x08002822       0x38 build/stm32f4xx_hal_cortex.o
                0x08002822                HAL_NVIC_SetPriority
 .text.HAL_NVIC_EnableIRQ
                0x0800285a       0x1c build/stm32f4xx_hal_cortex.o
                0x0800285a                HAL_NVIC_EnableIRQ
 .text.HAL_SYSTICK_Config
                0x08002876       0x18 build/stm32f4xx_hal_cortex.o
                0x08002876                HAL_SYSTICK_Config
 *fill*         0x0800288e        0x2 
 .text.HAL_Init
                0x08002890       0x44 build/stm32f4xx_hal.o
                0x08002890                HAL_Init
 .text.HAL_InitTick
                0x080028d4       0x60 build/stm32f4xx_hal.o
                0x080028d4                HAL_InitTick
 .text.HAL_IncTick
                0x08002934       0x28 build/stm32f4xx_hal.o
                0x08002934                HAL_IncTick
 .text.HAL_GetTick
                0x0800295c       0x18 build/stm32f4xx_hal.o
                0x0800295c                HAL_GetTick
 .text.HAL_Delay
                0x08002974       0x48 build/stm32f4xx_hal.o
                0x08002974                HAL_Delay
 .text.SystemInit
                0x080029bc       0x24 build/system_stm32f4xx.o
                0x080029bc                SystemInit
 .text.MX_DMA_Init
                0x080029e0       0x40 build/dma.o
                0x080029e0                MX_DMA_Init
 .text.MX_USART3_UART_Init
                0x08002a20       0x58 build/usart.o
                0x08002a20                MX_USART3_UART_Init
 .text.HAL_UART_MspInit
                0x08002a78      0x14c build/usart.o
                0x08002a78                HAL_UART_MspInit
 .text.HAL_UART_Init
                0x08002bc4       0xa0 build/stm32f4xx_hal_uart.o
                0x08002bc4                HAL_UART_Init
 .text.UART_SetConfig
                0x08002c64      0x4e8 build/stm32f4xx_hal_uart.o
 .text.can_bsp_init
                0x0800314c       0x30 build/bsp_can.o
                0x0800314c                can_bsp_init
 .text.can_filter_init
                0x0800317c       0x74 build/bsp_can.o
                0x0800317c                can_filter_init
 .text.canx_bsp_send_data
                0x080031f0       0x64 build/bsp_can.o
                0x080031f0                canx_bsp_send_data
 .text.canx_bsp_receive
                0x08003254       0x38 build/bsp_can.o
                0x08003254                canx_bsp_receive
 .text.HAL_CAN_RxFifo0MsgPendingCallback
                0x0800328c       0x30 build/bsp_can.o
                0x0800328c                HAL_CAN_RxFifo0MsgPendingCallback
 .text.can2_rx_callback
                0x080032bc        0xe build/bsp_can.o
                0x080032bc                can2_rx_callback
 *fill*         0x080032ca        0x2 
 .text.dm4310_motor_init
                0x080032cc       0xac build/dm_ctrl.o
                0x080032cc                dm4310_motor_init
 .text.ctrl_enable
                0x08003378       0x54 build/dm_ctrl.o
                0x08003378                ctrl_enable
 .text.ctrl_send
                0x080033cc       0x40 build/dm_ctrl.o
                0x080033cc                ctrl_send
 .text.can1_rx_callback
                0x0800340c       0x90 build/dm_ctrl.o
                0x0800340c                can1_rx_callback
 .text.dm4310_enable
                0x0800349c       0x6a build/dm_drv.o
                0x0800349c                dm4310_enable
 .text.dm4310_ctrl_send
                0x08003506       0xb0 build/dm_drv.o
                0x08003506                dm4310_ctrl_send
 .text.dm4310_set
                0x080035b6       0x3c build/dm_drv.o
                0x080035b6                dm4310_set
 .text.dm4310_fbdata
                0x080035f2       0xf2 build/dm_drv.o
                0x080035f2                dm4310_fbdata
 .text.float_to_uint
                0x080036e4       0x66 build/dm_drv.o
                0x080036e4                float_to_uint
 .text.uint_to_float
                0x0800374a       0x64 build/dm_drv.o
                0x0800374a                uint_to_float
 .text.enable_motor_mode
                0x080037ae       0x4e build/dm_drv.o
                0x080037ae                enable_motor_mode
 .text.mit_ctrl
                0x080037fc      0x120 build/dm_drv.o
                0x080037fc                mit_ctrl
 .text.pos_speed_ctrl
                0x0800391c       0x6a build/dm_drv.o
                0x0800391c                pos_speed_ctrl
 .text.speed_ctrl
                0x08003986       0x4a build/dm_drv.o
                0x08003986                speed_ctrl
 .text.RC_init  0x080039d0       0xb8 build/remote_control.o
                0x080039d0                RC_init
 .text.remote_control_init
                0x08003a88       0x1c build/remote_control.o
                0x08003a88                remote_control_init
 .text.Sbus_Data_Count
                0x08003aa4      0x3bc build/remote_control.o
                0x08003aa4                Sbus_Data_Count
 .text.get_channel_raw_value
                0x08003e60       0x84 build/remote_control.o
                0x08003e60                get_channel_raw_value
 .text.USART3_IRQHandler
                0x08003ee4      0x138 build/remote_control.o
                0x08003ee4                USART3_IRQHandler
 .text.remote_control_active
                0x0800401c       0x10 build/remote_control.o
                0x0800401c                remote_control_active
 .text.scheduler_init
                0x0800402c       0x74 build/scheduler.o
                0x0800402c                scheduler_init
 .text.create_task
                0x080040a0      0x114 build/scheduler.o
                0x080040a0                create_task
 .text.scheduler_run
                0x080041b4       0xf0 build/scheduler.o
                0x080041b4                scheduler_run
 .text.task_init
                0x080042a4       0x44 build/task.o
                0x080042a4                task_init
 .text.task_10ms
                0x080042e8        0xe build/task.o
                0x080042e8                task_10ms
 .text.task_20ms
                0x080042f6        0xc build/task.o
                0x080042f6                task_20ms
 .text.task_100ms
                0x08004302        0xe build/task.o
                0x08004302                task_100ms
 .text.map_value
                0x08004310       0x94 build/coordinate_mapping.o
 .text.Set_Stick_Channels
                0x080043a4       0x2c build/coordinate_mapping.o
                0x080043a4                Set_Stick_Channels
 .text.Set_Joint_Ranges
                0x080043d0       0x40 build/coordinate_mapping.o
                0x080043d0                Set_Joint_Ranges
 .text.Map_To_JointSpace
                0x08004410      0x1d8 build/coordinate_mapping.o
                0x08004410                Map_To_JointSpace
 .text.ArmControl_Init
                0x080045e8       0x80 build/arm_control.o
                0x080045e8                ArmControl_Init
 .text.Apply_Smoothing
                0x08004668       0xd4 build/arm_control.o
 .text.ArmControl_Update
                0x0800473c       0x7c build/arm_control.o
                0x0800473c                ArmControl_Update
 .text.MCU_Init
                0x080047b8       0x18 build/mcu_config.o
                0x080047b8                MCU_Init
 .text.can_driver_init
                0x080047d0        0xc build/can_driver.o
                0x080047d0                can_driver_init
 .text.canx_send_data
                0x080047dc       0x24 build/can_driver.o
                0x080047dc                canx_send_data
 .text.canx_receive_data
                0x08004800       0x24 build/can_driver.o
                0x08004800                canx_receive_data
 .text.Reset_Handler
                0x08004824       0x50 build/startup_stm32f446xx.o
                0x08004824                Reset_Handler
 .text.Default_Handler
                0x08004874        0x2 build/startup_stm32f446xx.o
                0x08004874                RTC_Alarm_IRQHandler
                0x08004874                EXTI2_IRQHandler
                0x08004874                TIM8_CC_IRQHandler
                0x08004874                FMPI2C1_EV_IRQHandler
                0x08004874                SPI4_IRQHandler
                0x08004874                TIM1_CC_IRQHandler
                0x08004874                DMA2_Stream5_IRQHandler
                0x08004874                DMA1_Stream5_IRQHandler
                0x08004874                PVD_IRQHandler
                0x08004874                SDIO_IRQHandler
                0x08004874                TAMP_STAMP_IRQHandler
                0x08004874                EXTI3_IRQHandler
                0x08004874                TIM8_TRG_COM_TIM14_IRQHandler
                0x08004874                TIM1_UP_TIM10_IRQHandler
                0x08004874                TIM8_UP_TIM13_IRQHandler
                0x08004874                I2C3_ER_IRQHandler
                0x08004874                EXTI0_IRQHandler
                0x08004874                I2C2_EV_IRQHandler
                0x08004874                DMA1_Stream2_IRQHandler
                0x08004874                FPU_IRQHandler
                0x08004874                OTG_HS_WKUP_IRQHandler
                0x08004874                CAN2_SCE_IRQHandler
                0x08004874                DMA2_Stream2_IRQHandler
                0x08004874                SPI1_IRQHandler
                0x08004874                TIM6_DAC_IRQHandler
                0x08004874                TIM1_BRK_TIM9_IRQHandler
                0x08004874                DCMI_IRQHandler
                0x08004874                DMA2_Stream3_IRQHandler
                0x08004874                SAI2_IRQHandler
                0x08004874                USART6_IRQHandler
                0x08004874                UART5_IRQHandler
                0x08004874                DMA2_Stream0_IRQHandler
                0x08004874                TIM4_IRQHandler
                0x08004874                QUADSPI_IRQHandler
                0x08004874                I2C1_EV_IRQHandler
                0x08004874                DMA1_Stream6_IRQHandler
                0x08004874                DMA1_Stream1_IRQHandler
                0x08004874                UART4_IRQHandler
                0x08004874                TIM3_IRQHandler
                0x08004874                RCC_IRQHandler
                0x08004874                TIM8_BRK_TIM12_IRQHandler
                0x08004874                Default_Handler
                0x08004874                CEC_IRQHandler
                0x08004874                EXTI15_10_IRQHandler
                0x08004874                ADC_IRQHandler
                0x08004874                DMA1_Stream7_IRQHandler
                0x08004874                TIM7_IRQHandler
                0x08004874                CAN2_TX_IRQHandler
                0x08004874                TIM5_IRQHandler
                0x08004874                DMA2_Stream7_IRQHandler
                0x08004874                I2C3_EV_IRQHandler
                0x08004874                EXTI9_5_IRQHandler
                0x08004874                RTC_WKUP_IRQHandler
                0x08004874                SPDIF_RX_IRQHandler
                0x08004874                SPI2_IRQHandler
                0x08004874                OTG_HS_EP1_IN_IRQHandler
                0x08004874                DMA1_Stream0_IRQHandler
                0x08004874                CAN1_TX_IRQHandler
                0x08004874                FMPI2C1_ER_IRQHandler
                0x08004874                EXTI4_IRQHandler
                0x08004874                OTG_HS_EP1_OUT_IRQHandler
                0x08004874                WWDG_IRQHandler
                0x08004874                TIM2_IRQHandler
                0x08004874                OTG_FS_WKUP_IRQHandler
                0x08004874                TIM1_TRG_COM_TIM11_IRQHandler
                0x08004874                OTG_HS_IRQHandler
                0x08004874                EXTI1_IRQHandler
                0x08004874                USART2_IRQHandler
                0x08004874                I2C2_ER_IRQHandler
                0x08004874                DMA2_Stream1_IRQHandler
                0x08004874                CAN1_SCE_IRQHandler
                0x08004874                FLASH_IRQHandler
                0x08004874                DMA2_Stream4_IRQHandler
                0x08004874                USART1_IRQHandler
                0x08004874                OTG_FS_IRQHandler
                0x08004874                SPI3_IRQHandler
                0x08004874                DMA1_Stream4_IRQHandler
                0x08004874                I2C1_ER_IRQHandler
                0x08004874                FMC_IRQHandler
                0x08004874                DMA2_Stream6_IRQHandler
                0x08004874                SAI1_IRQHandler
                0x08004874                DMA1_Stream3_IRQHandler
 .text.__udivmoddi4
                0x08004876      0x2a0 D:/enviroment/msys2/mingw64/bin/../lib/gcc/arm-none-eabi/13.3.0/thumb/v7e-m+fp/hard\libgcc.a(_udivmoddi4.o)
                0x08004876                __udivmoddi4
 *(.glue_7)
 .glue_7        0x08004b16        0x0 linker stubs
 *(.glue_7t)
 .glue_7t       0x08004b16        0x0 linker stubs
 *(.eh_frame)
 *fill*         0x08004b16        0x2 
 .eh_frame      0x08004b18        0x0 D:/enviroment/msys2/mingw64/bin/../lib/gcc/arm-none-eabi/13.3.0/thumb/v7e-m+fp/hard/crtbegin.o
 *(.init)
 .init          0x08004b18        0x4 D:/enviroment/msys2/mingw64/bin/../lib/gcc/arm-none-eabi/13.3.0/thumb/v7e-m+fp/hard/crti.o
                0x08004b18                _init
 .init          0x08004b1c        0x8 D:/enviroment/msys2/mingw64/bin/../lib/gcc/arm-none-eabi/13.3.0/thumb/v7e-m+fp/hard/crtn.o
 *(.fini)
 .fini          0x08004b24        0x4 D:/enviroment/msys2/mingw64/bin/../lib/gcc/arm-none-eabi/13.3.0/thumb/v7e-m+fp/hard/crti.o
                0x08004b24                _fini
 .fini          0x08004b28        0x8 D:/enviroment/msys2/mingw64/bin/../lib/gcc/arm-none-eabi/13.3.0/thumb/v7e-m+fp/hard/crtn.o
                0x08004b30                        . = ALIGN (0x4)
                0x08004b30                        _etext = .

.vfp11_veneer   0x08004b30        0x0
 .vfp11_veneer  0x08004b30        0x0 linker stubs

.v4_bx          0x08004b30        0x0
 .v4_bx         0x08004b30        0x0 linker stubs

.iplt           0x08004b30        0x0
 .iplt          0x08004b30        0x0 D:/enviroment/msys2/mingw64/bin/../lib/gcc/arm-none-eabi/13.3.0/thumb/v7e-m+fp/hard/crtbegin.o

.rodata         0x08004b30       0x4c
                0x08004b30                        . = ALIGN (0x4)
 *(.rodata)
 .rodata        0x08004b30       0x2b build/task.o
 *(.rodata*)
 *fill*         0x08004b5b        0x1 
 .rodata.flagBitshiftOffset.0
                0x08004b5c        0x8 build/stm32f4xx_hal_dma.o
 .rodata.AHBPrescTable
                0x08004b64       0x10 build/system_stm32f4xx.o
                0x08004b64                AHBPrescTable
 .rodata.APBPrescTable
                0x08004b74        0x8 build/system_stm32f4xx.o
                0x08004b74                APBPrescTable
                0x08004b7c                        . = ALIGN (0x4)

.ARM.extab      0x08004b7c        0x0
                0x08004b7c                        . = ALIGN (0x4)
 *(.ARM.extab* .gnu.linkonce.armextab.*)
                0x08004b7c                        . = ALIGN (0x4)

.ARM            0x08004b7c        0x8
                0x08004b7c                        . = ALIGN (0x4)
                0x08004b7c                        __exidx_start = .
 *(.ARM.exidx*)
 .ARM.exidx.text.__udivmoddi4
                0x08004b7c        0x8 D:/enviroment/msys2/mingw64/bin/../lib/gcc/arm-none-eabi/13.3.0/thumb/v7e-m+fp/hard\libgcc.a(_udivmoddi4.o)
                0x08004b84                        __exidx_end = .
                0x08004b84                        . = ALIGN (0x4)

.preinit_array  0x08004b84        0x0
                0x08004b84                        . = ALIGN (0x4)
                0x08004b84                        PROVIDE (__preinit_array_start = .)
 *(.preinit_array*)
                0x08004b84                        PROVIDE (__preinit_array_end = .)
                0x08004b84                        . = ALIGN (0x4)

.init_array     0x08004b84        0x4
                0x08004b84                        . = ALIGN (0x4)
                0x08004b84                        PROVIDE (__init_array_start = .)
 *(SORT_BY_NAME(.init_array.*))
 *(.init_array*)
 .init_array    0x08004b84        0x4 D:/enviroment/msys2/mingw64/bin/../lib/gcc/arm-none-eabi/13.3.0/thumb/v7e-m+fp/hard/crtbegin.o
                0x08004b88                        PROVIDE (__init_array_end = .)
                0x08004b88                        . = ALIGN (0x4)

.fini_array     0x08004b88        0x4
                0x08004b88                        . = ALIGN (0x4)
                0x08004b88                        PROVIDE (__fini_array_start = .)
 *(SORT_BY_NAME(.fini_array.*))
 *(.fini_array*)
 .fini_array    0x08004b88        0x4 D:/enviroment/msys2/mingw64/bin/../lib/gcc/arm-none-eabi/13.3.0/thumb/v7e-m+fp/hard/crtbegin.o
                0x08004b8c                        PROVIDE (__fini_array_end = .)
                0x08004b8c                        . = ALIGN (0x4)
                0x08004b8c                        _sidata = LOADADDR (.data)

.rel.dyn        0x08004b8c        0x0
 .rel.iplt      0x08004b8c        0x0 D:/enviroment/msys2/mingw64/bin/../lib/gcc/arm-none-eabi/13.3.0/thumb/v7e-m+fp/hard/crtbegin.o

.data           0x20000000       0x20 load address 0x08004b8c
                0x20000000                        . = ALIGN (0x4)
                0x20000000                        _sdata = .
 *(.data)
 *(.data*)
 .data.uwTickPrio
                0x20000000        0x4 build/stm32f4xx_hal.o
                0x20000000                uwTickPrio
 .data.uwTickFreq
                0x20000004        0x1 build/stm32f4xx_hal.o
                0x20000004                uwTickFreq
 *fill*         0x20000005        0x3 
 .data.SystemCoreClock
                0x20000008        0x4 build/system_stm32f4xx.o
                0x20000008                SystemCoreClock
 .data.stick_config
                0x2000000c        0x2 build/coordinate_mapping.o
 *fill*         0x2000000e        0x2 
 .data.workspace_config
                0x20000010       0x10 build/coordinate_mapping.o
 *(.RamFunc)
 *(.RamFunc*)
                0x20000020                        . = ALIGN (0x4)
                0x20000020                        _edata = .

.igot.plt       0x20000020        0x0 load address 0x08004bac
 .igot.plt      0x20000020        0x0 D:/enviroment/msys2/mingw64/bin/../lib/gcc/arm-none-eabi/13.3.0/thumb/v7e-m+fp/hard/crtbegin.o
                0x20000020                        . = ALIGN (0x4)

.bss            0x20000020      0x374 load address 0x08004bac
                0x20000020                        _sbss = .
                0x20000020                        __bss_start__ = _sbss
 *(.bss)
 *(.bss*)
 .bss.completed.1
                0x20000020        0x1 D:/enviroment/msys2/mingw64/bin/../lib/gcc/arm-none-eabi/13.3.0/thumb/v7e-m+fp/hard/crtbegin.o
 *fill*         0x20000021        0x3 
 .bss.object.0  0x20000024       0x18 D:/enviroment/msys2/mingw64/bin/../lib/gcc/arm-none-eabi/13.3.0/thumb/v7e-m+fp/hard/crtbegin.o
 .bss.hcan1     0x2000003c       0x28 build/can.o
                0x2000003c                hcan1
 .bss.hcan2     0x20000064       0x28 build/can.o
                0x20000064                hcan2
 .bss.HAL_RCC_CAN1_CLK_ENABLED
                0x2000008c        0x4 build/can.o
 .bss.uwTick    0x20000090        0x4 build/stm32f4xx_hal.o
                0x20000090                uwTick
 .bss.huart3    0x20000094       0x48 build/usart.o
                0x20000094                huart3
 .bss.hdma_usart3_rx
                0x200000dc       0x60 build/usart.o
                0x200000dc                hdma_usart3_rx
 .bss.motor     0x2000013c       0xd8 build/dm_ctrl.o
                0x2000013c                motor
 .bss.sbus_rx_buf
                0x20000214       0x64 build/remote_control.o
 .bss.channels  0x20000278       0x24 build/remote_control.o
                0x20000278                channels
 .bss.rc_ctrl1  0x2000029c       0x10 build/remote_control.o
                0x2000029c                rc_ctrl1
 .bss.this_time_rx_len.0
                0x200002ac        0x2 build/remote_control.o
 *fill*         0x200002ae        0x2 
 .bss.sys_time  0x200002b0        0x4 build/scheduler.o
                0x200002b0                sys_time
 .bss.run_queue
                0x200002b4       0xc0 build/scheduler.o
                0x200002b4                run_queue
 .bss.task_num  0x20000374        0x1 build/scheduler.o
                0x20000374                task_num
 *fill*         0x20000375        0x3 
 .bss.last_run.0
                0x20000378        0x4 build/scheduler.o
 .bss.target_angles
                0x2000037c        0xc build/arm_control.o
 .bss.current_angles
                0x20000388        0xc build/arm_control.o
 *(COMMON)
                0x20000394                        . = ALIGN (0x4)
                0x20000394                        _ebss = .
                0x20000394                        __bss_end__ = _ebss

._user_heap_stack
                0x20000394      0x604 load address 0x08004bac
                0x20000398                        . = ALIGN (0x8)
 *fill*         0x20000394        0x4 
                0x20000398                        PROVIDE (end = .)
                [!provide]                        PROVIDE (_end = .)
                0x20000598                        . = (. + _Min_Heap_Size)
 *fill*         0x20000398      0x200 
                0x20000998                        . = (. + _Min_Stack_Size)
 *fill*         0x20000598      0x400 
                0x20000998                        . = ALIGN (0x8)

/DISCARD/
 libc.a(*)
 libm.a(*)
 libgcc.a(*)
OUTPUT(build/drone_arm.elf elf32-littlearm)
LOAD linker stubs
LOAD D:/enviroment/msys2/mingw64/bin/../lib/gcc/arm-none-eabi/13.3.0/../../../../arm-none-eabi/lib/thumb/v7e-m+fp/hard\libc.a
LOAD D:/enviroment/msys2/mingw64/bin/../lib/gcc/arm-none-eabi/13.3.0/../../../../arm-none-eabi/lib/thumb/v7e-m+fp/hard\libm.a
LOAD D:/enviroment/msys2/mingw64/bin/../lib/gcc/arm-none-eabi/13.3.0/thumb/v7e-m+fp/hard\libgcc.a

.ARM.attributes
                0x00000000       0x30
 .ARM.attributes
                0x00000000       0x22 D:/enviroment/msys2/mingw64/bin/../lib/gcc/arm-none-eabi/13.3.0/thumb/v7e-m+fp/hard/crti.o
 .ARM.attributes
                0x00000022       0x34 D:/enviroment/msys2/mingw64/bin/../lib/gcc/arm-none-eabi/13.3.0/thumb/v7e-m+fp/hard/crtbegin.o
 .ARM.attributes
                0x00000056       0x34 build/main.o
 .ARM.attributes
                0x0000008a       0x34 build/gpio.o
 .ARM.attributes
                0x000000be       0x34 build/can.o
 .ARM.attributes
                0x000000f2       0x34 build/stm32f4xx_it.o
 .ARM.attributes
                0x00000126       0x34 build/stm32f4xx_hal_msp.o
 .ARM.attributes
                0x0000015a       0x34 build/stm32f4xx_hal_can.o
 .ARM.attributes
                0x0000018e       0x34 build/stm32f4xx_hal_rcc.o
 .ARM.attributes
                0x000001c2       0x34 build/stm32f4xx_hal_rcc_ex.o
 .ARM.attributes
                0x000001f6       0x34 build/stm32f4xx_hal_gpio.o
 .ARM.attributes
                0x0000022a       0x34 build/stm32f4xx_hal_dma.o
 .ARM.attributes
                0x0000025e       0x34 build/stm32f4xx_hal_cortex.o
 .ARM.attributes
                0x00000292       0x34 build/stm32f4xx_hal.o
 .ARM.attributes
                0x000002c6       0x34 build/system_stm32f4xx.o
 .ARM.attributes
                0x000002fa       0x34 build/dma.o
 .ARM.attributes
                0x0000032e       0x34 build/usart.o
 .ARM.attributes
                0x00000362       0x34 build/stm32f4xx_hal_uart.o
 .ARM.attributes
                0x00000396       0x34 build/bsp_can.o
 .ARM.attributes
                0x000003ca       0x34 build/dm_ctrl.o
 .ARM.attributes
                0x000003fe       0x34 build/dm_drv.o
 .ARM.attributes
                0x00000432       0x34 build/remote_control.o
 .ARM.attributes
                0x00000466       0x34 build/scheduler.o
 .ARM.attributes
                0x0000049a       0x34 build/task.o
 .ARM.attributes
                0x000004ce       0x34 build/coordinate_mapping.o
 .ARM.attributes
                0x00000502       0x34 build/arm_control.o
 .ARM.attributes
                0x00000536       0x34 build/mcu_config.o
 .ARM.attributes
                0x0000056a       0x34 build/can_driver.o
 .ARM.attributes
                0x0000059e       0x21 build/startup_stm32f446xx.o
 .ARM.attributes
                0x000005bf       0x34 D:/enviroment/msys2/mingw64/bin/../lib/gcc/arm-none-eabi/13.3.0/../../../../arm-none-eabi/lib/thumb/v7e-m+fp/hard\libc_nano.a(libc_a-memset.o)
 .ARM.attributes
                0x000005f3       0x34 D:/enviroment/msys2/mingw64/bin/../lib/gcc/arm-none-eabi/13.3.0/../../../../arm-none-eabi/lib/thumb/v7e-m+fp/hard\libc_nano.a(libc_a-init.o)
 .ARM.attributes
                0x00000627       0x34 D:/enviroment/msys2/mingw64/bin/../lib/gcc/arm-none-eabi/13.3.0/../../../../arm-none-eabi/lib/thumb/v7e-m+fp/hard\libc_nano.a(libm_a-sf_copysign.o)
 .ARM.attributes
                0x0000065b       0x34 D:/enviroment/msys2/mingw64/bin/../lib/gcc/arm-none-eabi/13.3.0/../../../../arm-none-eabi/lib/thumb/v7e-m+fp/hard\libm.a(libm_a-sf_fmax.o)
 .ARM.attributes
                0x0000068f       0x34 D:/enviroment/msys2/mingw64/bin/../lib/gcc/arm-none-eabi/13.3.0/../../../../arm-none-eabi/lib/thumb/v7e-m+fp/hard\libm.a(libm_a-sf_fmin.o)
 .ARM.attributes
                0x000006c3       0x34 D:/enviroment/msys2/mingw64/bin/../lib/gcc/arm-none-eabi/13.3.0/../../../../arm-none-eabi/lib/thumb/v7e-m+fp/hard\libm.a(libm_a-sf_fpclassify.o)
 .ARM.attributes
                0x000006f7       0x22 D:/enviroment/msys2/mingw64/bin/../lib/gcc/arm-none-eabi/13.3.0/thumb/v7e-m+fp/hard\libgcc.a(_aeabi_uldivmod.o)
 .ARM.attributes
                0x00000719       0x34 D:/enviroment/msys2/mingw64/bin/../lib/gcc/arm-none-eabi/13.3.0/thumb/v7e-m+fp/hard\libgcc.a(_udivmoddi4.o)
 .ARM.attributes
                0x0000074d       0x22 D:/enviroment/msys2/mingw64/bin/../lib/gcc/arm-none-eabi/13.3.0/thumb/v7e-m+fp/hard\libgcc.a(_dvmd_tls.o)
 .ARM.attributes
                0x0000076f       0x22 D:/enviroment/msys2/mingw64/bin/../lib/gcc/arm-none-eabi/13.3.0/thumb/v7e-m+fp/hard/crtn.o

.comment        0x00000000       0x12
 .comment       0x00000000       0x12 build/main.o
                                 0x13 (size before relaxing)
 .comment       0x00000012       0x13 build/gpio.o
 .comment       0x00000012       0x13 build/can.o
 .comment       0x00000012       0x13 build/stm32f4xx_it.o
 .comment       0x00000012       0x13 build/stm32f4xx_hal_msp.o
 .comment       0x00000012       0x13 build/stm32f4xx_hal_can.o
 .comment       0x00000012       0x13 build/stm32f4xx_hal_rcc.o
 .comment       0x00000012       0x13 build/stm32f4xx_hal_rcc_ex.o
 .comment       0x00000012       0x13 build/stm32f4xx_hal_gpio.o
 .comment       0x00000012       0x13 build/stm32f4xx_hal_dma.o
 .comment       0x00000012       0x13 build/stm32f4xx_hal_cortex.o
 .comment       0x00000012       0x13 build/stm32f4xx_hal.o
 .comment       0x00000012       0x13 build/system_stm32f4xx.o
 .comment       0x00000012       0x13 build/dma.o
 .comment       0x00000012       0x13 build/usart.o
 .comment       0x00000012       0x13 build/stm32f4xx_hal_uart.o
 .comment       0x00000012       0x13 build/bsp_can.o
 .comment       0x00000012       0x13 build/dm_ctrl.o
 .comment       0x00000012       0x13 build/dm_drv.o
 .comment       0x00000012       0x13 build/remote_control.o
 .comment       0x00000012       0x13 build/scheduler.o
 .comment       0x00000012       0x13 build/task.o
 .comment       0x00000012       0x13 build/coordinate_mapping.o
 .comment       0x00000012       0x13 build/arm_control.o
 .comment       0x00000012       0x13 build/mcu_config.o
 .comment       0x00000012       0x13 build/can_driver.o
 .comment       0x00000012       0x13 D:/enviroment/msys2/mingw64/bin/../lib/gcc/arm-none-eabi/13.3.0/../../../../arm-none-eabi/lib/thumb/v7e-m+fp/hard\libc_nano.a(libc_a-memset.o)
 .comment       0x00000012       0x13 D:/enviroment/msys2/mingw64/bin/../lib/gcc/arm-none-eabi/13.3.0/../../../../arm-none-eabi/lib/thumb/v7e-m+fp/hard\libc_nano.a(libc_a-init.o)
 .comment       0x00000012       0x13 D:/enviroment/msys2/mingw64/bin/../lib/gcc/arm-none-eabi/13.3.0/../../../../arm-none-eabi/lib/thumb/v7e-m+fp/hard\libc_nano.a(libm_a-sf_copysign.o)
 .comment       0x00000012       0x13 D:/enviroment/msys2/mingw64/bin/../lib/gcc/arm-none-eabi/13.3.0/thumb/v7e-m+fp/hard\libgcc.a(_udivmoddi4.o)

.debug_info     0x00000000    0x1121e
 .debug_info    0x00000000      0x64f build/main.o
 .debug_info    0x0000064f      0x36d build/gpio.o
 .debug_info    0x000009bc      0xd0f build/can.o
 .debug_info    0x000016cb      0x65b build/stm32f4xx_it.o
 .debug_info    0x00001d26      0x333 build/stm32f4xx_hal_msp.o
 .debug_info    0x00002059     0x1159 build/stm32f4xx_hal_can.o
 .debug_info    0x000031b2      0xaba build/stm32f4xx_hal_rcc.o
 .debug_info    0x00003c6c      0xadd build/stm32f4xx_hal_rcc_ex.o
 .debug_info    0x00004749      0x86a build/stm32f4xx_hal_gpio.o
 .debug_info    0x00004fb3      0x9e8 build/stm32f4xx_hal_dma.o
 .debug_info    0x0000599b      0xfa5 build/stm32f4xx_hal_cortex.o
 .debug_info    0x00006940      0xad6 build/stm32f4xx_hal.o
 .debug_info    0x00007416      0x5e4 build/system_stm32f4xx.o
 .debug_info    0x000079fa      0x59b build/dma.o
 .debug_info    0x00007f95      0xdf9 build/usart.o
 .debug_info    0x00008d8e     0x330e build/stm32f4xx_hal_uart.o
 .debug_info    0x0000c09c      0x947 build/bsp_can.o
 .debug_info    0x0000c9e3      0x9d9 build/dm_ctrl.o
 .debug_info    0x0000d3bc      0xd30 build/dm_drv.o
 .debug_info    0x0000e0ec      0xb62 build/remote_control.o
 .debug_info    0x0000ec4e      0x3ff build/scheduler.o
 .debug_info    0x0000f04d      0x3c7 build/task.o
 .debug_info    0x0000f414      0x3cc build/coordinate_mapping.o
 .debug_info    0x0000f7e0      0x4a1 build/arm_control.o
 .debug_info    0x0000fc81       0xcc build/mcu_config.o
 .debug_info    0x0000fd4d      0x983 build/can_driver.o
 .debug_info    0x000106d0       0x30 build/startup_stm32f446xx.o
 .debug_info    0x00010700      0x135 D:/enviroment/msys2/mingw64/bin/../lib/gcc/arm-none-eabi/13.3.0/../../../../arm-none-eabi/lib/thumb/v7e-m+fp/hard\libc_nano.a(libc_a-memset.o)
 .debug_info    0x00010835      0x10b D:/enviroment/msys2/mingw64/bin/../lib/gcc/arm-none-eabi/13.3.0/../../../../arm-none-eabi/lib/thumb/v7e-m+fp/hard\libc_nano.a(libc_a-init.o)
 .debug_info    0x00010940      0x17b D:/enviroment/msys2/mingw64/bin/../lib/gcc/arm-none-eabi/13.3.0/../../../../arm-none-eabi/lib/thumb/v7e-m+fp/hard\libc_nano.a(libm_a-sf_copysign.o)
 .debug_info    0x00010abb       0x24 D:/enviroment/msys2/mingw64/bin/../lib/gcc/arm-none-eabi/13.3.0/thumb/v7e-m+fp/hard\libgcc.a(_aeabi_uldivmod.o)
 .debug_info    0x00010adf      0x703 D:/enviroment/msys2/mingw64/bin/../lib/gcc/arm-none-eabi/13.3.0/thumb/v7e-m+fp/hard\libgcc.a(_udivmoddi4.o)
 .debug_info    0x000111e2       0x3c D:/enviroment/msys2/mingw64/bin/../lib/gcc/arm-none-eabi/13.3.0/thumb/v7e-m+fp/hard\libgcc.a(_dvmd_tls.o)

.debug_abbrev   0x00000000     0x32d2
 .debug_abbrev  0x00000000      0x1d5 build/main.o
 .debug_abbrev  0x000001d5       0xd6 build/gpio.o
 .debug_abbrev  0x000002ab      0x1ee build/can.o
 .debug_abbrev  0x00000499      0x163 build/stm32f4xx_it.o
 .debug_abbrev  0x000005fc       0xd6 build/stm32f4xx_hal_msp.o
 .debug_abbrev  0x000006d2      0x22c build/stm32f4xx_hal_can.o
 .debug_abbrev  0x000008fe      0x2ac build/stm32f4xx_hal_rcc.o
 .debug_abbrev  0x00000baa      0x204 build/stm32f4xx_hal_rcc_ex.o
 .debug_abbrev  0x00000dae      0x1c6 build/stm32f4xx_hal_gpio.o
 .debug_abbrev  0x00000f74      0x25d build/stm32f4xx_hal_dma.o
 .debug_abbrev  0x000011d1      0x2ed build/stm32f4xx_hal_cortex.o
 .debug_abbrev  0x000014be      0x20f build/stm32f4xx_hal.o
 .debug_abbrev  0x000016cd      0x118 build/system_stm32f4xx.o
 .debug_abbrev  0x000017e5      0x10c build/dma.o
 .debug_abbrev  0x000018f1      0x21a build/usart.o
 .debug_abbrev  0x00001b0b      0x2f6 build/stm32f4xx_hal_uart.o
 .debug_abbrev  0x00001e01      0x1c6 build/bsp_can.o
 .debug_abbrev  0x00001fc7      0x1aa build/dm_ctrl.o
 .debug_abbrev  0x00002171      0x1bd build/dm_drv.o
 .debug_abbrev  0x0000232e      0x2b4 build/remote_control.o
 .debug_abbrev  0x000025e2      0x1f1 build/scheduler.o
 .debug_abbrev  0x000027d3      0x18c build/task.o
 .debug_abbrev  0x0000295f      0x13a build/coordinate_mapping.o
 .debug_abbrev  0x00002a99      0x18e build/arm_control.o
 .debug_abbrev  0x00002c27       0x5c build/mcu_config.o
 .debug_abbrev  0x00002c83      0x236 build/can_driver.o
 .debug_abbrev  0x00002eb9       0x1d build/startup_stm32f446xx.o
 .debug_abbrev  0x00002ed6       0xb7 D:/enviroment/msys2/mingw64/bin/../lib/gcc/arm-none-eabi/13.3.0/../../../../arm-none-eabi/lib/thumb/v7e-m+fp/hard\libc_nano.a(libc_a-memset.o)
 .debug_abbrev  0x00002f8d       0xc9 D:/enviroment/msys2/mingw64/bin/../lib/gcc/arm-none-eabi/13.3.0/../../../../arm-none-eabi/lib/thumb/v7e-m+fp/hard\libc_nano.a(libc_a-init.o)
 .debug_abbrev  0x00003056       0xd8 D:/enviroment/msys2/mingw64/bin/../lib/gcc/arm-none-eabi/13.3.0/../../../../arm-none-eabi/lib/thumb/v7e-m+fp/hard\libc_nano.a(libm_a-sf_copysign.o)
 .debug_abbrev  0x0000312e       0x14 D:/enviroment/msys2/mingw64/bin/../lib/gcc/arm-none-eabi/13.3.0/thumb/v7e-m+fp/hard\libgcc.a(_aeabi_uldivmod.o)
 .debug_abbrev  0x00003142      0x16a D:/enviroment/msys2/mingw64/bin/../lib/gcc/arm-none-eabi/13.3.0/thumb/v7e-m+fp/hard\libgcc.a(_udivmoddi4.o)
 .debug_abbrev  0x000032ac       0x26 D:/enviroment/msys2/mingw64/bin/../lib/gcc/arm-none-eabi/13.3.0/thumb/v7e-m+fp/hard\libgcc.a(_dvmd_tls.o)

.debug_loc      0x00000000     0x5ed6
 .debug_loc     0x00000000       0xaa build/main.o
 .debug_loc     0x000000aa       0x5c build/gpio.o
 .debug_loc     0x00000106       0xf8 build/can.o
 .debug_loc     0x000001fe      0x284 build/stm32f4xx_it.o
 .debug_loc     0x00000482       0x5c build/stm32f4xx_hal_msp.o
 .debug_loc     0x000004de      0xcb4 build/stm32f4xx_hal_can.o
 .debug_loc     0x00001192      0x3d2 build/stm32f4xx_hal_rcc.o
 .debug_loc     0x00001564      0x3f2 build/stm32f4xx_hal_rcc_ex.o
 .debug_loc     0x00001956      0x2d4 build/stm32f4xx_hal_gpio.o
 .debug_loc     0x00001c2a      0x510 build/stm32f4xx_hal_dma.o
 .debug_loc     0x0000213a      0xaf0 build/stm32f4xx_hal_cortex.o
 .debug_loc     0x00002c2a      0x720 build/stm32f4xx_hal.o
 .debug_loc     0x0000334a       0xa0 build/system_stm32f4xx.o
 .debug_loc     0x000033ea       0x50 build/dma.o
 .debug_loc     0x0000343a       0xcc build/usart.o
 .debug_loc     0x00003506     0x14b6 build/stm32f4xx_hal_uart.o
 .debug_loc     0x000049bc      0x1f4 build/bsp_can.o
 .debug_loc     0x00004bb0      0x25c build/dm_ctrl.o
 .debug_loc     0x00004e0c      0x532 build/dm_drv.o
 .debug_loc     0x0000533e      0x2dc build/remote_control.o
 .debug_loc     0x0000561a      0x1a8 build/scheduler.o
 .debug_loc     0x000057c2      0x124 build/task.o
 .debug_loc     0x000058e6      0x164 build/coordinate_mapping.o
 .debug_loc     0x00005a4a       0xe4 build/arm_control.o
 .debug_loc     0x00005b2e       0x2c build/mcu_config.o
 .debug_loc     0x00005b5a      0x37c build/can_driver.o

.debug_aranges  0x00000000      0xce8
 .debug_aranges
                0x00000000       0x30 build/main.o
 .debug_aranges
                0x00000030       0x20 build/gpio.o
 .debug_aranges
                0x00000050       0x38 build/can.o
 .debug_aranges
                0x00000088       0x80 build/stm32f4xx_it.o
 .debug_aranges
                0x00000108       0x20 build/stm32f4xx_hal_msp.o
 .debug_aranges
                0x00000128      0x138 build/stm32f4xx_hal_can.o
 .debug_aranges
                0x00000260       0x88 build/stm32f4xx_hal_rcc.o
 .debug_aranges
                0x000002e8       0x78 build/stm32f4xx_hal_rcc_ex.o
 .debug_aranges
                0x00000360       0x58 build/stm32f4xx_hal_gpio.o
 .debug_aranges
                0x000003b8       0x90 build/stm32f4xx_hal_dma.o
 .debug_aranges
                0x00000448      0x130 build/stm32f4xx_hal_cortex.o
 .debug_aranges
                0x00000578       0xf0 build/stm32f4xx_hal.o
 .debug_aranges
                0x00000668       0x28 build/system_stm32f4xx.o
 .debug_aranges
                0x00000690       0x20 build/dma.o
 .debug_aranges
                0x000006b0       0x30 build/usart.o
 .debug_aranges
                0x000006e0      0x208 build/stm32f4xx_hal_uart.o
 .debug_aranges
                0x000008e8       0x50 build/bsp_can.o
 .debug_aranges
                0x00000938       0x58 build/dm_ctrl.o
 .debug_aranges
                0x00000990       0x98 build/dm_drv.o
 .debug_aranges
                0x00000a28       0x60 build/remote_control.o
 .debug_aranges
                0x00000a88       0x40 build/scheduler.o
 .debug_aranges
                0x00000ac8       0x40 build/task.o
 .debug_aranges
                0x00000b08       0x38 build/coordinate_mapping.o
 .debug_aranges
                0x00000b40       0x30 build/arm_control.o
 .debug_aranges
                0x00000b70       0x20 build/mcu_config.o
 .debug_aranges
                0x00000b90       0x70 build/can_driver.o
 .debug_aranges
                0x00000c00       0x28 build/startup_stm32f446xx.o
 .debug_aranges
                0x00000c28       0x20 D:/enviroment/msys2/mingw64/bin/../lib/gcc/arm-none-eabi/13.3.0/../../../../arm-none-eabi/lib/thumb/v7e-m+fp/hard\libc_nano.a(libc_a-memset.o)
 .debug_aranges
                0x00000c48       0x20 D:/enviroment/msys2/mingw64/bin/../lib/gcc/arm-none-eabi/13.3.0/../../../../arm-none-eabi/lib/thumb/v7e-m+fp/hard\libc_nano.a(libc_a-init.o)
 .debug_aranges
                0x00000c68       0x20 D:/enviroment/msys2/mingw64/bin/../lib/gcc/arm-none-eabi/13.3.0/../../../../arm-none-eabi/lib/thumb/v7e-m+fp/hard\libc_nano.a(libm_a-sf_copysign.o)
 .debug_aranges
                0x00000c88       0x20 D:/enviroment/msys2/mingw64/bin/../lib/gcc/arm-none-eabi/13.3.0/thumb/v7e-m+fp/hard\libgcc.a(_aeabi_uldivmod.o)
 .debug_aranges
                0x00000ca8       0x20 D:/enviroment/msys2/mingw64/bin/../lib/gcc/arm-none-eabi/13.3.0/thumb/v7e-m+fp/hard\libgcc.a(_udivmoddi4.o)
 .debug_aranges
                0x00000cc8       0x20 D:/enviroment/msys2/mingw64/bin/../lib/gcc/arm-none-eabi/13.3.0/thumb/v7e-m+fp/hard\libgcc.a(_dvmd_tls.o)

.debug_ranges   0x00000000      0xae0
 .debug_ranges  0x00000000       0x20 build/main.o
 .debug_ranges  0x00000020       0x10 build/gpio.o
 .debug_ranges  0x00000030       0x28 build/can.o
 .debug_ranges  0x00000058       0x70 build/stm32f4xx_it.o
 .debug_ranges  0x000000c8       0x10 build/stm32f4xx_hal_msp.o
 .debug_ranges  0x000000d8      0x128 build/stm32f4xx_hal_can.o
 .debug_ranges  0x00000200       0x78 build/stm32f4xx_hal_rcc.o
 .debug_ranges  0x00000278       0x68 build/stm32f4xx_hal_rcc_ex.o
 .debug_ranges  0x000002e0       0x48 build/stm32f4xx_hal_gpio.o
 .debug_ranges  0x00000328       0x80 build/stm32f4xx_hal_dma.o
 .debug_ranges  0x000003a8      0x120 build/stm32f4xx_hal_cortex.o
 .debug_ranges  0x000004c8       0xe0 build/stm32f4xx_hal.o
 .debug_ranges  0x000005a8       0x18 build/system_stm32f4xx.o
 .debug_ranges  0x000005c0       0x10 build/dma.o
 .debug_ranges  0x000005d0       0x20 build/usart.o
 .debug_ranges  0x000005f0      0x228 build/stm32f4xx_hal_uart.o
 .debug_ranges  0x00000818       0x40 build/bsp_can.o
 .debug_ranges  0x00000858       0x48 build/dm_ctrl.o
 .debug_ranges  0x000008a0       0x88 build/dm_drv.o
 .debug_ranges  0x00000928       0x68 build/remote_control.o
 .debug_ranges  0x00000990       0x30 build/scheduler.o
 .debug_ranges  0x000009c0       0x30 build/task.o
 .debug_ranges  0x000009f0       0x28 build/coordinate_mapping.o
 .debug_ranges  0x00000a18       0x20 build/arm_control.o
 .debug_ranges  0x00000a38       0x10 build/mcu_config.o
 .debug_ranges  0x00000a48       0x78 build/can_driver.o
 .debug_ranges  0x00000ac0       0x20 build/startup_stm32f446xx.o

.debug_macro    0x00000000    0x23a60
 .debug_macro   0x00000000      0x244 build/main.o
 .debug_macro   0x00000244      0xad2 build/main.o
 .debug_macro   0x00000d16      0x29b build/main.o
 .debug_macro   0x00000fb1       0x2e build/main.o
 .debug_macro   0x00000fdf       0x28 build/main.o
 .debug_macro   0x00001007       0x22 build/main.o
 .debug_macro   0x00001029       0x8e build/main.o
 .debug_macro   0x000010b7       0x51 build/main.o
 .debug_macro   0x00001108      0x103 build/main.o
 .debug_macro   0x0000120b       0x6a build/main.o
 .debug_macro   0x00001275      0x1df build/main.o
 .debug_macro   0x00001454       0x1c build/main.o
 .debug_macro   0x00001470       0x22 build/main.o
 .debug_macro   0x00001492       0xfb build/main.o
 .debug_macro   0x0000158d     0x1011 build/main.o
 .debug_macro   0x0000259e      0x11f build/main.o
 .debug_macro   0x000026bd    0x1675e build/main.o
 .debug_macro   0x00018e1b       0x6d build/main.o
 .debug_macro   0x00018e88     0x3693 build/main.o
 .debug_macro   0x0001c51b      0x190 build/main.o
 .debug_macro   0x0001c6ab       0x5c build/main.o
 .debug_macro   0x0001c707      0xca5 build/main.o
 .debug_macro   0x0001d3ac      0x9e9 build/main.o
 .debug_macro   0x0001dd95      0x115 build/main.o
 .debug_macro   0x0001deaa      0x1a0 build/main.o
 .debug_macro   0x0001e04a       0xa5 build/main.o
 .debug_macro   0x0001e0ef      0x16d build/main.o
 .debug_macro   0x0001e25c      0x287 build/main.o
 .debug_macro   0x0001e4e3       0x5f build/main.o
 .debug_macro   0x0001e542      0x236 build/main.o
 .debug_macro   0x0001e778      0x40f build/main.o
 .debug_macro   0x0001eb87      0x132 build/main.o
 .debug_macro   0x0001ecb9      0x29c build/main.o
 .debug_macro   0x0001ef55       0x2e build/main.o
 .debug_macro   0x0001ef83      0x127 build/main.o
 .debug_macro   0x0001f0aa       0xe8 build/main.o
 .debug_macro   0x0001f192       0x89 build/main.o
 .debug_macro   0x0001f21b      0x2aa build/main.o
 .debug_macro   0x0001f4c5      0x126 build/main.o
 .debug_macro   0x0001f5eb       0x22 build/main.o
 .debug_macro   0x0001f60d       0x10 build/main.o
 .debug_macro   0x0001f61d       0x52 build/main.o
 .debug_macro   0x0001f66f       0x16 build/main.o
 .debug_macro   0x0001f685      0x1d8 build/gpio.o
 .debug_macro   0x0001f85d      0x1d8 build/can.o
 .debug_macro   0x0001fa35      0x1f0 build/stm32f4xx_it.o
 .debug_macro   0x0001fc25      0x1ce build/stm32f4xx_hal_msp.o
 .debug_macro   0x0001fdf3      0x1d3 build/stm32f4xx_hal_can.o
 .debug_macro   0x0001ffc6      0x1e8 build/stm32f4xx_hal_rcc.o
 .debug_macro   0x000201ae      0x1c4 build/stm32f4xx_hal_rcc_ex.o
 .debug_macro   0x00020372      0x1ca build/stm32f4xx_hal_gpio.o
 .debug_macro   0x0002053c      0x1ca build/stm32f4xx_hal_dma.o
 .debug_macro   0x00020706      0x1c4 build/stm32f4xx_hal_cortex.o
 .debug_macro   0x000208ca      0x224 build/stm32f4xx_hal.o
 .debug_macro   0x00020aee      0x1c4 build/system_stm32f4xx.o
 .debug_macro   0x00020cb2      0x1d8 build/dma.o
 .debug_macro   0x00020e8a      0x1d8 build/usart.o
 .debug_macro   0x00021062      0x1c5 build/stm32f4xx_hal_uart.o
 .debug_macro   0x00021227      0x1e6 build/bsp_can.o
 .debug_macro   0x0002140d      0x2c1 build/dm_ctrl.o
 .debug_macro   0x000216ce       0x1c build/dm_ctrl.o
 .debug_macro   0x000216ea       0x1c build/dm_ctrl.o
 .debug_macro   0x00021706       0x74 build/dm_ctrl.o
 .debug_macro   0x0002177a       0x2a build/dm_ctrl.o
 .debug_macro   0x000217a4       0x3c build/dm_ctrl.o
 .debug_macro   0x000217e0       0x34 build/dm_ctrl.o
 .debug_macro   0x00021814      0x370 build/dm_ctrl.o
 .debug_macro   0x00021b84       0x16 build/dm_ctrl.o
 .debug_macro   0x00021b9a       0x4a build/dm_ctrl.o
 .debug_macro   0x00021be4       0x34 build/dm_ctrl.o
 .debug_macro   0x00021c18       0x10 build/dm_ctrl.o
 .debug_macro   0x00021c28       0x58 build/dm_ctrl.o
 .debug_macro   0x00021c80      0x1e5 build/dm_ctrl.o
 .debug_macro   0x00021e65       0x10 build/dm_ctrl.o
 .debug_macro   0x00021e75       0x3c build/dm_ctrl.o
 .debug_macro   0x00021eb1      0x1fe build/dm_drv.o
 .debug_macro   0x000220af      0x2db build/remote_control.o
 .debug_macro   0x0002238a       0x6e build/remote_control.o
 .debug_macro   0x000223f8       0x94 build/remote_control.o
 .debug_macro   0x0002248c       0x57 build/remote_control.o
 .debug_macro   0x000224e3       0x16 build/remote_control.o
 .debug_macro   0x000224f9       0x16 build/remote_control.o
 .debug_macro   0x0002250f       0x29 build/remote_control.o
 .debug_macro   0x00022538       0x10 build/remote_control.o
 .debug_macro   0x00022548       0x56 build/remote_control.o
 .debug_macro   0x0002259e       0xa6 build/remote_control.o
 .debug_macro   0x00022644      0x2af build/scheduler.o
 .debug_macro   0x000228f3       0x16 build/scheduler.o
 .debug_macro   0x00022909       0x10 build/scheduler.o
 .debug_macro   0x00022919       0x16 build/scheduler.o
 .debug_macro   0x0002292f       0x16 build/scheduler.o
 .debug_macro   0x00022945      0x170 build/scheduler.o
 .debug_macro   0x00022ab5      0x269 build/task.o
 .debug_macro   0x00022d1e       0x16 build/task.o
 .debug_macro   0x00022d34       0x58 build/task.o
 .debug_macro   0x00022d8c       0x10 build/task.o
 .debug_macro   0x00022d9c       0xa6 build/task.o
 .debug_macro   0x00022e42      0x299 build/coordinate_mapping.o
 .debug_macro   0x000230db      0x19b build/coordinate_mapping.o
 .debug_macro   0x00023276      0x2db build/arm_control.o
 .debug_macro   0x00023551      0x260 build/mcu_config.o
 .debug_macro   0x000237b1      0x2af build/can_driver.o

.debug_line     0x00000000     0xf367
 .debug_line    0x00000000      0x5ce build/main.o
 .debug_line    0x000005ce      0x4a6 build/gpio.o
 .debug_line    0x00000a74      0x5c9 build/can.o
 .debug_line    0x0000103d      0x5e6 build/stm32f4xx_it.o
 .debug_line    0x00001623      0x4a7 build/stm32f4xx_hal_msp.o
 .debug_line    0x00001aca      0xf58 build/stm32f4xx_hal_can.o
 .debug_line    0x00002a22      0xbb2 build/stm32f4xx_hal_rcc.o
 .debug_line    0x000035d4     0x1262 build/stm32f4xx_hal_rcc_ex.o
 .debug_line    0x00004836      0x8dd build/stm32f4xx_hal_gpio.o
 .debug_line    0x00005113      0xd05 build/stm32f4xx_hal_dma.o
 .debug_line    0x00005e18      0xa69 build/stm32f4xx_hal_cortex.o
 .debug_line    0x00006881      0x799 build/stm32f4xx_hal.o
 .debug_line    0x0000701a      0x51d build/system_stm32f4xx.o
 .debug_line    0x00007537      0x4a3 build/dma.o
 .debug_line    0x000079da      0x554 build/usart.o
 .debug_line    0x00007f2e     0x22e1 build/stm32f4xx_hal_uart.o
 .debug_line    0x0000a20f      0x594 build/bsp_can.o
 .debug_line    0x0000a7a3      0x6ef build/dm_ctrl.o
 .debug_line    0x0000ae92      0x823 build/dm_drv.o
 .debug_line    0x0000b6b5      0xa19 build/remote_control.o
 .debug_line    0x0000c0ce      0x786 build/scheduler.o
 .debug_line    0x0000c854      0x614 build/task.o
 .debug_line    0x0000ce68      0x67d build/coordinate_mapping.o
 .debug_line    0x0000d4e5      0x691 build/arm_control.o
 .debug_line    0x0000db76      0x5be build/mcu_config.o
 .debug_line    0x0000e134      0x7e1 build/can_driver.o
 .debug_line    0x0000e915       0x73 build/startup_stm32f446xx.o
 .debug_line    0x0000e988      0x1ca D:/enviroment/msys2/mingw64/bin/../lib/gcc/arm-none-eabi/13.3.0/../../../../arm-none-eabi/lib/thumb/v7e-m+fp/hard\libc_nano.a(libc_a-memset.o)
 .debug_line    0x0000eb52      0x13c D:/enviroment/msys2/mingw64/bin/../lib/gcc/arm-none-eabi/13.3.0/../../../../arm-none-eabi/lib/thumb/v7e-m+fp/hard\libc_nano.a(libc_a-init.o)
 .debug_line    0x0000ec8e      0x13e D:/enviroment/msys2/mingw64/bin/../lib/gcc/arm-none-eabi/13.3.0/../../../../arm-none-eabi/lib/thumb/v7e-m+fp/hard\libc_nano.a(libm_a-sf_copysign.o)
 .debug_line    0x0000edcc       0x4e D:/enviroment/msys2/mingw64/bin/../lib/gcc/arm-none-eabi/13.3.0/thumb/v7e-m+fp/hard\libgcc.a(_aeabi_uldivmod.o)
 .debug_line    0x0000ee1a      0x503 D:/enviroment/msys2/mingw64/bin/../lib/gcc/arm-none-eabi/13.3.0/thumb/v7e-m+fp/hard\libgcc.a(_udivmoddi4.o)
 .debug_line    0x0000f31d       0x4a D:/enviroment/msys2/mingw64/bin/../lib/gcc/arm-none-eabi/13.3.0/thumb/v7e-m+fp/hard\libgcc.a(_dvmd_tls.o)

.debug_str      0x00000000    0xcc971
 .debug_str     0x00000000    0xcc971 build/main.o
                              0xc4c24 (size before relaxing)
 .debug_str     0x000cc971    0xc481c build/gpio.o
 .debug_str     0x000cc971    0xc5136 build/can.o
 .debug_str     0x000cc971    0xc4b0c build/stm32f4xx_it.o
 .debug_str     0x000cc971    0xc481c build/stm32f4xx_hal_msp.o
 .debug_str     0x000cc971    0xc4fa1 build/stm32f4xx_hal_can.o
 .debug_str     0x000cc971    0xc4d05 build/stm32f4xx_hal_rcc.o
 .debug_str     0x000cc971    0xc4d38 build/stm32f4xx_hal_rcc_ex.o
 .debug_str     0x000cc971    0xc4a47 build/stm32f4xx_hal_gpio.o
 .debug_str     0x000cc971    0xc4cc1 build/stm32f4xx_hal_dma.o
 .debug_str     0x000cc971    0xc51e8 build/stm32f4xx_hal_cortex.o
 .debug_str     0x000cc971    0xc5491 build/stm32f4xx_hal.o
 .debug_str     0x000cc971    0xc48cc build/system_stm32f4xx.o
 .debug_str     0x000cc971    0xc4d7a build/dma.o
 .debug_str     0x000cc971    0xc5344 build/usart.o
 .debug_str     0x000cc971    0xc52bc build/stm32f4xx_hal_uart.o
 .debug_str     0x000cc971    0xc4c17 build/bsp_can.o
 .debug_str     0x000cc971    0xc7879 build/dm_ctrl.o
 .debug_str     0x000cc971    0xc4ce4 build/dm_drv.o
 .debug_str     0x000cc971    0xc7da4 build/remote_control.o
 .debug_str     0x000cc971    0xc7ab0 build/scheduler.o
 .debug_str     0x000cc971    0xc4e76 build/task.o
 .debug_str     0x000cc971    0xc8041 build/coordinate_mapping.o
 .debug_str     0x000cc971    0xc8203 build/arm_control.o
 .debug_str     0x000cc971    0xc4d48 build/mcu_config.o
 .debug_str     0x000cc971    0xc7744 build/can_driver.o
 .debug_str     0x000cc971       0x52 build/startup_stm32f446xx.o
 .debug_str     0x000cc971      0x19b D:/enviroment/msys2/mingw64/bin/../lib/gcc/arm-none-eabi/13.3.0/../../../../arm-none-eabi/lib/thumb/v7e-m+fp/hard\libc_nano.a(libc_a-memset.o)
 .debug_str     0x000cc971      0x1e8 D:/enviroment/msys2/mingw64/bin/../lib/gcc/arm-none-eabi/13.3.0/../../../../arm-none-eabi/lib/thumb/v7e-m+fp/hard\libc_nano.a(libc_a-init.o)
 .debug_str     0x000cc971      0x1d8 D:/enviroment/msys2/mingw64/bin/../lib/gcc/arm-none-eabi/13.3.0/../../../../arm-none-eabi/lib/thumb/v7e-m+fp/hard\libc_nano.a(libm_a-sf_copysign.o)
 .debug_str     0x000cc971       0x7e D:/enviroment/msys2/mingw64/bin/../lib/gcc/arm-none-eabi/13.3.0/thumb/v7e-m+fp/hard\libgcc.a(_aeabi_uldivmod.o)
 .debug_str     0x000cc971      0x696 D:/enviroment/msys2/mingw64/bin/../lib/gcc/arm-none-eabi/13.3.0/thumb/v7e-m+fp/hard\libgcc.a(_udivmoddi4.o)
 .debug_str     0x000cc971       0x9e D:/enviroment/msys2/mingw64/bin/../lib/gcc/arm-none-eabi/13.3.0/thumb/v7e-m+fp/hard\libgcc.a(_dvmd_tls.o)

.debug_frame    0x00000000     0x2ea8
 .debug_frame   0x00000000       0x68 build/main.o
 .debug_frame   0x00000068       0x38 build/gpio.o
 .debug_frame   0x000000a0       0x90 build/can.o
 .debug_frame   0x00000130      0x174 build/stm32f4xx_it.o
 .debug_frame   0x000002a4       0x38 build/stm32f4xx_hal_msp.o
 .debug_frame   0x000002dc      0x5a0 build/stm32f4xx_hal_can.o
 .debug_frame   0x0000087c      0x1f4 build/stm32f4xx_hal_rcc.o
 .debug_frame   0x00000a70      0x1e8 build/stm32f4xx_hal_rcc_ex.o
 .debug_frame   0x00000c58      0x14c build/stm32f4xx_hal_gpio.o
 .debug_frame   0x00000da4      0x250 build/stm32f4xx_hal_dma.o
 .debug_frame   0x00000ff4      0x508 build/stm32f4xx_hal_cortex.o
 .debug_frame   0x000014fc      0x374 build/stm32f4xx_hal.o
 .debug_frame   0x00001870       0x58 build/system_stm32f4xx.o
 .debug_frame   0x000018c8       0x34 build/dma.o
 .debug_frame   0x000018fc       0x74 build/usart.o
 .debug_frame   0x00001970      0x954 build/stm32f4xx_hal_uart.o
 .debug_frame   0x000022c4       0xfc build/bsp_can.o
 .debug_frame   0x000023c0      0x128 build/dm_ctrl.o
 .debug_frame   0x000024e8      0x260 build/dm_drv.o
 .debug_frame   0x00002748      0x160 build/remote_control.o
 .debug_frame   0x000028a8       0xcc build/scheduler.o
 .debug_frame   0x00002974       0xac build/task.o
 .debug_frame   0x00002a20       0xb0 build/coordinate_mapping.o
 .debug_frame   0x00002ad0       0x88 build/arm_control.o
 .debug_frame   0x00002b58       0x2c build/mcu_config.o
 .debug_frame   0x00002b84      0x1a4 build/can_driver.o
 .debug_frame   0x00002d28       0x2c D:/enviroment/msys2/mingw64/bin/../lib/gcc/arm-none-eabi/13.3.0/../../../../arm-none-eabi/lib/thumb/v7e-m+fp/hard\libc_nano.a(libc_a-memset.o)
 .debug_frame   0x00002d54       0x2c D:/enviroment/msys2/mingw64/bin/../lib/gcc/arm-none-eabi/13.3.0/../../../../arm-none-eabi/lib/thumb/v7e-m+fp/hard\libc_nano.a(libc_a-init.o)
 .debug_frame   0x00002d80       0x20 D:/enviroment/msys2/mingw64/bin/../lib/gcc/arm-none-eabi/13.3.0/../../../../arm-none-eabi/lib/thumb/v7e-m+fp/hard\libc_nano.a(libm_a-sf_copysign.o)
 .debug_frame   0x00002da0       0x44 D:/enviroment/msys2/mingw64/bin/../lib/gcc/arm-none-eabi/13.3.0/../../../../arm-none-eabi/lib/thumb/v7e-m+fp/hard\libm.a(libm_a-sf_fmax.o)
 .debug_frame   0x00002de4       0x44 D:/enviroment/msys2/mingw64/bin/../lib/gcc/arm-none-eabi/13.3.0/../../../../arm-none-eabi/lib/thumb/v7e-m+fp/hard\libm.a(libm_a-sf_fmin.o)
 .debug_frame   0x00002e28       0x20 D:/enviroment/msys2/mingw64/bin/../lib/gcc/arm-none-eabi/13.3.0/../../../../arm-none-eabi/lib/thumb/v7e-m+fp/hard\libm.a(libm_a-sf_fpclassify.o)
 .debug_frame   0x00002e48       0x2c D:/enviroment/msys2/mingw64/bin/../lib/gcc/arm-none-eabi/13.3.0/thumb/v7e-m+fp/hard\libgcc.a(_aeabi_uldivmod.o)
 .debug_frame   0x00002e74       0x34 D:/enviroment/msys2/mingw64/bin/../lib/gcc/arm-none-eabi/13.3.0/thumb/v7e-m+fp/hard\libgcc.a(_udivmoddi4.o)

.debug_loclists
                0x00000000      0xb0c
 .debug_loclists
                0x00000000      0x1c2 D:/enviroment/msys2/mingw64/bin/../lib/gcc/arm-none-eabi/13.3.0/../../../../arm-none-eabi/lib/thumb/v7e-m+fp/hard\libc_nano.a(libc_a-memset.o)
 .debug_loclists
                0x000001c2       0x65 D:/enviroment/msys2/mingw64/bin/../lib/gcc/arm-none-eabi/13.3.0/../../../../arm-none-eabi/lib/thumb/v7e-m+fp/hard\libc_nano.a(libc_a-init.o)
 .debug_loclists
                0x00000227       0xb2 D:/enviroment/msys2/mingw64/bin/../lib/gcc/arm-none-eabi/13.3.0/../../../../arm-none-eabi/lib/thumb/v7e-m+fp/hard\libc_nano.a(libm_a-sf_copysign.o)
 .debug_loclists
                0x000002d9       0x4a D:/enviroment/msys2/mingw64/bin/../lib/gcc/arm-none-eabi/13.3.0/../../../../arm-none-eabi/lib/thumb/v7e-m+fp/hard\libm.a(libm_a-sf_fmax.o)
 .debug_loclists
                0x00000323       0x4a D:/enviroment/msys2/mingw64/bin/../lib/gcc/arm-none-eabi/13.3.0/../../../../arm-none-eabi/lib/thumb/v7e-m+fp/hard\libm.a(libm_a-sf_fmin.o)
 .debug_loclists
                0x0000036d       0x37 D:/enviroment/msys2/mingw64/bin/../lib/gcc/arm-none-eabi/13.3.0/../../../../arm-none-eabi/lib/thumb/v7e-m+fp/hard\libm.a(libm_a-sf_fpclassify.o)
 .debug_loclists
                0x000003a4      0x768 D:/enviroment/msys2/mingw64/bin/../lib/gcc/arm-none-eabi/13.3.0/thumb/v7e-m+fp/hard\libgcc.a(_udivmoddi4.o)

.debug_rnglists
                0x00000000       0x93
 .debug_rnglists
                0x00000000       0x13 D:/enviroment/msys2/mingw64/bin/../lib/gcc/arm-none-eabi/13.3.0/../../../../arm-none-eabi/lib/thumb/v7e-m+fp/hard\libc_nano.a(libm_a-sf_copysign.o)
 .debug_rnglists
                0x00000013       0x13 D:/enviroment/msys2/mingw64/bin/../lib/gcc/arm-none-eabi/13.3.0/../../../../arm-none-eabi/lib/thumb/v7e-m+fp/hard\libm.a(libm_a-sf_fpclassify.o)
 .debug_rnglists
                0x00000026       0x6d D:/enviroment/msys2/mingw64/bin/../lib/gcc/arm-none-eabi/13.3.0/thumb/v7e-m+fp/hard\libgcc.a(_udivmoddi4.o)

.debug_line_str
                0x00000000       0x7e
 .debug_line_str
                0x00000000       0x7e D:/enviroment/msys2/mingw64/bin/../lib/gcc/arm-none-eabi/13.3.0/thumb/v7e-m+fp/hard\libgcc.a(_aeabi_uldivmod.o)
                                 0x72 (size before relaxing)
 .debug_line_str
                0x0000007e       0x76 D:/enviroment/msys2/mingw64/bin/../lib/gcc/arm-none-eabi/13.3.0/thumb/v7e-m+fp/hard\libgcc.a(_dvmd_tls.o)

Cross Reference Table

Symbol                                            File
ADC_IRQHandler                                    build/startup_stm32f446xx.o
AHBPrescTable                                     build/system_stm32f4xx.o
                                                  build/stm32f4xx_hal_rcc.o
APBPrescTable                                     build/system_stm32f4xx.o
                                                  build/stm32f4xx_hal_rcc.o
ArmControl_Init                                   build/arm_control.o
                                                  build/mcu_config.o
ArmControl_Update                                 build/arm_control.o
                                                  build/task.o
BusFault_Handler                                  build/stm32f4xx_it.o
CAN1_RX0_IRQHandler                               build/stm32f4xx_it.o
CAN1_RX1_IRQHandler                               build/stm32f4xx_it.o
CAN1_SCE_IRQHandler                               build/startup_stm32f446xx.o
CAN1_TX_IRQHandler                                build/startup_stm32f446xx.o
CAN2_RX0_IRQHandler                               build/stm32f4xx_it.o
CAN2_RX1_IRQHandler                               build/stm32f4xx_it.o
CAN2_SCE_IRQHandler                               build/startup_stm32f446xx.o
CAN2_TX_IRQHandler                                build/startup_stm32f446xx.o
CEC_IRQHandler                                    build/startup_stm32f446xx.o
DCMI_IRQHandler                                   build/startup_stm32f446xx.o
DMA1_Stream0_IRQHandler                           build/startup_stm32f446xx.o
DMA1_Stream1_IRQHandler                           build/startup_stm32f446xx.o
DMA1_Stream2_IRQHandler                           build/startup_stm32f446xx.o
DMA1_Stream3_IRQHandler                           build/startup_stm32f446xx.o
DMA1_Stream4_IRQHandler                           build/startup_stm32f446xx.o
DMA1_Stream5_IRQHandler                           build/startup_stm32f446xx.o
DMA1_Stream6_IRQHandler                           build/startup_stm32f446xx.o
DMA1_Stream7_IRQHandler                           build/startup_stm32f446xx.o
DMA2_Stream0_IRQHandler                           build/startup_stm32f446xx.o
DMA2_Stream1_IRQHandler                           build/startup_stm32f446xx.o
DMA2_Stream2_IRQHandler                           build/startup_stm32f446xx.o
DMA2_Stream3_IRQHandler                           build/startup_stm32f446xx.o
DMA2_Stream4_IRQHandler                           build/startup_stm32f446xx.o
DMA2_Stream5_IRQHandler                           build/startup_stm32f446xx.o
DMA2_Stream6_IRQHandler                           build/startup_stm32f446xx.o
DMA2_Stream7_IRQHandler                           build/startup_stm32f446xx.o
DebugMon_Handler                                  build/stm32f4xx_it.o
Default_Handler                                   build/startup_stm32f446xx.o
EXTI0_IRQHandler                                  build/startup_stm32f446xx.o
EXTI15_10_IRQHandler                              build/startup_stm32f446xx.o
EXTI1_IRQHandler                                  build/startup_stm32f446xx.o
EXTI2_IRQHandler                                  build/startup_stm32f446xx.o
EXTI3_IRQHandler                                  build/startup_stm32f446xx.o
EXTI4_IRQHandler                                  build/startup_stm32f446xx.o
EXTI9_5_IRQHandler                                build/startup_stm32f446xx.o
Error_Handler                                     build/main.o
                                                  build/usart.o
                                                  build/can.o
FLASH_Erase_Sector                                build/stm32f4xx_hal_flash_ex.o
                                                  build/stm32f4xx_hal_flash.o
FLASH_FlushCaches                                 build/stm32f4xx_hal_flash_ex.o
                                                  build/stm32f4xx_hal_flash.o
FLASH_IRQHandler                                  build/startup_stm32f446xx.o
FLASH_WaitForLastOperation                        build/stm32f4xx_hal_flash.o
                                                  build/stm32f4xx_hal_flash_ex.o
FMC_IRQHandler                                    build/startup_stm32f446xx.o
FMPI2C1_ER_IRQHandler                             build/startup_stm32f446xx.o
FMPI2C1_EV_IRQHandler                             build/startup_stm32f446xx.o
FPU_IRQHandler                                    build/startup_stm32f446xx.o
HAL_CAN_AbortTxRequest                            build/stm32f4xx_hal_can.o
HAL_CAN_ActivateNotification                      build/stm32f4xx_hal_can.o
                                                  build/bsp_can.o
HAL_CAN_AddTxMessage                              build/stm32f4xx_hal_can.o
                                                  build/bsp_can.o
HAL_CAN_ConfigFilter                              build/stm32f4xx_hal_can.o
                                                  build/bsp_can.o
HAL_CAN_DeInit                                    build/stm32f4xx_hal_can.o
HAL_CAN_DeactivateNotification                    build/stm32f4xx_hal_can.o
HAL_CAN_ErrorCallback                             build/stm32f4xx_hal_can.o
HAL_CAN_GetError                                  build/stm32f4xx_hal_can.o
HAL_CAN_GetRxFifoFillLevel                        build/stm32f4xx_hal_can.o
HAL_CAN_GetRxMessage                              build/stm32f4xx_hal_can.o
                                                  build/bsp_can.o
HAL_CAN_GetState                                  build/stm32f4xx_hal_can.o
HAL_CAN_GetTxMailboxesFreeLevel                   build/stm32f4xx_hal_can.o
HAL_CAN_GetTxTimestamp                            build/stm32f4xx_hal_can.o
HAL_CAN_IRQHandler                                build/stm32f4xx_hal_can.o
                                                  build/stm32f4xx_it.o
HAL_CAN_Init                                      build/stm32f4xx_hal_can.o
                                                  build/can.o
HAL_CAN_IsSleepActive                             build/stm32f4xx_hal_can.o
HAL_CAN_IsTxMessagePending                        build/stm32f4xx_hal_can.o
HAL_CAN_MspDeInit                                 build/can.o
HAL_CAN_MspInit                                   build/can.o
HAL_CAN_RequestSleep                              build/stm32f4xx_hal_can.o
HAL_CAN_ResetError                                build/stm32f4xx_hal_can.o
HAL_CAN_RxFifo0FullCallback                       build/stm32f4xx_hal_can.o
HAL_CAN_RxFifo0MsgPendingCallback                 build/bsp_can.o
                                                  build/stm32f4xx_hal_can.o
HAL_CAN_RxFifo1FullCallback                       build/stm32f4xx_hal_can.o
HAL_CAN_RxFifo1MsgPendingCallback                 build/stm32f4xx_hal_can.o
HAL_CAN_SleepCallback                             build/stm32f4xx_hal_can.o
HAL_CAN_Start                                     build/stm32f4xx_hal_can.o
                                                  build/bsp_can.o
HAL_CAN_Stop                                      build/stm32f4xx_hal_can.o
HAL_CAN_TxMailbox0AbortCallback                   build/stm32f4xx_hal_can.o
HAL_CAN_TxMailbox0CompleteCallback                build/stm32f4xx_hal_can.o
HAL_CAN_TxMailbox1AbortCallback                   build/stm32f4xx_hal_can.o
HAL_CAN_TxMailbox1CompleteCallback                build/stm32f4xx_hal_can.o
HAL_CAN_TxMailbox2AbortCallback                   build/stm32f4xx_hal_can.o
HAL_CAN_TxMailbox2CompleteCallback                build/stm32f4xx_hal_can.o
HAL_CAN_WakeUp                                    build/stm32f4xx_hal_can.o
HAL_CAN_WakeUpFromRxMsgCallback                   build/stm32f4xx_hal_can.o
HAL_CORTEX_ClearEvent                             build/stm32f4xx_hal_cortex.o
HAL_DBGMCU_DisableDBGSleepMode                    build/stm32f4xx_hal.o
HAL_DBGMCU_DisableDBGStandbyMode                  build/stm32f4xx_hal.o
HAL_DBGMCU_DisableDBGStopMode                     build/stm32f4xx_hal.o
HAL_DBGMCU_EnableDBGSleepMode                     build/stm32f4xx_hal.o
HAL_DBGMCU_EnableDBGStandbyMode                   build/stm32f4xx_hal.o
HAL_DBGMCU_EnableDBGStopMode                      build/stm32f4xx_hal.o
HAL_DMAEx_ChangeMemory                            build/stm32f4xx_hal_dma_ex.o
HAL_DMAEx_MultiBufferStart                        build/stm32f4xx_hal_dma_ex.o
HAL_DMAEx_MultiBufferStart_IT                     build/stm32f4xx_hal_dma_ex.o
HAL_DMA_Abort                                     build/stm32f4xx_hal_dma.o
                                                  build/stm32f4xx_hal_uart.o
HAL_DMA_Abort_IT                                  build/stm32f4xx_hal_dma.o
                                                  build/stm32f4xx_hal_uart.o
HAL_DMA_DeInit                                    build/stm32f4xx_hal_dma.o
                                                  build/usart.o
HAL_DMA_GetError                                  build/stm32f4xx_hal_dma.o
                                                  build/stm32f4xx_hal_uart.o
HAL_DMA_GetState                                  build/stm32f4xx_hal_dma.o
HAL_DMA_IRQHandler                                build/stm32f4xx_hal_dma.o
HAL_DMA_Init                                      build/stm32f4xx_hal_dma.o
                                                  build/usart.o
HAL_DMA_PollForTransfer                           build/stm32f4xx_hal_dma.o
HAL_DMA_RegisterCallback                          build/stm32f4xx_hal_dma.o
HAL_DMA_Start                                     build/stm32f4xx_hal_dma.o
HAL_DMA_Start_IT                                  build/stm32f4xx_hal_dma.o
                                                  build/stm32f4xx_hal_uart.o
HAL_DMA_UnRegisterCallback                        build/stm32f4xx_hal_dma.o
HAL_DeInit                                        build/stm32f4xx_hal.o
HAL_Delay                                         build/stm32f4xx_hal.o
                                                  build/dm_ctrl.o
HAL_DisableCompensationCell                       build/stm32f4xx_hal.o
HAL_EXTI_ClearConfigLine                          build/stm32f4xx_hal_exti.o
HAL_EXTI_ClearPending                             build/stm32f4xx_hal_exti.o
HAL_EXTI_GenerateSWI                              build/stm32f4xx_hal_exti.o
HAL_EXTI_GetConfigLine                            build/stm32f4xx_hal_exti.o
HAL_EXTI_GetHandle                                build/stm32f4xx_hal_exti.o
HAL_EXTI_GetPending                               build/stm32f4xx_hal_exti.o
HAL_EXTI_IRQHandler                               build/stm32f4xx_hal_exti.o
HAL_EXTI_RegisterCallback                         build/stm32f4xx_hal_exti.o
HAL_EXTI_SetConfigLine                            build/stm32f4xx_hal_exti.o
HAL_EnableCompensationCell                        build/stm32f4xx_hal.o
HAL_FLASHEx_AdvOBGetConfig                        build/stm32f4xx_hal_flash_ex.o
HAL_FLASHEx_AdvOBProgram                          build/stm32f4xx_hal_flash_ex.o
HAL_FLASHEx_DisableFlashSleepMode                 build/stm32f4xx_hal_flash_ramfunc.o
HAL_FLASHEx_EnableFlashSleepMode                  build/stm32f4xx_hal_flash_ramfunc.o
HAL_FLASHEx_Erase                                 build/stm32f4xx_hal_flash_ex.o
HAL_FLASHEx_Erase_IT                              build/stm32f4xx_hal_flash_ex.o
HAL_FLASHEx_OBGetConfig                           build/stm32f4xx_hal_flash_ex.o
HAL_FLASHEx_OBProgram                             build/stm32f4xx_hal_flash_ex.o
HAL_FLASHEx_OB_DeSelectPCROP                      build/stm32f4xx_hal_flash_ex.o
HAL_FLASHEx_OB_SelectPCROP                        build/stm32f4xx_hal_flash_ex.o
HAL_FLASHEx_StartFlashInterfaceClk                build/stm32f4xx_hal_flash_ramfunc.o
HAL_FLASHEx_StopFlashInterfaceClk                 build/stm32f4xx_hal_flash_ramfunc.o
HAL_FLASH_EndOfOperationCallback                  build/stm32f4xx_hal_flash.o
HAL_FLASH_GetError                                build/stm32f4xx_hal_flash.o
HAL_FLASH_IRQHandler                              build/stm32f4xx_hal_flash.o
HAL_FLASH_Lock                                    build/stm32f4xx_hal_flash.o
HAL_FLASH_OB_Launch                               build/stm32f4xx_hal_flash.o
HAL_FLASH_OB_Lock                                 build/stm32f4xx_hal_flash.o
HAL_FLASH_OB_Unlock                               build/stm32f4xx_hal_flash.o
HAL_FLASH_OperationErrorCallback                  build/stm32f4xx_hal_flash.o
HAL_FLASH_Program                                 build/stm32f4xx_hal_flash.o
HAL_FLASH_Program_IT                              build/stm32f4xx_hal_flash.o
HAL_FLASH_Unlock                                  build/stm32f4xx_hal_flash.o
HAL_GPIO_DeInit                                   build/stm32f4xx_hal_gpio.o
                                                  build/usart.o
                                                  build/can.o
HAL_GPIO_EXTI_Callback                            build/stm32f4xx_hal_gpio.o
HAL_GPIO_EXTI_IRQHandler                          build/stm32f4xx_hal_gpio.o
HAL_GPIO_Init                                     build/stm32f4xx_hal_gpio.o
                                                  build/usart.o
                                                  build/stm32f4xx_hal_rcc.o
                                                  build/can.o
HAL_GPIO_LockPin                                  build/stm32f4xx_hal_gpio.o
HAL_GPIO_ReadPin                                  build/stm32f4xx_hal_gpio.o
HAL_GPIO_TogglePin                                build/stm32f4xx_hal_gpio.o
HAL_GPIO_WritePin                                 build/stm32f4xx_hal_gpio.o
HAL_GetDEVID                                      build/stm32f4xx_hal.o
HAL_GetHalVersion                                 build/stm32f4xx_hal.o
HAL_GetREVID                                      build/stm32f4xx_hal.o
HAL_GetTick                                       build/stm32f4xx_hal.o
                                                  build/stm32f4xx_hal_uart.o
                                                  build/stm32f4xx_hal_pwr_ex.o
                                                  build/stm32f4xx_hal_dma.o
                                                  build/stm32f4xx_hal_flash.o
                                                  build/stm32f4xx_hal_rcc_ex.o
                                                  build/stm32f4xx_hal_rcc.o
                                                  build/stm32f4xx_hal_can.o
HAL_GetTickFreq                                   build/stm32f4xx_hal.o
HAL_GetTickPrio                                   build/stm32f4xx_hal.o
HAL_GetUIDw0                                      build/stm32f4xx_hal.o
HAL_GetUIDw1                                      build/stm32f4xx_hal.o
HAL_GetUIDw2                                      build/stm32f4xx_hal.o
HAL_HalfDuplex_EnableReceiver                     build/stm32f4xx_hal_uart.o
HAL_HalfDuplex_EnableTransmitter                  build/stm32f4xx_hal_uart.o
HAL_HalfDuplex_Init                               build/stm32f4xx_hal_uart.o
HAL_IncTick                                       build/stm32f4xx_hal.o
                                                  build/stm32f4xx_it.o
HAL_Init                                          build/stm32f4xx_hal.o
                                                  build/main.o
HAL_InitTick                                      build/stm32f4xx_hal.o
                                                  build/stm32f4xx_hal_rcc_ex.o
                                                  build/stm32f4xx_hal_rcc.o
HAL_LIN_Init                                      build/stm32f4xx_hal_uart.o
HAL_LIN_SendBreak                                 build/stm32f4xx_hal_uart.o
HAL_MPU_ConfigRegion                              build/stm32f4xx_hal_cortex.o
HAL_MPU_Disable                                   build/stm32f4xx_hal_cortex.o
HAL_MPU_DisableRegion                             build/stm32f4xx_hal_cortex.o
HAL_MPU_Enable                                    build/stm32f4xx_hal_cortex.o
HAL_MPU_EnableRegion                              build/stm32f4xx_hal_cortex.o
HAL_MspDeInit                                     build/stm32f4xx_hal.o
HAL_MspInit                                       build/stm32f4xx_hal_msp.o
HAL_MultiProcessor_EnterMuteMode                  build/stm32f4xx_hal_uart.o
HAL_MultiProcessor_ExitMuteMode                   build/stm32f4xx_hal_uart.o
HAL_MultiProcessor_Init                           build/stm32f4xx_hal_uart.o
HAL_NVIC_ClearPendingIRQ                          build/stm32f4xx_hal_cortex.o
HAL_NVIC_DisableIRQ                               build/stm32f4xx_hal_cortex.o
                                                  build/usart.o
                                                  build/can.o
HAL_NVIC_EnableIRQ                                build/stm32f4xx_hal_cortex.o
                                                  build/usart.o
                                                  build/dma.o
                                                  build/can.o
HAL_NVIC_GetActive                                build/stm32f4xx_hal_cortex.o
HAL_NVIC_GetPendingIRQ                            build/stm32f4xx_hal_cortex.o
HAL_NVIC_GetPriority                              build/stm32f4xx_hal_cortex.o
HAL_NVIC_GetPriorityGrouping                      build/stm32f4xx_hal_cortex.o
HAL_NVIC_SetPendingIRQ                            build/stm32f4xx_hal_cortex.o
HAL_NVIC_SetPriority                              build/stm32f4xx_hal_cortex.o
                                                  build/usart.o
                                                  build/dma.o
                                                  build/stm32f4xx_hal.o
                                                  build/can.o
HAL_NVIC_SetPriorityGrouping                      build/stm32f4xx_hal_cortex.o
                                                  build/stm32f4xx_hal.o
HAL_NVIC_SystemReset                              build/stm32f4xx_hal_cortex.o
HAL_PWREx_ControlVoltageScaling                   build/stm32f4xx_hal_pwr_ex.o
HAL_PWREx_DisableBkUpReg                          build/stm32f4xx_hal_pwr_ex.o
HAL_PWREx_DisableFlashPowerDown                   build/stm32f4xx_hal_pwr_ex.o
HAL_PWREx_DisableOverDrive                        build/stm32f4xx_hal_pwr_ex.o
HAL_PWREx_EnableBkUpReg                           build/stm32f4xx_hal_pwr_ex.o
HAL_PWREx_EnableFlashPowerDown                    build/stm32f4xx_hal_pwr_ex.o
HAL_PWREx_EnableOverDrive                         build/stm32f4xx_hal_pwr_ex.o
HAL_PWREx_EnterUnderDriveSTOPMode                 build/stm32f4xx_hal_pwr_ex.o
HAL_PWREx_GetVoltageRange                         build/stm32f4xx_hal_pwr_ex.o
HAL_PWR_ConfigPVD                                 build/stm32f4xx_hal_pwr.o
HAL_PWR_DeInit                                    build/stm32f4xx_hal_pwr.o
HAL_PWR_DisableBkUpAccess                         build/stm32f4xx_hal_pwr.o
HAL_PWR_DisablePVD                                build/stm32f4xx_hal_pwr.o
HAL_PWR_DisableSEVOnPend                          build/stm32f4xx_hal_pwr.o
HAL_PWR_DisableSleepOnExit                        build/stm32f4xx_hal_pwr.o
HAL_PWR_DisableWakeUpPin                          build/stm32f4xx_hal_pwr.o
HAL_PWR_EnableBkUpAccess                          build/stm32f4xx_hal_pwr.o
HAL_PWR_EnablePVD                                 build/stm32f4xx_hal_pwr.o
HAL_PWR_EnableSEVOnPend                           build/stm32f4xx_hal_pwr.o
HAL_PWR_EnableSleepOnExit                         build/stm32f4xx_hal_pwr.o
HAL_PWR_EnableWakeUpPin                           build/stm32f4xx_hal_pwr.o
HAL_PWR_EnterSLEEPMode                            build/stm32f4xx_hal_pwr.o
HAL_PWR_EnterSTANDBYMode                          build/stm32f4xx_hal_pwr.o
HAL_PWR_EnterSTOPMode                             build/stm32f4xx_hal_pwr.o
HAL_PWR_PVDCallback                               build/stm32f4xx_hal_pwr.o
HAL_PWR_PVD_IRQHandler                            build/stm32f4xx_hal_pwr.o
HAL_RCCEx_DisablePLLI2S                           build/stm32f4xx_hal_rcc_ex.o
HAL_RCCEx_DisablePLLSAI                           build/stm32f4xx_hal_rcc_ex.o
HAL_RCCEx_EnablePLLI2S                            build/stm32f4xx_hal_rcc_ex.o
HAL_RCCEx_EnablePLLSAI                            build/stm32f4xx_hal_rcc_ex.o
HAL_RCCEx_GetPeriphCLKConfig                      build/stm32f4xx_hal_rcc_ex.o
HAL_RCCEx_GetPeriphCLKFreq                        build/stm32f4xx_hal_rcc_ex.o
HAL_RCCEx_PeriphCLKConfig                         build/stm32f4xx_hal_rcc_ex.o
HAL_RCCEx_SelectLSEMode                           build/stm32f4xx_hal_rcc_ex.o
HAL_RCC_CSSCallback                               build/stm32f4xx_hal_rcc.o
HAL_RCC_ClockConfig                               build/stm32f4xx_hal_rcc.o
                                                  build/main.o
HAL_RCC_DeInit                                    build/stm32f4xx_hal_rcc_ex.o
                                                  build/stm32f4xx_hal_rcc.o
HAL_RCC_DisableCSS                                build/stm32f4xx_hal_rcc.o
HAL_RCC_EnableCSS                                 build/stm32f4xx_hal_rcc.o
HAL_RCC_GetClockConfig                            build/stm32f4xx_hal_rcc.o
HAL_RCC_GetHCLKFreq                               build/stm32f4xx_hal_rcc.o
HAL_RCC_GetOscConfig                              build/stm32f4xx_hal_rcc_ex.o
                                                  build/stm32f4xx_hal_rcc.o
HAL_RCC_GetPCLK1Freq                              build/stm32f4xx_hal_rcc.o
                                                  build/stm32f4xx_hal_uart.o
HAL_RCC_GetPCLK2Freq                              build/stm32f4xx_hal_rcc.o
                                                  build/stm32f4xx_hal_uart.o
HAL_RCC_GetSysClockFreq                           build/stm32f4xx_hal_rcc_ex.o
                                                  build/stm32f4xx_hal_rcc.o
HAL_RCC_MCOConfig                                 build/stm32f4xx_hal_rcc.o
HAL_RCC_NMI_IRQHandler                            build/stm32f4xx_hal_rcc.o
HAL_RCC_OscConfig                                 build/stm32f4xx_hal_rcc_ex.o
                                                  build/stm32f4xx_hal_rcc.o
                                                  build/main.o
HAL_ResumeTick                                    build/stm32f4xx_hal.o
HAL_SYSTICK_CLKSourceConfig                       build/stm32f4xx_hal_cortex.o
HAL_SYSTICK_Callback                              build/stm32f4xx_hal_cortex.o
HAL_SYSTICK_Config                                build/stm32f4xx_hal_cortex.o
                                                  build/scheduler.o
                                                  build/stm32f4xx_hal.o
HAL_SYSTICK_IRQHandler                            build/stm32f4xx_hal_cortex.o
HAL_SetTickFreq                                   build/stm32f4xx_hal.o
HAL_SuspendTick                                   build/stm32f4xx_hal.o
HAL_UARTEx_GetRxEventType                         build/stm32f4xx_hal_uart.o
HAL_UARTEx_ReceiveToIdle                          build/stm32f4xx_hal_uart.o
HAL_UARTEx_ReceiveToIdle_DMA                      build/stm32f4xx_hal_uart.o
HAL_UARTEx_ReceiveToIdle_IT                       build/stm32f4xx_hal_uart.o
HAL_UARTEx_RxEventCallback                        build/stm32f4xx_hal_uart.o
HAL_UART_Abort                                    build/stm32f4xx_hal_uart.o
HAL_UART_AbortCpltCallback                        build/stm32f4xx_hal_uart.o
HAL_UART_AbortReceive                             build/stm32f4xx_hal_uart.o
HAL_UART_AbortReceiveCpltCallback                 build/stm32f4xx_hal_uart.o
HAL_UART_AbortReceive_IT                          build/stm32f4xx_hal_uart.o
HAL_UART_AbortTransmit                            build/stm32f4xx_hal_uart.o
HAL_UART_AbortTransmitCpltCallback                build/stm32f4xx_hal_uart.o
HAL_UART_AbortTransmit_IT                         build/stm32f4xx_hal_uart.o
HAL_UART_Abort_IT                                 build/stm32f4xx_hal_uart.o