Archive member included to satisfy reference by file (symbol)

D:/enviroment/msys2/mingw64/bin/../lib/gcc/arm-none-eabi/13.3.0/../../../../arm-none-eabi/lib/thumb/v7e-m+fp/hard\libc_nano.a(libc_a-atexit.o)
                              D:/enviroment/msys2/mingw64/bin/../lib/gcc/arm-none-eabi/13.3.0/../../../../arm-none-eabi/lib/thumb/v7e-m+fp/hard/crt0.o (atexit)
D:/enviroment/msys2/mingw64/bin/../lib/gcc/arm-none-eabi/13.3.0/../../../../arm-none-eabi/lib/thumb/v7e-m+fp/hard\libc_nano.a(libc_a-exit.o)
                              D:/enviroment/msys2/mingw64/bin/../lib/gcc/arm-none-eabi/13.3.0/../../../../arm-none-eabi/lib/thumb/v7e-m+fp/hard/crt0.o (exit)
D:/enviroment/msys2/mingw64/bin/../lib/gcc/arm-none-eabi/13.3.0/../../../../arm-none-eabi/lib/thumb/v7e-m+fp/hard\libc_nano.a(libc_a-findfp.o)
                              D:/enviroment/msys2/mingw64/bin/../lib/gcc/arm-none-eabi/13.3.0/../../../../arm-none-eabi/lib/thumb/v7e-m+fp/hard\libc_nano.a(libc_a-exit.o) (__stdio_exit_handler)
D:/enviroment/msys2/mingw64/bin/../lib/gcc/arm-none-eabi/13.3.0/../../../../arm-none-eabi/lib/thumb/v7e-m+fp/hard\libc_nano.a(libc_a-fwalk.o)
                              D:/enviroment/msys2/mingw64/bin/../lib/gcc/arm-none-eabi/13.3.0/../../../../arm-none-eabi/lib/thumb/v7e-m+fp/hard\libc_nano.a(libc_a-findfp.o) (_fwalk_sglue)
D:/enviroment/msys2/mingw64/bin/../lib/gcc/arm-none-eabi/13.3.0/../../../../arm-none-eabi/lib/thumb/v7e-m+fp/hard\libc_nano.a(libc_a-printf.o)
                              build/scheduler.o (printf)
D:/enviroment/msys2/mingw64/bin/../lib/gcc/arm-none-eabi/13.3.0/../../../../arm-none-eabi/lib/thumb/v7e-m+fp/hard\libc_nano.a(libc_a-puts.o)
                              build/scheduler.o (puts)
D:/enviroment/msys2/mingw64/bin/../lib/gcc/arm-none-eabi/13.3.0/../../../../arm-none-eabi/lib/thumb/v7e-m+fp/hard\libc_nano.a(libc_a-stdio.o)
                              D:/enviroment/msys2/mingw64/bin/../lib/gcc/arm-none-eabi/13.3.0/../../../../arm-none-eabi/lib/thumb/v7e-m+fp/hard\libc_nano.a(libc_a-findfp.o) (__sread)
D:/enviroment/msys2/mingw64/bin/../lib/gcc/arm-none-eabi/13.3.0/../../../../arm-none-eabi/lib/thumb/v7e-m+fp/hard\libc_nano.a(libc_a-wbuf.o)
                              D:/enviroment/msys2/mingw64/bin/../lib/gcc/arm-none-eabi/13.3.0/../../../../arm-none-eabi/lib/thumb/v7e-m+fp/hard\libc_nano.a(libc_a-puts.o) (__swbuf_r)
D:/enviroment/msys2/mingw64/bin/../lib/gcc/arm-none-eabi/13.3.0/../../../../arm-none-eabi/lib/thumb/v7e-m+fp/hard\libc_nano.a(libc_a-wsetup.o)
                              D:/enviroment/msys2/mingw64/bin/../lib/gcc/arm-none-eabi/13.3.0/../../../../arm-none-eabi/lib/thumb/v7e-m+fp/hard\libc_nano.a(libc_a-puts.o) (__swsetup_r)
D:/enviroment/msys2/mingw64/bin/../lib/gcc/arm-none-eabi/13.3.0/../../../../arm-none-eabi/lib/thumb/v7e-m+fp/hard\libc_nano.a(libc_a-memset.o)
                              D:/enviroment/msys2/mingw64/bin/../lib/gcc/arm-none-eabi/13.3.0/../../../../arm-none-eabi/lib/thumb/v7e-m+fp/hard/crt0.o (memset)
D:/enviroment/msys2/mingw64/bin/../lib/gcc/arm-none-eabi/13.3.0/../../../../arm-none-eabi/lib/thumb/v7e-m+fp/hard\libc_nano.a(libc_a-closer.o)
                              D:/enviroment/msys2/mingw64/bin/../lib/gcc/arm-none-eabi/13.3.0/../../../../arm-none-eabi/lib/thumb/v7e-m+fp/hard\libc_nano.a(libc_a-stdio.o) (_close_r)
D:/enviroment/msys2/mingw64/bin/../lib/gcc/arm-none-eabi/13.3.0/../../../../arm-none-eabi/lib/thumb/v7e-m+fp/hard\libc_nano.a(libc_a-reent.o)
                              D:/enviroment/msys2/mingw64/bin/../lib/gcc/arm-none-eabi/13.3.0/../../../../arm-none-eabi/lib/thumb/v7e-m+fp/hard\libc_nano.a(libc_a-closer.o) (errno)
D:/enviroment/msys2/mingw64/bin/../lib/gcc/arm-none-eabi/13.3.0/../../../../arm-none-eabi/lib/thumb/v7e-m+fp/hard\libc_nano.a(libc_a-impure.o)
                              D:/enviroment/msys2/mingw64/bin/../lib/gcc/arm-none-eabi/13.3.0/../../../../arm-none-eabi/lib/thumb/v7e-m+fp/hard\libc_nano.a(libc_a-printf.o) (_impure_ptr)
D:/enviroment/msys2/mingw64/bin/../lib/gcc/arm-none-eabi/13.3.0/../../../../arm-none-eabi/lib/thumb/v7e-m+fp/hard\libc_nano.a(libc_a-lseekr.o)
                              D:/enviroment/msys2/mingw64/bin/../lib/gcc/arm-none-eabi/13.3.0/../../../../arm-none-eabi/lib/thumb/v7e-m+fp/hard\libc_nano.a(libc_a-stdio.o) (_lseek_r)
D:/enviroment/msys2/mingw64/bin/../lib/gcc/arm-none-eabi/13.3.0/../../../../arm-none-eabi/lib/thumb/v7e-m+fp/hard\libc_nano.a(libc_a-readr.o)
                              D:/enviroment/msys2/mingw64/bin/../lib/gcc/arm-none-eabi/13.3.0/../../../../arm-none-eabi/lib/thumb/v7e-m+fp/hard\libc_nano.a(libc_a-stdio.o) (_read_r)
D:/enviroment/msys2/mingw64/bin/../lib/gcc/arm-none-eabi/13.3.0/../../../../arm-none-eabi/lib/thumb/v7e-m+fp/hard\libc_nano.a(libc_a-writer.o)
                              D:/enviroment/msys2/mingw64/bin/../lib/gcc/arm-none-eabi/13.3.0/../../../../arm-none-eabi/lib/thumb/v7e-m+fp/hard\libc_nano.a(libc_a-stdio.o) (_write_r)
[...]
Memory Configuration

Name             Origin             Length             Attributes
RAM              0x20000000         0x00020000         xrw
FLASH            0x08000000         0x00040000         xr
*default*        0x00000000         0xffffffff

Linker script and memory map

LOAD D:/enviroment/msys2/mingw64/bin/../lib/gcc/arm-none-eabi/13.3.0/thumb/v7e-m+fp/hard/crti.o
LOAD D:/enviroment/msys2/mingw64/bin/../lib/gcc/arm-none-eabi/13.3.0/thumb/v7e-m+fp/hard/crtbegin.o
LOAD D:/enviroment/msys2/mingw64/bin/../lib/gcc/arm-none-eabi/13.3.0/../../../../arm-none-eabi/lib/thumb/v7e-m+fp/hard/crt0.o
LOAD build/main.o
LOAD build/gpio.o
LOAD build/can.o
LOAD build/stm32f4xx_it.o
LOAD build/stm32f4xx_hal_msp.o
LOAD build/stm32f4xx_hal_can.o
LOAD build/stm32f4xx_hal_rcc.o
LOAD build/stm32f4xx_hal_rcc_ex.o
LOAD build/stm32f4xx_hal_flash.o
LOAD build/stm32f4xx_hal_flash_ex.o
LOAD build/stm32f4xx_hal_flash_ramfunc.o
LOAD build/stm32f4xx_hal_gpio.o
LOAD build/stm32f4xx_hal_dma_ex.o
LOAD build/stm32f4xx_hal_dma.o
LOAD build/stm32f4xx_hal_pwr.o
LOAD build/stm32f4xx_hal_pwr_ex.o
LOAD build/stm32f4xx_hal_cortex.o
LOAD build/stm32f4xx_hal.o
LOAD build/stm32f4xx_hal_exti.o
LOAD build/system_stm32f4xx.o
LOAD build/dma.o
LOAD build/usart.o
LOAD build/stm32f4xx_hal_uart.o
LOAD build/bsp_can.o
LOAD build/dm_ctrl.o
LOAD build/dm_drv.o
LOAD build/remote_control.o
LOAD build/scheduler.o
LOAD build/task.o
LOAD build/kinematic_solver.o
LOAD build/coordinate_mapping.o
LOAD build/arm_control.o
LOAD build/mcu_config.o
LOAD build/can_driver.o
LOAD build/startup_stm32f446xx.o
LOAD D:/enviroment/msys2/mingw64/bin/../lib/gcc/arm-none-eabi/13.3.0/../../../../arm-none-eabi/lib/thumb/v7e-m+fp/hard\libc_nano.a
LOAD D:/enviroment/msys2/mingw64/bin/../lib/gcc/arm-none-eabi/13.3.0/../../../../arm-none-eabi/lib/thumb/v7e-m+fp/hard\libm.a
LOAD D:/enviroment/msys2/mingw64/bin/../lib/gcc/arm-none-eabi/13.3.0/../../../../arm-none-eabi/lib/thumb/v7e-m+fp/hard\libnosys.a
START GROUP
LOAD D:/enviroment/msys2/mingw64/bin/../lib/gcc/arm-none-eabi/13.3.0/thumb/v7e-m+fp/hard\libgcc.a
LOAD D:/enviroment/msys2/mingw64/bin/../lib/gcc/arm-none-eabi/13.3.0/../../../../arm-none-eabi/lib/thumb/v7e-m+fp/hard\libc_nano.a
END GROUP
START GROUP
LOAD D:/enviroment/msys2/mingw64/bin/../lib/gcc/arm-none-eabi/13.3.0/thumb/v7e-m+fp/hard\libgcc.a
LOAD D:/enviroment/msys2/mingw64/bin/../lib/gcc/arm-none-eabi/13.3.0/../../../../arm-none-eabi/lib/thumb/v7e-m+fp/hard\libc_nano.a
END GROUP
LOAD D:/enviroment/msys2/mingw64/bin/../lib/gcc/arm-none-eabi/13.3.0/thumb/v7e-m+fp/hard/crtend.o
LOAD D:/enviroment/msys2/mingw64/bin/../lib/gcc/arm-none-eabi/13.3.0/thumb/v7e-m+fp/hard/crtn.o
                0x20020000                        _estack = (ORIGIN (RAM) + LENGTH (RAM))
                0x00000200                        _Min_Heap_Size = 0x200
                0x00000400                        _Min_Stack_Size = 0x400

.isr_vector     0x08000000      0x1c4
                0x08000000                        . = ALIGN (0x4)
 *(.isr_vector)
 .isr_vector    0x08000000      0x1c4 build/startup_stm32f446xx.o
                0x08000000                g_pfnVectors
                0x080001c4                        . = ALIGN (0x4)

.text           0x080001c4     0x6088
                0x080001c4                        . = ALIGN (0x4)
 *(.text)
 .text          0x080001c4       0xa4 D:/enviroment/msys2/mingw64/bin/../lib/gcc/arm-none-eabi/13.3.0/../../../../arm-none-eabi/lib/thumb/v7e-m+fp/hard\libc_nano.a(libc_a-memset.o)
                0x080001c4                memset
 .text          0x08000268       0x50 D:/enviroment/msys2/mingw64/bin/../lib/gcc/arm-none-eabi/13.3.0/../../../../arm-none-eabi/lib/thumb/v7e-m+fp/hard\libc_nano.a(libc_a-init.o)
                0x08000268                __libc_init_array
 .text          0x080002b8       0x18 D:/enviroment/msys2/mingw64/bin/../lib/gcc/arm-none-eabi/13.3.0/../../../../arm-none-eabi/lib/thumb/v7e-m+fp/hard\libc_nano.a(libm_a-sf_copysign.o)
                0x080002b8                copysignf
 .text          0x080002d0       0x58 D:/enviroment/msys2/mingw64/bin/../lib/gcc/arm-none-eabi/13.3.0/../../../../arm-none-eabi/lib/thumb/v7e-m+fp/hard\libm.a(libm_a-wf_acos.o)
                0x080002d0                acosf
 .text          0x08000328        0x4 D:/enviroment/msys2/mingw64/bin/../lib/gcc/arm-none-eabi/13.3.0/../../../../arm-none-eabi/lib/thumb/v7e-m+fp/hard\libm.a(libm_a-wf_atan2.o)
                0x08000328                atan2f
 .text          0x0800032c       0x44 D:/enviroment/msys2/mingw64/bin/../lib/gcc/arm-none-eabi/13.3.0/../../../../arm-none-eabi/lib/thumb/v7e-m+fp/hard\libm.a(libm_a-wf_sqrt.o)
                0x0800032c                sqrtf
 .text          0x08000370       0x70 D:/enviroment/msys2/mingw64/bin/../lib/gcc/arm-none-eabi/13.3.0/../../../../arm-none-eabi/lib/thumb/v7e-m+fp/hard\libm.a(libm_a-sf_cos.o)
                0x08000370                cosf
 .text          0x080003e0       0x10 D:/enviroment/msys2/mingw64/bin/../lib/gcc/arm-none-eabi/13.3.0/../../../../arm-none-eabi/lib/thumb/v7e-m+fp/hard\libm.a(libm_a-sf_fabs.o)
                0x080003e0                fabsf
 .text          0x080003f0       0x74 D:/enviroment/msys2/mingw64/bin/../lib/gcc/arm-none-eabi/13.3.0/../../../../arm-none-eabi/lib/thumb/v7e-m+fp/hard\libm.a(libm_a-sf_sin.o)
                0x080003f0                sinf
 .text          0x08000464        0xc D:/enviroment/msys2/mingw64/bin/../lib/gcc/arm-none-eabi/13.3.0/../../../../arm-none-eabi/lib/thumb/v7e-m+fp/hard\libm.a(libm_a-sf_nan.o)
                0x08000464                nanf
 .text          0x08000470       0x3c D:/enviroment/msys2/mingw64/bin/../lib/gcc/arm-none-eabi/13.3.0/../../../../arm-none-eabi/lib/thumb/v7e-m+fp/hard\libm.a(libm_a-sf_fmax.o)
                0x08000470                fmaxf
 .text          0x080004ac       0x3c D:/enviroment/msys2/mingw64/bin/../lib/gcc/arm-none-eabi/13.3.0/../../../../arm-none-eabi/lib/thumb/v7e-m+fp/hard\libm.a(libm_a-sf_fmin.o)
                0x080004ac                fminf
 .text          0x080004e8       0x38 D:/enviroment/msys2/mingw64/bin/../lib/gcc/arm-none-eabi/13.3.0/../../../../arm-none-eabi/lib/thumb/v7e-m+fp/hard\libm.a(libm_a-sf_fpclassify.o)
                0x080004e8                __fpclassifyf
 .text          0x08000520        0x8 D:/enviroment/msys2/mingw64/bin/../lib/gcc/arm-none-eabi/13.3.0/../../../../arm-none-eabi/lib/thumb/v7e-m+fp/hard\libm.a(libm_a-ef_sqrt.o)
                0x08000520                __ieee754_sqrtf
 .text          0x08000528      0x104 D:/enviroment/msys2/mingw64/bin/../lib/gcc/arm-none-eabi/13.3.0/../../../../arm-none-eabi/lib/thumb/v7e-m+fp/hard\libm.a(libm_a-kf_cos.o)
                0x08000528                __kernel_cosf
 .text          0x0800062c       0x90 D:/enviroment/msys2/mingw64/bin/../lib/gcc/arm-none-eabi/13.3.0/../../../../arm-none-eabi/lib/thumb/v7e-m+fp/hard\libm.a(libm_a-kf_sin.o)
                0x0800062c                __kernel_sinf
 .text          0x080006bc      0x244 D:/enviroment/msys2/mingw64/bin/../lib/gcc/arm-none-eabi/13.3.0/../../../../arm-none-eabi/lib/thumb/v7e-m+fp/hard\libm.a(libm_a-ef_acos.o)
                0x080006bc                __ieee754_acosf
 .text          0x08000900      0x14c D:/enviroment/msys2/mingw64/bin/../lib/gcc/arm-none-eabi/13.3.0/../../../../arm-none-eabi/lib/thumb/v7e-m+fp/hard\libm.a(libm_a-ef_atan2.o)
                0x08000900                __ieee754_atan2f
 .text          0x08000a4c      0x260 D:/enviroment/msys2/mingw64/bin/../lib/gcc/arm-none-eabi/13.3.0/../../../../arm-none-eabi/lib/thumb/v7e-m+fp/hard\libm.a(libm_a-ef_rem_pio2.o)
                0x08000a4c                __ieee754_rem_pio2f
 .text          0x08000cac      0x1a0 D:/enviroment/msys2/mingw64/bin/../lib/gcc/arm-none-eabi/13.3.0/../../../../arm-none-eabi/lib/thumb/v7e-m+fp/hard\libm.a(libm_a-sf_atan.o)
                0x08000cac                atanf
 .text          0x08000e4c      0x63c D:/enviroment/msys2/mingw64/bin/../lib/gcc/arm-none-eabi/13.3.0/../../../../arm-none-eabi/lib/thumb/v7e-m+fp/hard\libm.a(libm_a-kf_rem_pio2.o)
                0x08000e4c                __kernel_rem_pio2f
 .text          0x08001488       0xe4 D:/enviroment/msys2/mingw64/bin/../lib/gcc/arm-none-eabi/13.3.0/../../../../arm-none-eabi/lib/thumb/v7e-m+fp/hard\libm.a(libm_a-sf_scalbn.o)
                0x08001488                scalbnf
 .text          0x0800156c       0x94 D:/enviroment/msys2/mingw64/bin/../lib/gcc/arm-none-eabi/13.3.0/../../../../arm-none-eabi/lib/thumb/v7e-m+fp/hard\libm.a(libm_a-sf_floor.o)
                0x0800156c                floorf
 .text          0x08001600       0x30 D:/enviroment/msys2/mingw64/bin/../lib/gcc/arm-none-eabi/13.3.0/thumb/v7e-m+fp/hard\libgcc.a(_aeabi_uldivmod.o)
                0x08001600                __aeabi_uldivmod
 .text          0x08001630        0x4 D:/enviroment/msys2/mingw64/bin/../lib/gcc/arm-none-eabi/13.3.0/thumb/v7e-m+fp/hard\libgcc.a(_dvmd_tls.o)
                0x08001630                __aeabi_idiv0
                0x08001630                __aeabi_ldiv0
 .text          0x08001634        0xc D:/enviroment/msys2/mingw64/bin/../lib/gcc/arm-none-eabi/13.3.0/../../../../arm-none-eabi/lib/thumb/v7e-m+fp/hard\libc_nano.a(libc_a-errno.o)
                0x08001634                __errno
 *(.text*)
 .text.__do_global_dtors_aux
                0x08001640       0x24 D:/enviroment/msys2/mingw64/bin/../lib/gcc/arm-none-eabi/13.3.0/thumb/v7e-m+fp/hard/crtbegin.o
 .text.frame_dummy
                0x08001664       0x1c D:/enviroment/msys2/mingw64/bin/../lib/gcc/arm-none-eabi/13.3.0/thumb/v7e-m+fp/hard/crtbegin.o
 .text.main     0x08001680       0x2a build/main.o
                0x08001680                main
 *fill*         0x080016aa        0x2 
 .text.SystemClock_Config
                0x080016ac       0xd8 build/main.o
                0x080016ac                SystemClock_Config
 .text.Error_Handler
                0x08001784        0xc build/main.o
                0x08001784                Error_Handler
 .text.MX_GPIO_Init
                0x08001790       0x88 build/gpio.o
                0x08001790                MX_GPIO_Init
 .text.MX_CAN1_Init
                0x08001818       0x6c build/can.o
                0x08001818                MX_CAN1_Init
 .text.MX_CAN2_Init
                0x08001884       0x6c build/can.o
                0x08001884                MX_CAN2_Init
 .text.HAL_CAN_MspInit
                0x080018f0      0x180 build/can.o
                0x080018f0                HAL_CAN_MspInit
 .text.NMI_Handler
                0x08001a70        0x8 build/stm32f4xx_it.o
                0x08001a70                NMI_Handler
 .text.HardFault_Handler
                0x08001a78        0x8 build/stm32f4xx_it.o
                0x08001a78                HardFault_Handler
 .text.MemManage_Handler
                0x08001a80        0x8 build/stm32f4xx_it.o
                0x08001a80                MemManage_Handler
 .text.BusFault_Handler
                0x08001a88        0x8 build/stm32f4xx_it.o
                0x08001a88                BusFault_Handler
 .text.UsageFault_Handler
                0x08001a90        0x8 build/stm32f4xx_it.o
                0x08001a90                UsageFault_Handler
 .text.SVC_Handler
                0x08001a98        0xe build/stm32f4xx_it.o
                0x08001a98                SVC_Handler
 .text.DebugMon_Handler
                0x08001aa6        0xe build/stm32f4xx_it.o
                0x08001aa6                DebugMon_Handler
 .text.PendSV_Handler
                0x08001ab4        0xe build/stm32f4xx_it.o
                0x08001ab4                PendSV_Handler
 *fill*         0x08001ac2        0x2 
 .text.SysTick_Handler
                0x08001ac4       0x1c build/stm32f4xx_it.o
                0x08001ac4                SysTick_Handler
 .text.CAN1_RX0_IRQHandler
                0x08001ae0       0x14 build/stm32f4xx_it.o
                0x08001ae0                CAN1_RX0_IRQHandler
 .text.CAN1_RX1_IRQHandler
                0x08001af4       0x14 build/stm32f4xx_it.o
                0x08001af4                CAN1_RX1_IRQHandler
 .text.CAN2_RX0_IRQHandler
                0x08001b08       0x14 build/stm32f4xx_it.o
                0x08001b08                CAN2_RX0_IRQHandler
 .text.CAN2_RX1_IRQHandler
                0x08001b1c       0x14 build/stm32f4xx_it.o
                0x08001b1c                CAN2_RX1_IRQHandler
 .text.HAL_MspInit
                0x08001b30       0x50 build/stm32f4xx_hal_msp.o
                0x08001b30                HAL_MspInit
 .text.HAL_CAN_Init
                0x08001b80      0x1f6 build/stm32f4xx_hal_can.o
                0x08001b80                HAL_CAN_Init
 *fill*         0x08001d76        0x2 
 .text.HAL_CAN_ConfigFilter
                0x08001d78      0x1bc build/stm32f4xx_hal_can.o
                0x08001d78                HAL_CAN_ConfigFilter
 .text.HAL_CAN_Start
                0x08001f34       0x88 build/stm32f4xx_hal_can.o
                0x08001f34                HAL_CAN_Start
 .text.HAL_CAN_AddTxMessage
                0x08001fbc      0x1a0 build/stm32f4xx_hal_can.o
                0x08001fbc                HAL_CAN_AddTxMessage
 .text.HAL_CAN_GetRxMessage
                0x0800215c      0x244 build/stm32f4xx_hal_can.o
                0x0800215c                HAL_CAN_GetRxMessage
 .text.HAL_CAN_ActivateNotification
                0x080023a0       0x4c build/stm32f4xx_hal_can.o
                0x080023a0                HAL_CAN_ActivateNotification
 .text.HAL_CAN_IRQHandler
                0x080023ec      0x36e build/stm32f4xx_hal_can.o
                0x080023ec                HAL_CAN_IRQHandler
 .text.HAL_CAN_TxMailbox0CompleteCallback
                0x0800275a       0x14 build/stm32f4xx_hal_can.o
                0x0800275a                HAL_CAN_TxMailbox0CompleteCallback
 .text.HAL_CAN_TxMailbox1CompleteCallback
                0x0800276e       0x14 build/stm32f4xx_hal_can.o
                0x0800276e                HAL_CAN_TxMailbox1CompleteCallback
 .text.HAL_CAN_TxMailbox2CompleteCallback
                0x08002782       0x14 build/stm32f4xx_hal_can.o
                0x08002782                HAL_CAN_TxMailbox2CompleteCallback
 .text.HAL_CAN_TxMailbox0AbortCallback
                0x08002796       0x14 build/stm32f4xx_hal_can.o
                0x08002796                HAL_CAN_TxMailbox0AbortCallback
 .text.HAL_CAN_TxMailbox1AbortCallback
                0x080027aa       0x14 build/stm32f4xx_hal_can.o
                0x080027aa                HAL_CAN_TxMailbox1AbortCallback
 .text.HAL_CAN_TxMailbox2AbortCallback
                0x080027be       0x14 build/stm32f4xx_hal_can.o
                0x080027be                HAL_CAN_TxMailbox2AbortCallback
 .text.HAL_CAN_RxFifo0FullCallback
                0x080027d2       0x14 build/stm32f4xx_hal_can.o
                0x080027d2                HAL_CAN_RxFifo0FullCallback
 .text.HAL_CAN_RxFifo1MsgPendingCallback
                0x080027e6       0x14 build/stm32f4xx_hal_can.o
                0x080027e6                HAL_CAN_RxFifo1MsgPendingCallback
 .text.HAL_CAN_RxFifo1FullCallback
                0x080027fa       0x14 build/stm32f4xx_hal_can.o
                0x080027fa                HAL_CAN_RxFifo1FullCallback
 .text.HAL_CAN_SleepCallback
                0x0800280e       0x14 build/stm32f4xx_hal_can.o
                0x0800280e                HAL_CAN_SleepCallback
 .text.HAL_CAN_WakeUpFromRxMsgCallback
                0x08002822       0x14 build/stm32f4xx_hal_can.o
                0x08002822                HAL_CAN_WakeUpFromRxMsgCallback
 .text.HAL_CAN_ErrorCallback
                0x08002836       0x14 build/stm32f4xx_hal_can.o
                0x08002836                HAL_CAN_ErrorCallback
 *fill*         0x0800284a        0x2 
 .text.HAL_RCC_ClockConfig
                0x0800284c      0x1cc build/stm32f4xx_hal_rcc.o
                0x0800284c                HAL_RCC_ClockConfig
 .text.HAL_RCC_GetHCLKFreq
                0x08002a18       0x18 build/stm32f4xx_hal_rcc.o
                0x08002a18                HAL_RCC_GetHCLKFreq
 .text.HAL_RCC_GetPCLK1Freq
                0x08002a30       0x28 build/stm32f4xx_hal_rcc.o
                0x08002a30                HAL_RCC_GetPCLK1Freq
 .text.HAL_RCC_GetPCLK2Freq
                0x08002a58       0x28 build/stm32f4xx_hal_rcc.o
                0x08002a58                HAL_RCC_GetPCLK2Freq
 .text.HAL_RCC_GetSysClockFreq
                0x08002a80      0x354 build/stm32f4xx_hal_rcc_ex.o
                0x08002a80                HAL_RCC_GetSysClockFreq
 .text.HAL_RCC_OscConfig
                0x08002dd4      0x53c build/stm32f4xx_hal_rcc_ex.o
                0x08002dd4                HAL_RCC_OscConfig
 .text.HAL_GPIO_Init
                0x08003310      0x328 build/stm32f4xx_hal_gpio.o
                0x08003310                HAL_GPIO_Init
 .text.HAL_DMA_Init
                0x08003638      0x15c build/stm32f4xx_hal_dma.o
                0x08003638                HAL_DMA_Init
 .text.DMA_CalcBaseAndBitshift
                0x08003794       0x6c build/stm32f4xx_hal_dma.o
 .text.DMA_CheckFifoParam
                0x08003800       0xf8 build/stm32f4xx_hal_dma.o
 .text.__NVIC_SetPriorityGrouping
                0x080038f8       0x48 build/stm32f4xx_hal_cortex.o
 .text.__NVIC_GetPriorityGrouping
                0x08003940       0x1c build/stm32f4xx_hal_cortex.o
 .text.__NVIC_EnableIRQ
                0x0800395c       0x3c build/stm32f4xx_hal_cortex.o
 .text.__NVIC_SetPriority
                0x08003998       0x54 build/stm32f4xx_hal_cortex.o
 .text.NVIC_EncodePriority
                0x080039ec       0x66 build/stm32f4xx_hal_cortex.o
 *fill*         0x08003a52        0x2 
 .text.SysTick_Config
                0x08003a54       0x44 build/stm32f4xx_hal_cortex.o
 .text.HAL_NVIC_SetPriorityGrouping
                0x08003a98       0x16 build/stm32f4xx_hal_cortex.o
                0x08003a98                HAL_NVIC_SetPriorityGrouping
 .text.HAL_NVIC_SetPriority
                0x08003aae       0x38 build/stm32f4xx_hal_cortex.o
                0x08003aae                HAL_NVIC_SetPriority
 .text.HAL_NVIC_EnableIRQ
                0x08003ae6       0x1c build/stm32f4xx_hal_cortex.o
                0x08003ae6                HAL_NVIC_EnableIRQ
 .text.HAL_SYSTICK_Config
                0x08003b02       0x18 build/stm32f4xx_hal_cortex.o
                0x08003b02                HAL_SYSTICK_Config
 *fill*         0x08003b1a        0x2 
 .text.HAL_Init
                0x08003b1c       0x44 build/stm32f4xx_hal.o
                0x08003b1c                HAL_Init
 .text.HAL_InitTick
                0x08003b60       0x60 build/stm32f4xx_hal.o
                0x08003b60                HAL_InitTick
 .text.HAL_IncTick
                0x08003bc0       0x28 build/stm32f4xx_hal.o
                0x08003bc0                HAL_IncTick
 .text.HAL_GetTick
                0x08003be8       0x18 build/stm32f4xx_hal.o
                0x08003be8                HAL_GetTick
 .text.SystemInit
                0x08003c00       0x24 build/system_stm32f4xx.o
                0x08003c00                SystemInit
 .text.MX_DMA_Init
                0x08003c24       0x40 build/dma.o
                0x08003c24                MX_DMA_Init
 .text.MX_USART3_UART_Init
                0x08003c64       0x58 build/usart.o
                0x08003c64                MX_USART3_UART_Init
 .text.HAL_UART_MspInit
                0x08003cbc      0x14c build/usart.o
                0x08003cbc                HAL_UART_MspInit
 .text.HAL_UART_Init
                0x08003e08       0xa0 build/stm32f4xx_hal_uart.o
                0x08003e08                HAL_UART_Init
 .text.UART_SetConfig
                0x08003ea8      0x4e8 build/stm32f4xx_hal_uart.o
 .text.can_bsp_init
                0x08004390       0x30 build/bsp_can.o
                0x08004390                can_bsp_init
 .text.can_filter_init
                0x080043c0       0x74 build/bsp_can.o
                0x080043c0                can_filter_init
 .text.canx_bsp_send_data
                0x08004434       0x64 build/bsp_can.o
                0x08004434                canx_bsp_send_data
 .text.canx_bsp_receive
                0x08004498       0x38 build/bsp_can.o
                0x08004498                canx_bsp_receive
 .text.HAL_CAN_RxFifo0MsgPendingCallback
                0x080044d0       0x30 build/bsp_can.o
                0x080044d0                HAL_CAN_RxFifo0MsgPendingCallback
 .text.can2_rx_callback
                0x08004500        0xe build/bsp_can.o
                0x08004500                can2_rx_callback
 *fill*         0x0800450e        0x2 
 .text.dm4310_motor_init
                0x08004510       0x54 build/dm_ctrl.o
                0x08004510                dm4310_motor_init
 .text.ctrl_enable
                0x08004564       0x54 build/dm_ctrl.o
                0x08004564                ctrl_enable
 .text.ctrl_send
                0x080045b8       0x44 build/dm_ctrl.o
                0x080045b8                ctrl_send
 .text.can1_rx_callback
                0x080045fc       0x60 build/dm_ctrl.o
                0x080045fc                can1_rx_callback
 .text.dm4310_enable
                0x0800465c       0x6a build/dm_drv.o
                0x0800465c                dm4310_enable
 .text.dm4310_ctrl_send
                0x080046c6       0xb0 build/dm_drv.o
                0x080046c6                dm4310_ctrl_send
 .text.dm4310_set
                0x08004776       0x3c build/dm_drv.o
                0x08004776                dm4310_set
 .text.dm4310_fbdata
                0x080047b2       0xf2 build/dm_drv.o
                0x080047b2                dm4310_fbdata
 .text.float_to_uint
                0x080048a4       0x66 build/dm_drv.o
                0x080048a4                float_to_uint
 .text.uint_to_float
                0x0800490a       0x64 build/dm_drv.o
                0x0800490a                uint_to_float
 .text.enable_motor_mode
                0x0800496e       0x4e build/dm_drv.o
                0x0800496e                enable_motor_mode
 .text.mit_ctrl
                0x080049bc      0x120 build/dm_drv.o
                0x080049bc                mit_ctrl
 .text.pos_speed_ctrl
                0x08004adc       0x6a build/dm_drv.o
                0x08004adc                pos_speed_ctrl
 .text.speed_ctrl
                0x08004b46       0x4a build/dm_drv.o
                0x08004b46                speed_ctrl
 .text.RC_init  0x08004b90       0xb8 build/remote_control.o
                0x08004b90                RC_init
 .text.remote_control_init
                0x08004c48       0x1c build/remote_control.o
                0x08004c48                remote_control_init
 .text.Sbus_Data_Count
                0x08004c64      0x3bc build/remote_control.o
                0x08004c64                Sbus_Data_Count
 .text.get_channel_raw_value
                0x08005020       0x84 build/remote_control.o
                0x08005020                get_channel_raw_value
 .text.USART3_IRQHandler
                0x080050a4      0x138 build/remote_control.o
                0x080050a4                USART3_IRQHandler
 .text.remote_control_active
                0x080051dc       0x10 build/remote_control.o
                0x080051dc                remote_control_active
 .text.scheduler_init
                0x080051ec       0x74 build/scheduler.o
                0x080051ec                scheduler_init
 .text.create_task
                0x08005260      0x114 build/scheduler.o
                0x08005260                create_task
 .text.scheduler_run
                0x08005374       0xf0 build/scheduler.o
                0x08005374                scheduler_run
 .text.task_init
                0x08005464       0x54 build/task.o
                0x08005464                task_init
 .text.task_1ms
                0x080054b8        0xe build/task.o
                0x080054b8                task_1ms
 .text.task_5ms
                0x080054c6        0xe build/task.o
                0x080054c6                task_5ms
 .text.task_10ms
                0x080054d4        0xc build/task.o
                0x080054d4                task_10ms
 .text.task_100ms
                0x080054e0       0x7c build/task.o
                0x080054e0                task_100ms
 .text.IK_Solve
                0x0800555c      0x2c4 build/kinematic_solver.o
                0x0800555c                IK_Solve
 .text.Mapping_Init
                0x08005820       0x2c build/coordinate_mapping.o
                0x08005820                Mapping_Init
 .text.Set_Stick_Channels
                0x0800584c       0x2c build/coordinate_mapping.o
                0x0800584c                Set_Stick_Channels
 .text.Map_To_Cartesian
                0x08005878      0x228 build/coordinate_mapping.o
                0x08005878                Map_To_Cartesian
 .text.ArmControl_Init
                0x08005aa0       0x2c build/arm_control.o
                0x08005aa0                ArmControl_Init
 .text.Set_Target_Position
                0x08005acc       0xe0 build/arm_control.o
                0x08005acc                Set_Target_Position
 .text.Smooth_Angle_Transition
                0x08005bac      0x10c build/arm_control.o
 .text.ArmControl_Update
                0x08005cb8      0x168 build/arm_control.o
                0x08005cb8                ArmControl_Update
 .text.Get_Current_Position
                0x08005e20       0xb4 build/arm_control.o
                0x08005e20                Get_Current_Position
 .text.MCU_Init
                0x08005ed4       0x18 build/mcu_config.o
                0x08005ed4                MCU_Init
 .text.can_driver_init
                0x08005eec        0xc build/can_driver.o
                0x08005eec                can_driver_init
 .text.canx_send_data
                0x08005ef8       0x24 build/can_driver.o
                0x08005ef8                canx_send_data
 .text.canx_receive_data
                0x08005f1c       0x24 build/can_driver.o
                0x08005f1c                canx_receive_data
 .text.Reset_Handler
                0x08005f40       0x50 build/startup_stm32f446xx.o
                0x08005f40                Reset_Handler
 .text.Default_Handler
                0x08005f90        0x2 build/startup_stm32f446xx.o
                0x08005f90                RTC_Alarm_IRQHandler
                0x08005f90                EXTI2_IRQHandler
                0x08005f90                TIM8_CC_IRQHandler
                0x08005f90                FMPI2C1_EV_IRQHandler
                0x08005f90                SPI4_IRQHandler
                0x08005f90                TIM1_CC_IRQHandler
                0x08005f90                DMA2_Stream5_IRQHandler
                0x08005f90                DMA1_Stream5_IRQHandler
                0x08005f90                PVD_IRQHandler
                0x08005f90                SDIO_IRQHandler
                0x08005f90                TAMP_STAMP_IRQHandler
                0x08005f90                EXTI3_IRQHandler
                0x08005f90                TIM8_TRG_COM_TIM14_IRQHandler
                0x08005f90                TIM1_UP_TIM10_IRQHandler
                0x08005f90                TIM8_UP_TIM13_IRQHandler
                0x08005f90                I2C3_ER_IRQHandler
                0x08005f90                EXTI0_IRQHandler
                0x08005f90                I2C2_EV_IRQHandler
                0x08005f90                DMA1_Stream2_IRQHandler
                0x08005f90                FPU_IRQHandler
                0x08005f90                OTG_HS_WKUP_IRQHandler
                0x08005f90                CAN2_SCE_IRQHandler
                0x08005f90                DMA2_Stream2_IRQHandler
                0x08005f90                SPI1_IRQHandler
                0x08005f90                TIM6_DAC_IRQHandler
                0x08005f90                TIM1_BRK_TIM9_IRQHandler
                0x08005f90                DCMI_IRQHandler
                0x08005f90                DMA2_Stream3_IRQHandler
                0x08005f90                SAI2_IRQHandler
                0x08005f90                USART6_IRQHandler
                0x08005f90                UART5_IRQHandler
                0x08005f90                DMA2_Stream0_IRQHandler
                0x08005f90                TIM4_IRQHandler
                0x08005f90                QUADSPI_IRQHandler
                0x08005f90                I2C1_EV_IRQHandler
                0x08005f90                DMA1_Stream6_IRQHandler
                0x08005f90                DMA1_Stream1_IRQHandler
                0x08005f90                UART4_IRQHandler
                0x08005f90                TIM3_IRQHandler
                0x08005f90                RCC_IRQHandler
                0x08005f90                TIM8_BRK_TIM12_IRQHandler
                0x08005f90                Default_Handler
                0x08005f90                CEC_IRQHandler
                0x08005f90                EXTI15_10_IRQHandler
                0x08005f90                ADC_IRQHandler
                0x08005f90                DMA1_Stream7_IRQHandler
                0x08005f90                TIM7_IRQHandler
                0x08005f90                CAN2_TX_IRQHandler
                0x08005f90                TIM5_IRQHandler
                0x08005f90                DMA2_Stream7_IRQHandler
                0x08005f90                I2C3_EV_IRQHandler
                0x08005f90                EXTI9_5_IRQHandler
                0x08005f90                RTC_WKUP_IRQHandler
                0x08005f90                SPDIF_RX_IRQHandler
                0x08005f90                SPI2_IRQHandler
                0x08005f90                OTG_HS_EP1_IN_IRQHandler
                0x08005f90                DMA1_Stream0_IRQHandler
                0x08005f90                CAN1_TX_IRQHandler
                0x08005f90                FMPI2C1_ER_IRQHandler
                0x08005f90                EXTI4_IRQHandler
                0x08005f90                OTG_HS_EP1_OUT_IRQHandler
                0x08005f90                WWDG_IRQHandler
                0x08005f90                TIM2_IRQHandler
                0x08005f90                OTG_FS_WKUP_IRQHandler
                0x08005f90                TIM1_TRG_COM_TIM11_IRQHandler
                0x08005f90                OTG_HS_IRQHandler
                0x08005f90                EXTI1_IRQHandler
                0x08005f90                USART2_IRQHandler
                0x08005f90                I2C2_ER_IRQHandler
                0x08005f90                DMA2_Stream1_IRQHandler
                0x08005f90                CAN1_SCE_IRQHandler
                0x08005f90                FLASH_IRQHandler
                0x08005f90                DMA2_Stream4_IRQHandler
                0x08005f90                USART1_IRQHandler
                0x08005f90                OTG_FS_IRQHandler
                0x08005f90                SPI3_IRQHandler
                0x08005f90                DMA1_Stream4_IRQHandler
                0x08005f90                I2C1_ER_IRQHandler
                0x08005f90                FMC_IRQHandler
                0x08005f90                DMA2_Stream6_IRQHandler
                0x08005f90                SAI1_IRQHandler
                0x08005f90                DMA1_Stream3_IRQHandler
 .text.__udivmoddi4
                0x08005f92      0x2a0 D:/enviroment/msys2/mingw64/bin/../lib/gcc/arm-none-eabi/13.3.0/thumb/v7e-m+fp/hard\libgcc.a(_udivmoddi4.o)
                0x08005f92                __udivmoddi4
 *(.glue_7)
 .glue_7        0x08006232        0x0 linker stubs
 *(.glue_7t)
 .glue_7t       0x08006232        0x0 linker stubs
 *(.eh_frame)
 *fill*         0x08006232        0x2 
 .eh_frame      0x08006234        0x0 D:/enviroment/msys2/mingw64/bin/../lib/gcc/arm-none-eabi/13.3.0/thumb/v7e-m+fp/hard/crtbegin.o
 *(.init)
 .init          0x08006234        0x4 D:/enviroment/msys2/mingw64/bin/../lib/gcc/arm-none-eabi/13.3.0/thumb/v7e-m+fp/hard/crti.o
                0x08006234                _init
 .init          0x08006238        0x8 D:/enviroment/msys2/mingw64/bin/../lib/gcc/arm-none-eabi/13.3.0/thumb/v7e-m+fp/hard/crtn.o
 *(.fini)
 .fini          0x08006240        0x4 D:/enviroment/msys2/mingw64/bin/../lib/gcc/arm-none-eabi/13.3.0/thumb/v7e-m+fp/hard/crti.o
                0x08006240                _fini
 .fini          0x08006244        0x8 D:/enviroment/msys2/mingw64/bin/../lib/gcc/arm-none-eabi/13.3.0/thumb/v7e-m+fp/hard/crtn.o
                0x0800624c                        . = ALIGN (0x4)
                0x0800624c                        _etext = .

.vfp11_veneer   0x0800624c        0x0
 .vfp11_veneer  0x0800624c        0x0 linker stubs

.v4_bx          0x0800624c        0x0
 .v4_bx         0x0800624c        0x0 linker stubs

.iplt           0x0800624c        0x0
 .iplt          0x0800624c        0x0 D:/enviroment/msys2/mingw64/bin/../lib/gcc/arm-none-eabi/13.3.0/thumb/v7e-m+fp/hard/crtbegin.o

.rodata         0x0800624c      0x498
                0x0800624c                        . = ALIGN (0x4)
 *(.rodata)
 .rodata        0x0800624c       0x47 build/task.o
 *fill*         0x08006293        0x1 
 .rodata        0x08006294        0xc build/kinematic_solver.o
 .rodata        0x080062a0       0x18 D:/enviroment/msys2/mingw64/bin/../lib/gcc/arm-none-eabi/13.3.0/../../../../arm-none-eabi/lib/thumb/v7e-m+fp/hard\libm.a(libm_a-ef_atan2.o)
 .rodata        0x080062b8      0x398 D:/enviroment/msys2/mingw64/bin/../lib/gcc/arm-none-eabi/13.3.0/../../../../arm-none-eabi/lib/thumb/v7e-m+fp/hard\libm.a(libm_a-ef_rem_pio2.o)
 .rodata        0x08006650       0x20 D:/enviroment/msys2/mingw64/bin/../lib/gcc/arm-none-eabi/13.3.0/../../../../arm-none-eabi/lib/thumb/v7e-m+fp/hard\libm.a(libm_a-sf_atan.o)
 .rodata        0x08006670       0x38 D:/enviroment/msys2/mingw64/bin/../lib/gcc/arm-none-eabi/13.3.0/../../../../arm-none-eabi/lib/thumb/v7e-m+fp/hard\libm.a(libm_a-kf_rem_pio2.o)
 *(.rodata*)
 .rodata.flagBitshiftOffset.0
                0x080066a8        0x8 build/stm32f4xx_hal_dma.o
 .rodata.AHBPrescTable
                0x080066b0       0x10 build/system_stm32f4xx.o
                0x080066b0                AHBPrescTable
 .rodata.APBPrescTable
                0x080066c0        0x8 build/system_stm32f4xx.o
                0x080066c0                APBPrescTable
 .rodata.arm_config
                0x080066c8       0x18 build/arm_control.o
 .rodata.str1.4
                0x080066e0        0x1 D:/enviroment/msys2/mingw64/bin/../lib/gcc/arm-none-eabi/13.3.0/../../../../arm-none-eabi/lib/thumb/v7e-m+fp/hard\libm.a(libm_a-wf_acos.o)
                0x080066e4                        . = ALIGN (0x4)
 *fill*         0x080066e1        0x3 

.ARM.extab      0x080066e4        0x0
                0x080066e4                        . = ALIGN (0x4)
 *(.ARM.extab* .gnu.linkonce.armextab.*)
                0x080066e4                        . = ALIGN (0x4)

.ARM            0x080066e4        0x8
                0x080066e4                        . = ALIGN (0x4)
                0x080066e4                        __exidx_start = .
 *(.ARM.exidx*)
 .ARM.exidx.text.__udivmoddi4
                0x080066e4        0x8 D:/enviroment/msys2/mingw64/bin/../lib/gcc/arm-none-eabi/13.3.0/thumb/v7e-m+fp/hard\libgcc.a(_udivmoddi4.o)
                0x080066ec                        __exidx_end = .
                0x080066ec                        . = ALIGN (0x4)

.preinit_array  0x080066ec        0x0
                0x080066ec                        . = ALIGN (0x4)
                0x080066ec                        PROVIDE (__preinit_array_start = .)
 *(.preinit_array*)
                0x080066ec                        PROVIDE (__preinit_array_end = .)
                0x080066ec                        . = ALIGN (0x4)

.init_array     0x080066ec        0x4
                0x080066ec                        . = ALIGN (0x4)
                0x080066ec                        PROVIDE (__init_array_start = .)
 *(SORT_BY_NAME(.init_array.*))
 *(.init_array*)
 .init_array    0x080066ec        0x4 D:/enviroment/msys2/mingw64/bin/../lib/gcc/arm-none-eabi/13.3.0/thumb/v7e-m+fp/hard/crtbegin.o
                0x080066f0                        PROVIDE (__init_array_end = .)
                0x080066f0                        . = ALIGN (0x4)

.fini_array     0x080066f0        0x4
                0x080066f0                        . = ALIGN (0x4)
                0x080066f0                        PROVIDE (__fini_array_start = .)
 *(SORT_BY_NAME(.fini_array.*))
 *(.fini_array*)
 .fini_array    0x080066f0        0x4 D:/enviroment/msys2/mingw64/bin/../lib/gcc/arm-none-eabi/13.3.0/thumb/v7e-m+fp/hard/crtbegin.o
                0x080066f4                        PROVIDE (__fini_array_end = .)
                0x080066f4                        . = ALIGN (0x4)
                0x080066f4                        _sidata = LOADADDR (.data)

.rel.dyn        0x080066f4        0x0
 .rel.iplt      0x080066f4        0x0 D:/enviroment/msys2/mingw64/bin/../lib/gcc/arm-none-eabi/13.3.0/thumb/v7e-m+fp/hard/crtbegin.o

.data           0x20000000       0x94 load address 0x080066f4
                0x20000000                        . = ALIGN (0x4)
                0x20000000                        _sdata = .
 *(.data)
 .data          0x20000000       0x50 D:/enviroment/msys2/mingw64/bin/../lib/gcc/arm-none-eabi/13.3.0/../../../../arm-none-eabi/lib/thumb/v7e-m+fp/hard\libc_nano.a(libc_a-impure.o)
                0x20000000                _impure_ptr
                0x20000004                _impure_data
 *(.data*)
 .data.uwTickPrio
                0x20000050        0x4 build/stm32f4xx_hal.o
                0x20000050                uwTickPrio
 .data.uwTickFreq
                0x20000054        0x1 build/stm32f4xx_hal.o
                0x20000054                uwTickFreq
 *fill*         0x20000055        0x3 
 .data.SystemCoreClock
                0x20000058        0x4 build/system_stm32f4xx.o
                0x20000058                SystemCoreClock
 .data.workspace_config
                0x2000005c       0x14 build/coordinate_mapping.o
                0x2000005c                workspace_config
 .data.stick_config
                0x20000070        0x2 build/coordinate_mapping.o
 *fill*         0x20000072        0x2 
 .data.current_target
                0x20000074        0x8 build/arm_control.o
 .data.current_angles
                0x2000007c        0xc build/arm_control.o
 .data.target_angles
                0x20000088        0xc build/arm_control.o
 *(.RamFunc)
 *(.RamFunc*)
                0x20000094                        . = ALIGN (0x4)
                0x20000094                        _edata = .

.igot.plt       0x20000094        0x0 load address 0x08006788
 .igot.plt      0x20000094        0x0 D:/enviroment/msys2/mingw64/bin/../lib/gcc/arm-none-eabi/13.3.0/thumb/v7e-m+fp/hard/crtbegin.o
                0x20000094                        . = ALIGN (0x4)

.bss            0x20000094      0x49c load address 0x08006788
                0x20000094                        _sbss = .
                0x20000094                        __bss_start__ = _sbss
 *(.bss)
 .bss           0x20000094      0x13c D:/enviroment/msys2/mingw64/bin/../lib/gcc/arm-none-eabi/13.3.0/../../../../arm-none-eabi/lib/thumb/v7e-m+fp/hard\libc_nano.a(libc_a-findfp.o)
                0x20000094                __sf
                0x200001cc                __stdio_exit_handler
 *(.bss*)
 .bss.completed.1
                0x200001d0        0x1 D:/enviroment/msys2/mingw64/bin/../lib/gcc/arm-none-eabi/13.3.0/thumb/v7e-m+fp/hard/crtbegin.o
 *fill*         0x200001d1        0x3 
 .bss.object.0  0x200001d4       0x18 D:/enviroment/msys2/mingw64/bin/../lib/gcc/arm-none-eabi/13.3.0/thumb/v7e-m+fp/hard/crtbegin.o
 .bss.hcan1     0x200001ec       0x28 build/can.o
                0x200001ec                hcan1
 .bss.hcan2     0x20000214       0x28 build/can.o
                0x20000214                hcan2
 .bss.HAL_RCC_CAN1_CLK_ENABLED
                0x2000023c        0x4 build/can.o
 .bss.uwTick    0x20000240        0x4 build/stm32f4xx_hal.o
                0x20000240                uwTick
 .bss.huart3    0x20000244       0x48 build/usart.o
                0x20000244                huart3
 .bss.hdma_usart3_rx
                0x2000028c       0x60 build/usart.o
                0x2000028c                hdma_usart3_rx
 .bss.motor     0x200002ec       0xd8 build/dm_ctrl.o
                0x200002ec                motor
 .bss.sbus_rx_buf
                0x200003c4       0x64 build/remote_control.o
 .bss.channels  0x20000428       0x24 build/remote_control.o
                0x20000428                channels
 .bss.rc_ctrl1  0x2000044c       0x10 build/remote_control.o
                0x2000044c                rc_ctrl1
 .bss.this_time_rx_len.0
                0x2000045c        0x2 build/remote_control.o
 *fill*         0x2000045e        0x2 
 .bss.sys_time  0x20000460        0x4 build/scheduler.o
                0x20000460                sys_time
 .bss.run_queue
                0x20000464       0xc0 build/scheduler.o
                0x20000464                run_queue
 .bss.task_num  0x20000524        0x1 build/scheduler.o
                0x20000524                task_num
 *fill*         0x20000525        0x3 
 .bss.last_run.0
                0x20000528        0x4 build/scheduler.o
 .bss.arm_state
                0x2000052c        0x1 build/arm_control.o
 *(COMMON)
                0x20000530                        . = ALIGN (0x4)
 *fill*         0x2000052d        0x3 
                0x20000530                        _ebss = .
                0x20000530                        __bss_end__ = _ebss

._user_heap_stack
                0x20000530      0x600 load address 0x08006788
                0x20000530                        . = ALIGN (0x8)
                0x20000530                        PROVIDE (end = .)
                [!provide]                        PROVIDE (_end = .)
                0x20000730                        . = (. + _Min_Heap_Size)
 *fill*         0x20000530      0x200 
                0x20000b30                        . = (. + _Min_Stack_Size)
 *fill*         0x20000730      0x400 
                0x20000b30                        . = ALIGN (0x8)

/DISCARD/
 libc.a(*)
 libm.a(*)
 libgcc.a(*)
OUTPUT(build/drone_arm.elf elf32-littlearm)
LOAD linker stubs
LOAD D:/enviroment/msys2/mingw64/bin/../lib/gcc/arm-none-eabi/13.3.0/../../../../arm-none-eabi/lib/thumb/v7e-m+fp/hard\libc.a
LOAD D:/enviroment/msys2/mingw64/bin/../lib/gcc/arm-none-eabi/13.3.0/../../../../arm-none-eabi/lib/thumb/v7e-m+fp/hard\libm.a
LOAD D:/enviroment/msys2/mingw64/bin/../lib/gcc/arm-none-eabi/13.3.0/thumb/v7e-m+fp/hard\libgcc.a

.ARM.attributes
                0x00000000       0x30
 .ARM.attributes
                0x00000000       0x22 D:/enviroment/msys2/mingw64/bin/../lib/gcc/arm-none-eabi/13.3.0/thumb/v7e-m+fp/hard/crti.o
 .ARM.attributes
                0x00000022       0x34 D:/enviroment/msys2/mingw64/bin/../lib/gcc/arm-none-eabi/13.3.0/thumb/v7e-m+fp/hard/crtbegin.o
 .ARM.attributes
                0x00000056       0x34 build/main.o
 .ARM.attributes
                0x0000008a       0x34 build/gpio.o
 .ARM.attributes
                0x000000be       0x34 build/can.o
 .ARM.attributes
                0x000000f2       0x34 build/stm32f4xx_it.o
 .ARM.attributes
                0x00000126       0x34 build/stm32f4xx_hal_msp.o
 .ARM.attributes
                0x0000015a       0x34 build/stm32f4xx_hal_can.o
 .ARM.attributes
                0x0000018e       0x34 build/stm32f4xx_hal_rcc.o
 .ARM.attributes
                0x000001c2       0x34 build/stm32f4xx_hal_rcc_ex.o
 .ARM.attributes
                0x000001f6       0x34 build/stm32f4xx_hal_gpio.o
 .ARM.attributes
                0x0000022a       0x34 build/stm32f4xx_hal_dma.o
 .ARM.attributes
                0x0000025e       0x34 build/stm32f4xx_hal_cortex.o
 .ARM.attributes
                0x00000292       0x34 build/stm32f4xx_hal.o
 .ARM.attributes
                0x000002c6       0x34 build/system_stm32f4xx.o
 .ARM.attributes
                0x000002fa       0x34 build/dma.o
 .ARM.attributes
                0x0000032e       0x34 build/usart.o
 .ARM.attributes
                0x00000362       0x34 build/stm32f4xx_hal_uart.o
 .ARM.attributes
                0x00000396       0x34 build/bsp_can.o
 .ARM.attributes
                0x000003ca       0x34 build/dm_ctrl.o
 .ARM.attributes
                0x000003fe       0x34 build/dm_drv.o
 .ARM.attributes
                0x00000432       0x34 build/remote_control.o
 .ARM.attributes
                0x00000466       0x34 build/scheduler.o
 .ARM.attributes
                0x0000049a       0x34 build/task.o
 .ARM.attributes
                0x000004ce       0x34 build/kinematic_solver.o
 .ARM.attributes
                0x00000502       0x34 build/coordinate_mapping.o
 .ARM.attributes
                0x00000536       0x34 build/arm_control.o
 .ARM.attributes
                0x0000056a       0x34 build/mcu_config.o
 .ARM.attributes
                0x0000059e       0x34 build/can_driver.o
 .ARM.attributes
                0x000005d2       0x21 build/startup_stm32f446xx.o
 .ARM.attributes
                0x000005f3       0x34 D:/enviroment/msys2/mingw64/bin/../lib/gcc/arm-none-eabi/13.3.0/../../../../arm-none-eabi/lib/thumb/v7e-m+fp/hard\libc_nano.a(libc_a-findfp.o)
 .ARM.attributes
                0x00000627       0x34 D:/enviroment/msys2/mingw64/bin/../lib/gcc/arm-none-eabi/13.3.0/../../../../arm-none-eabi/lib/thumb/v7e-m+fp/hard\libc_nano.a(libc_a-memset.o)
 .ARM.attributes
                0x0000065b       0x34 D:/enviroment/msys2/mingw64/bin/../lib/gcc/arm-none-eabi/13.3.0/../../../../arm-none-eabi/lib/thumb/v7e-m+fp/hard\libc_nano.a(libc_a-impure.o)
 .ARM.attributes
                0x0000068f       0x34 D:/enviroment/msys2/mingw64/bin/../lib/gcc/arm-none-eabi/13.3.0/../../../../arm-none-eabi/lib/thumb/v7e-m+fp/hard\libc_nano.a(libc_a-init.o)
 .ARM.attributes
                0x000006c3       0x34 D:/enviroment/msys2/mingw64/bin/../lib/gcc/arm-none-eabi/13.3.0/../../../../arm-none-eabi/lib/thumb/v7e-m+fp/hard\libc_nano.a(libm_a-sf_copysign.o)
 .ARM.attributes
                0x000006f7       0x34 D:/enviroment/msys2/mingw64/bin/../lib/gcc/arm-none-eabi/13.3.0/../../../../arm-none-eabi/lib/thumb/v7e-m+fp/hard\libm.a(libm_a-wf_acos.o)
 .ARM.attributes
                0x0000072b       0x34 D:/enviroment/msys2/mingw64/bin/../lib/gcc/arm-none-eabi/13.3.0/../../../../arm-none-eabi/lib/thumb/v7e-m+fp/hard\libm.a(libm_a-wf_atan2.o)
 .ARM.attributes
                0x0000075f       0x34 D:/enviroment/msys2/mingw64/bin/../lib/gcc/arm-none-eabi/13.3.0/../../../../arm-none-eabi/lib/thumb/v7e-m+fp/hard\libm.a(libm_a-wf_sqrt.o)
 .ARM.attributes
                0x00000793       0x34 D:/enviroment/msys2/mingw64/bin/../lib/gcc/arm-none-eabi/13.3.0/../../../../arm-none-eabi/lib/thumb/v7e-m+fp/hard\libm.a(libm_a-sf_cos.o)
 .ARM.attributes
                0x000007c7       0x34 D:/enviroment/msys2/mingw64/bin/../lib/gcc/arm-none-eabi/13.3.0/../../../../arm-none-eabi/lib/thumb/v7e-m+fp/hard\libm.a(libm_a-sf_fabs.o)
 .ARM.attributes
                0x000007fb       0x34 D:/enviroment/msys2/mingw64/bin/../lib/gcc/arm-none-eabi/13.3.0/../../../../arm-none-eabi/lib/thumb/v7e-m+fp/hard\libm.a(libm_a-sf_sin.o)
 .ARM.attributes
                0x0000082f       0x34 D:/enviroment/msys2/mingw64/bin/../lib/gcc/arm-none-eabi/13.3.0/../../../../arm-none-eabi/lib/thumb/v7e-m+fp/hard\libm.a(libm_a-sf_nan.o)
 .ARM.attributes
                0x00000863       0x34 D:/enviroment/msys2/mingw64/bin/../lib/gcc/arm-none-eabi/13.3.0/../../../../arm-none-eabi/lib/thumb/v7e-m+fp/hard\libm.a(libm_a-sf_fmax.o)
 .ARM.attributes
                0x00000897       0x34 D:/enviroment/msys2/mingw64/bin/../lib/gcc/arm-none-eabi/13.3.0/../../../../arm-none-eabi/lib/thumb/v7e-m+fp/hard\libm.a(libm_a-sf_fmin.o)
 .ARM.attributes
                0x000008cb       0x34 D:/enviroment/msys2/mingw64/bin/../lib/gcc/arm-none-eabi/13.3.0/../../../../arm-none-eabi/lib/thumb/v7e-m+fp/hard\libm.a(libm_a-sf_fpclassify.o)
 .ARM.attributes
                0x000008ff       0x34 D:/enviroment/msys2/mingw64/bin/../lib/gcc/arm-none-eabi/13.3.0/../../../../arm-none-eabi/lib/thumb/v7e-m+fp/hard\libm.a(libm_a-ef_sqrt.o)
 .ARM.attributes
                0x00000933       0x34 D:/enviroment/msys2/mingw64/bin/../lib/gcc/arm-none-eabi/13.3.0/../../../../arm-none-eabi/lib/thumb/v7e-m+fp/hard\libm.a(libm_a-kf_cos.o)
 .ARM.attributes
                0x00000967       0x34 D:/enviroment/msys2/mingw64/bin/../lib/gcc/arm-none-eabi/13.3.0/../../../../arm-none-eabi/lib/thumb/v7e-m+fp/hard\libm.a(libm_a-kf_sin.o)
 .ARM.attributes
                0x0000099b       0x34 D:/enviroment/msys2/mingw64/bin/../lib/gcc/arm-none-eabi/13.3.0/../../../../arm-none-eabi/lib/thumb/v7e-m+fp/hard\libm.a(libm_a-ef_acos.o)
 .ARM.attributes
                0x000009cf       0x34 D:/enviroment/msys2/mingw64/bin/../lib/gcc/arm-none-eabi/13.3.0/../../../../arm-none-eabi/lib/thumb/v7e-m+fp/hard\libm.a(libm_a-ef_atan2.o)
 .ARM.attributes
                0x00000a03       0x34 D:/enviroment/msys2/mingw64/bin/../lib/gcc/arm-none-eabi/13.3.0/../../../../arm-none-eabi/lib/thumb/v7e-m+fp/hard\libm.a(libm_a-ef_rem_pio2.o)
 .ARM.attributes
                0x00000a37       0x34 D:/enviroment/msys2/mingw64/bin/../lib/gcc/arm-none-eabi/13.3.0/../../../../arm-none-eabi/lib/thumb/v7e-m+fp/hard\libm.a(libm_a-sf_atan.o)
 .ARM.attributes
                0x00000a6b       0x34 D:/enviroment/msys2/mingw64/bin/../lib/gcc/arm-none-eabi/13.3.0/../../../../arm-none-eabi/lib/thumb/v7e-m+fp/hard\libm.a(libm_a-kf_rem_pio2.o)
 .ARM.attributes
                0x00000a9f       0x34 D:/enviroment/msys2/mingw64/bin/../lib/gcc/arm-none-eabi/13.3.0/../../../../arm-none-eabi/lib/thumb/v7e-m+fp/hard\libm.a(libm_a-sf_scalbn.o)
 .ARM.attributes
                0x00000ad3       0x34 D:/enviroment/msys2/mingw64/bin/../lib/gcc/arm-none-eabi/13.3.0/../../../../arm-none-eabi/lib/thumb/v7e-m+fp/hard\libm.a(libm_a-sf_floor.o)
 .ARM.attributes
                0x00000b07       0x22 D:/enviroment/msys2/mingw64/bin/../lib/gcc/arm-none-eabi/13.3.0/thumb/v7e-m+fp/hard\libgcc.a(_aeabi_uldivmod.o)
 .ARM.attributes
                0x00000b29       0x34 D:/enviroment/msys2/mingw64/bin/../lib/gcc/arm-none-eabi/13.3.0/thumb/v7e-m+fp/hard\libgcc.a(_udivmoddi4.o)
 .ARM.attributes
                0x00000b5d       0x22 D:/enviroment/msys2/mingw64/bin/../lib/gcc/arm-none-eabi/13.3.0/thumb/v7e-m+fp/hard\libgcc.a(_dvmd_tls.o)
 .ARM.attributes
                0x00000b7f       0x34 D:/enviroment/msys2/mingw64/bin/../lib/gcc/arm-none-eabi/13.3.0/../../../../arm-none-eabi/lib/thumb/v7e-m+fp/hard\libc_nano.a(libc_a-errno.o)
 .ARM.attributes
                0x00000bb3       0x22 D:/enviroment/msys2/mingw64/bin/../lib/gcc/arm-none-eabi/13.3.0/thumb/v7e-m+fp/hard/crtn.o

.comment        0x00000000       0x12
 .comment       0x00000000       0x12 build/main.o
                                 0x13 (size before relaxing)
 .comment       0x00000012       0x13 build/gpio.o
 .comment       0x00000012       0x13 build/can.o
 .comment       0x00000012       0x13 build/stm32f4xx_it.o
 .comment       0x00000012       0x13 build/stm32f4xx_hal_msp.o
 .comment       0x00000012       0x13 build/stm32f4xx_hal_can.o
 .comment       0x00000012       0x13 build/stm32f4xx_hal_rcc.o
 .comment       0x00000012       0x13 build/stm32f4xx_hal_rcc_ex.o
 .comment       0x00000012       0x13 build/stm32f4xx_hal_gpio.o
 .comment       0x00000012       0x13 build/stm32f4xx_hal_dma.o
 .comment       0x00000012       0x13 build/stm32f4xx_hal_cortex.o
 .comment       0x00000012       0x13 build/stm32f4xx_hal.o
 .comment       0x00000012       0x13 build/system_stm32f4xx.o
 .comment       0x00000012       0x13 build/dma.o
 .comment       0x00000012       0x13 build/usart.o
 .comment       0x00000012       0x13 build/stm32f4xx_hal_uart.o
 .comment       0x00000012       0x13 build/bsp_can.o
 .comment       0x00000012       0x13 build/dm_ctrl.o
 .comment       0x00000012       0x13 build/dm_drv.o
 .comment       0x00000012       0x13 build/remote_control.o
 .comment       0x00000012       0x13 build/scheduler.o
 .comment       0x00000012       0x13 build/task.o
 .comment       0x00000012       0x13 build/kinematic_solver.o
 .comment       0x00000012       0x13 build/coordinate_mapping.o
 .comment       0x00000012       0x13 build/arm_control.o
 .comment       0x00000012       0x13 build/mcu_config.o
 .comment       0x00000012       0x13 build/can_driver.o
 .comment       0x00000012       0x13 D:/enviroment/msys2/mingw64/bin/../lib/gcc/arm-none-eabi/13.3.0/../../../../arm-none-eabi/lib/thumb/v7e-m+fp/hard\libc_nano.a(libc_a-findfp.o)
 .comment       0x00000012       0x13 D:/enviroment/msys2/mingw64/bin/../lib/gcc/arm-none-eabi/13.3.0/../../../../arm-none-eabi/lib/thumb/v7e-m+fp/hard\libc_nano.a(libc_a-memset.o)
 .comment       0x00000012       0x13 D:/enviroment/msys2/mingw64/bin/../lib/gcc/arm-none-eabi/13.3.0/../../../../arm-none-eabi/lib/thumb/v7e-m+fp/hard\libc_nano.a(libc_a-impure.o)
 .comment       0x00000012       0x13 D:/enviroment/msys2/mingw64/bin/../lib/gcc/arm-none-eabi/13.3.0/../../../../arm-none-eabi/lib/thumb/v7e-m+fp/hard\libc_nano.a(libc_a-init.o)
 .comment       0x00000012       0x13 D:/enviroment/msys2/mingw64/bin/../lib/gcc/arm-none-eabi/13.3.0/../../../../arm-none-eabi/lib/thumb/v7e-m+fp/hard\libc_nano.a(libm_a-sf_copysign.o)
 .comment       0x00000012       0x13 D:/enviroment/msys2/mingw64/bin/../lib/gcc/arm-none-eabi/13.3.0/thumb/v7e-m+fp/hard\libgcc.a(_udivmoddi4.o)
 .comment       0x00000012       0x13 D:/enviroment/msys2/mingw64/bin/../lib/gcc/arm-none-eabi/13.3.0/../../../../arm-none-eabi/lib/thumb/v7e-m+fp/hard\libc_nano.a(libc_a-errno.o)

.debug_info     0x00000000    0x1387e
 .debug_info    0x00000000      0x648 build/main.o
 .debug_info    0x00000648      0x36d build/gpio.o
 .debug_info    0x000009b5      0xd0f build/can.o
 .debug_info    0x000016c4      0x65b build/stm32f4xx_it.o
 .debug_info    0x00001d1f      0x333 build/stm32f4xx_hal_msp.o
 .debug_info    0x00002052     0x1159 build/stm32f4xx_hal_can.o
 .debug_info    0x000031ab      0xaba build/stm32f4xx_hal_rcc.o
 .debug_info    0x00003c65      0xadd build/stm32f4xx_hal_rcc_ex.o
 .debug_info    0x00004742      0x86a build/stm32f4xx_hal_gpio.o
 .debug_info    0x00004fac      0x9e8 build/stm32f4xx_hal_dma.o
 .debug_info    0x00005994      0xfa5 build/stm32f4xx_hal_cortex.o
 .debug_info    0x00006939      0xad6 build/stm32f4xx_hal.o
 .debug_info    0x0000740f      0x5e4 build/system_stm32f4xx.o
 .debug_info    0x000079f3      0x59b build/dma.o
 .debug_info    0x00007f8e      0xdf9 build/usart.o
 .debug_info    0x00008d87     0x330e build/stm32f4xx_hal_uart.o
 .debug_info    0x0000c095      0x947 build/bsp_can.o
 .debug_info    0x0000c9dc      0x9d2 build/dm_ctrl.o
 .debug_info    0x0000d3ae      0xd37 build/dm_drv.o
 .debug_info    0x0000e0e5      0xb56 build/remote_control.o
 .debug_info    0x0000ec3b      0x3ff build/scheduler.o
 .debug_info    0x0000f03a      0x502 build/task.o
 .debug_info    0x0000f53c      0x34f build/kinematic_solver.o
 .debug_info    0x0000f88b      0x38d build/coordinate_mapping.o
 .debug_info    0x0000fc18      0x7f5 build/arm_control.o
 .debug_info    0x0001040d       0xcc build/mcu_config.o
 .debug_info    0x000104d9      0x983 build/can_driver.o
 .debug_info    0x00010e5c       0x30 build/startup_stm32f446xx.o
 .debug_info    0x00010e8c     0x10c4 D:/enviroment/msys2/mingw64/bin/../lib/gcc/arm-none-eabi/13.3.0/../../../../arm-none-eabi/lib/thumb/v7e-m+fp/hard\libc_nano.a(libc_a-findfp.o)
 .debug_info    0x00011f50      0x135 D:/enviroment/msys2/mingw64/bin/../lib/gcc/arm-none-eabi/13.3.0/../../../../arm-none-eabi/lib/thumb/v7e-m+fp/hard\libc_nano.a(libc_a-memset.o)
 .debug_info    0x00012085      0x715 D:/enviroment/msys2/mingw64/bin/../lib/gcc/arm-none-eabi/13.3.0/../../../../arm-none-eabi/lib/thumb/v7e-m+fp/hard\libc_nano.a(libc_a-impure.o)
 .debug_info    0x0001279a      0x10b D:/enviroment/msys2/mingw64/bin/../lib/gcc/arm-none-eabi/13.3.0/../../../../arm-none-eabi/lib/thumb/v7e-m+fp/hard\libc_nano.a(libc_a-init.o)
 .debug_info    0x000128a5      0x17b D:/enviroment/msys2/mingw64/bin/../lib/gcc/arm-none-eabi/13.3.0/../../../../arm-none-eabi/lib/thumb/v7e-m+fp/hard\libc_nano.a(libm_a-sf_copysign.o)
 .debug_info    0x00012a20       0x24 D:/enviroment/msys2/mingw64/bin/../lib/gcc/arm-none-eabi/13.3.0/thumb/v7e-m+fp/hard\libgcc.a(_aeabi_uldivmod.o)
 .debug_info    0x00012a44      0x703 D:/enviroment/msys2/mingw64/bin/../lib/gcc/arm-none-eabi/13.3.0/thumb/v7e-m+fp/hard\libgcc.a(_udivmoddi4.o)
 .debug_info    0x00013147       0x3c D:/enviroment/msys2/mingw64/bin/../lib/gcc/arm-none-eabi/13.3.0/thumb/v7e-m+fp/hard\libgcc.a(_dvmd_tls.o)
 .debug_info    0x00013183      0x6fb D:/enviroment/msys2/mingw64/bin/../lib/gcc/arm-none-eabi/13.3.0/../../../../arm-none-eabi/lib/thumb/v7e-m+fp/hard\libc_nano.a(libc_a-errno.o)

.debug_abbrev   0x00000000     0x3b7b
 .debug_abbrev  0x00000000      0x1d5 build/main.o
 .debug_abbrev  0x000001d5       0xd6 build/gpio.o
 .debug_abbrev  0x000002ab      0x1ee build/can.o
 .debug_abbrev  0x00000499      0x163 build/stm32f4xx_it.o
 .debug_abbrev  0x000005fc       0xd6 build/stm32f4xx_hal_msp.o
 .debug_abbrev  0x000006d2      0x22c build/stm32f4xx_hal_can.o
 .debug_abbrev  0x000008fe      0x2ac build/stm32f4xx_hal_rcc.o
 .debug_abbrev  0x00000baa      0x204 build/stm32f4xx_hal_rcc_ex.o
 .debug_abbrev  0x00000dae      0x1c6 build/stm32f4xx_hal_gpio.o
 .debug_abbrev  0x00000f74      0x25d build/stm32f4xx_hal_dma.o
 .debug_abbrev  0x000011d1      0x2ed build/stm32f4xx_hal_cortex.o
 .debug_abbrev  0x000014be      0x20f build/stm32f4xx_hal.o
 .debug_abbrev  0x000016cd      0x118 build/system_stm32f4xx.o
 .debug_abbrev  0x000017e5      0x10c build/dma.o
 .debug_abbrev  0x000018f1      0x21a build/usart.o
 .debug_abbrev  0x00001b0b      0x2f6 build/stm32f4xx_hal_uart.o
 .debug_abbrev  0x00001e01      0x1c6 build/bsp_can.o
 .debug_abbrev  0x00001fc7      0x1aa build/dm_ctrl.o
 .debug_abbrev  0x00002171      0x21d build/dm_drv.o
 .debug_abbrev  0x0000238e      0x270 build/remote_control.o
 .debug_abbrev  0x000025fe      0x1f1 build/scheduler.o
 .debug_abbrev  0x000027ef      0x18c build/task.o
 .debug_abbrev  0x0000297b       0xff build/kinematic_solver.o
 .debug_abbrev  0x00002a7a      0x15d build/coordinate_mapping.o
 .debug_abbrev  0x00002bd7      0x20c build/arm_control.o
 .debug_abbrev  0x00002de3       0x5c build/mcu_config.o
 .debug_abbrev  0x00002e3f      0x236 build/can_driver.o
 .debug_abbrev  0x00003075       0x1d build/startup_stm32f446xx.o
 .debug_abbrev  0x00003092      0x446 D:/enviroment/msys2/mingw64/bin/../lib/gcc/arm-none-eabi/13.3.0/../../../../arm-none-eabi/lib/thumb/v7e-m+fp/hard\libc_nano.a(libc_a-findfp.o)
 .debug_abbrev  0x000034d8       0xb7 D:/enviroment/msys2/mingw64/bin/../lib/gcc/arm-none-eabi/13.3.0/../../../../arm-none-eabi/lib/thumb/v7e-m+fp/hard\libc_nano.a(libc_a-memset.o)
 .debug_abbrev  0x0000358f      0x149 D:/enviroment/msys2/mingw64/bin/../lib/gcc/arm-none-eabi/13.3.0/../../../../arm-none-eabi/lib/thumb/v7e-m+fp/hard\libc_nano.a(libc_a-impure.o)
 .debug_abbrev  0x000036d8       0xc9 D:/enviroment/msys2/mingw64/bin/../lib/gcc/arm-none-eabi/13.3.0/../../../../arm-none-eabi/lib/thumb/v7e-m+fp/hard\libc_nano.a(libc_a-init.o)
 .debug_abbrev  0x000037a1       0xd8 D:/enviroment/msys2/mingw64/bin/../lib/gcc/arm-none-eabi/13.3.0/../../../../arm-none-eabi/lib/thumb/v7e-m+fp/hard\libc_nano.a(libm_a-sf_copysign.o)
 .debug_abbrev  0x00003879       0x14 D:/enviroment/msys2/mingw64/bin/../lib/gcc/arm-none-eabi/13.3.0/thumb/v7e-m+fp/hard\libgcc.a(_aeabi_uldivmod.o)
 .debug_abbrev  0x0000388d      0x16a D:/enviroment/msys2/mingw64/bin/../lib/gcc/arm-none-eabi/13.3.0/thumb/v7e-m+fp/hard\libgcc.a(_udivmoddi4.o)
 .debug_abbrev  0x000039f7       0x26 D:/enviroment/msys2/mingw64/bin/../lib/gcc/arm-none-eabi/13.3.0/thumb/v7e-m+fp/hard\libgcc.a(_dvmd_tls.o)
 .debug_abbrev  0x00003a1d      0x15e D:/enviroment/msys2/mingw64/bin/../lib/gcc/arm-none-eabi/13.3.0/../../../../arm-none-eabi/lib/thumb/v7e-m+fp/hard\libc_nano.a(libc_a-errno.o)

.debug_loc      0x00000000     0x6096
 .debug_loc     0x00000000       0xaa build/main.o
 .debug_loc     0x000000aa       0x5c build/gpio.o
 .debug_loc     0x00000106       0xf8 build/can.o
 .debug_loc     0x000001fe      0x284 build/stm32f4xx_it.o
 .debug_loc     0x00000482       0x5c build/stm32f4xx_hal_msp.o
 .debug_loc     0x000004de      0xcb4 build/stm32f4xx_hal_can.o
 .debug_loc     0x00001192      0x3d2 build/stm32f4xx_hal_rcc.o
 .debug_loc     0x00001564      0x3f2 build/stm32f4xx_hal_rcc_ex.o
 .debug_loc     0x00001956      0x2d4 build/stm32f4xx_hal_gpio.o
 .debug_loc     0x00001c2a      0x510 build/stm32f4xx_hal_dma.o
 .debug_loc     0x0000213a      0xaf0 build/stm32f4xx_hal_cortex.o
 .debug_loc     0x00002c2a      0x720 build/stm32f4xx_hal.o
 .debug_loc     0x0000334a       0xa0 build/system_stm32f4xx.o
 .debug_loc     0x000033ea       0x50 build/dma.o
 .debug_loc     0x0000343a       0xcc build/usart.o
 .debug_loc     0x00003506     0x14b6 build/stm32f4xx_hal_uart.o
 .debug_loc     0x000049bc      0x1f4 build/bsp_can.o
 .debug_loc     0x00004bb0      0x25c build/dm_ctrl.o
 .debug_loc     0x00004e0c      0x532 build/dm_drv.o
 .debug_loc     0x0000533e      0x2dc build/remote_control.o
 .debug_loc     0x0000561a      0x1a8 build/scheduler.o
 .debug_loc     0x000057c2      0x1a0 build/task.o
 .debug_loc     0x00005962       0x52 build/kinematic_solver.o
 .debug_loc     0x000059b4      0x15a build/coordinate_mapping.o
 .debug_loc     0x00005b0e      0x1e0 build/arm_control.o
 .debug_loc     0x00005cee       0x2c build/mcu_config.o
 .debug_loc     0x00005d1a      0x37c build/can_driver.o

.debug_aranges  0x00000000      0xd88
 .debug_aranges
                0x00000000       0x30 build/main.o
 .debug_aranges
                0x00000030       0x20 build/gpio.o
 .debug_aranges
                0x00000050       0x38 build/can.o
 .debug_aranges
                0x00000088       0x80 build/stm32f4xx_it.o
 .debug_aranges
                0x00000108       0x20 build/stm32f4xx_hal_msp.o
 .debug_aranges
                0x00000128      0x138 build/stm32f4xx_hal_can.o
 .debug_aranges
                0x00000260       0x88 build/stm32f4xx_hal_rcc.o
 .debug_aranges
                0x000002e8       0x78 build/stm32f4xx_hal_rcc_ex.o
 .debug_aranges
                0x00000360       0x58 build/stm32f4xx_hal_gpio.o
 .debug_aranges
                0x000003b8       0x90 build/stm32f4xx_hal_dma.o
 .debug_aranges
                0x00000448      0x130 build/stm32f4xx_hal_cortex.o
 .debug_aranges
                0x00000578       0xf0 build/stm32f4xx_hal.o
 .debug_aranges
                0x00000668       0x28 build/system_stm32f4xx.o
 .debug_aranges
                0x00000690       0x20 build/dma.o
 .debug_aranges
                0x000006b0       0x30 build/usart.o
 .debug_aranges
                0x000006e0      0x208 build/stm32f4xx_hal_uart.o
 .debug_aranges
                0x000008e8       0x50 build/bsp_can.o
 .debug_aranges
                0x00000938       0x58 build/dm_ctrl.o
 .debug_aranges
                0x00000990       0x98 build/dm_drv.o
 .debug_aranges
                0x00000a28       0x60 build/remote_control.o
 .debug_aranges
                0x00000a88       0x40 build/scheduler.o
 .debug_aranges
                0x00000ac8       0x50 build/task.o
 .debug_aranges
                0x00000b18       0x20 build/kinematic_solver.o
 .debug_aranges
                0x00000b38       0x38 build/coordinate_mapping.o
 .debug_aranges
                0x00000b70       0x48 build/arm_control.o
 .debug_aranges
                0x00000bb8       0x20 build/mcu_config.o
 .debug_aranges
                0x00000bd8       0x70 build/can_driver.o
 .debug_aranges
                0x00000c48       0x28 build/startup_stm32f446xx.o
 .debug_aranges
                0x00000c70       0x20 D:/enviroment/msys2/mingw64/bin/../lib/gcc/arm-none-eabi/13.3.0/../../../../arm-none-eabi/lib/thumb/v7e-m+fp/hard\libc_nano.a(libc_a-findfp.o)
 .debug_aranges
                0x00000c90       0x20 D:/enviroment/msys2/mingw64/bin/../lib/gcc/arm-none-eabi/13.3.0/../../../../arm-none-eabi/lib/thumb/v7e-m+fp/hard\libc_nano.a(libc_a-memset.o)
 .debug_aranges
                0x00000cb0       0x18 D:/enviroment/msys2/mingw64/bin/../lib/gcc/arm-none-eabi/13.3.0/../../../../arm-none-eabi/lib/thumb/v7e-m+fp/hard\libc_nano.a(libc_a-impure.o)
 .debug_aranges
                0x00000cc8       0x20 D:/enviroment/msys2/mingw64/bin/../lib/gcc/arm-none-eabi/13.3.0/../../../../arm-none-eabi/lib/thumb/v7e-m+fp/hard\libc_nano.a(libc_a-init.o)
 .debug_aranges
                0x00000ce8       0x20 D:/enviroment/msys2/mingw64/bin/../lib/gcc/arm-none-eabi/13.3.0/../../../../arm-none-eabi/lib/thumb/v7e-m+fp/hard\libc_nano.a(libm_a-sf_copysign.o)
 .debug_aranges
                0x00000d08       0x20 D:/enviroment/msys2/mingw64/bin/../lib/gcc/arm-none-eabi/13.3.0/thumb/v7e-m+fp/hard\libgcc.a(_aeabi_uldivmod.o)
 .debug_aranges
                0x00000d28       0x20 D:/enviroment/msys2/mingw64/bin/../lib/gcc/arm-none-eabi/13.3.0/thumb/v7e-m+fp/hard\libgcc.a(_udivmoddi4.o)
 .debug_aranges
                0x00000d48       0x20 D:/enviroment/msys2/mingw64/bin/../lib/gcc/arm-none-eabi/13.3.0/thumb/v7e-m+fp/hard\libgcc.a(_dvmd_tls.o)
 .debug_aranges
                0x00000d68       0x20 D:/enviroment/msys2/mingw64/bin/../lib/gcc/arm-none-eabi/13.3.0/../../../../arm-none-eabi/lib/thumb/v7e-m+fp/hard\libc_nano.a(libc_a-errno.o)

.debug_ranges   0x00000000      0xb18
 .debug_ranges  0x00000000       0x20 build/main.o
 .debug_ranges  0x00000020       0x10 build/gpio.o
 .debug_ranges  0x00000030       0x28 build/can.o
 .debug_ranges  0x00000058       0x70 build/stm32f4xx_it.o
 .debug_ranges  0x000000c8       0x10 build/stm32f4xx_hal_msp.o
 .debug_ranges  0x000000d8      0x128 build/stm32f4xx_hal_can.o
 .debug_ranges  0x00000200       0x78 build/stm32f4xx_hal_rcc.o
 .debug_ranges  0x00000278       0x68 build/stm32f4xx_hal_rcc_ex.o
 .debug_ranges  0x000002e0       0x48 build/stm32f4xx_hal_gpio.o
 .debug_ranges  0x00000328       0x80 build/stm32f4xx_hal_dma.o
 .debug_ranges  0x000003a8      0x120 build/stm32f4xx_hal_cortex.o
 .debug_ranges  0x000004c8       0xe0 build/stm32f4xx_hal.o
 .debug_ranges  0x000005a8       0x18 build/system_stm32f4xx.o
 .debug_ranges  0x000005c0       0x10 build/dma.o
 .debug_ranges  0x000005d0       0x20 build/usart.o
 .debug_ranges  0x000005f0      0x228 build/stm32f4xx_hal_uart.o
 .debug_ranges  0x00000818       0x40 build/bsp_can.o
 .debug_ranges  0x00000858       0x48 build/dm_ctrl.o
 .debug_ranges  0x000008a0       0x88 build/dm_drv.o
 .debug_ranges  0x00000928       0x68 build/remote_control.o
 .debug_ranges  0x00000990       0x30 build/scheduler.o
 .debug_ranges  0x000009c0       0x40 build/task.o
 .debug_ranges  0x00000a00       0x10 build/kinematic_solver.o
 .debug_ranges  0x00000a10       0x28 build/coordinate_mapping.o
 .debug_ranges  0x00000a38       0x38 build/arm_control.o
 .debug_ranges  0x00000a70       0x10 build/mcu_config.o
 .debug_ranges  0x00000a80       0x78 build/can_driver.o
 .debug_ranges  0x00000af8       0x20 build/startup_stm32f446xx.o

.debug_macro    0x00000000    0x23b58
 .debug_macro   0x00000000      0x21c build/main.o
 .debug_macro   0x0000021c      0xad2 build/main.o
 .debug_macro   0x00000cee      0x29b build/main.o
 .debug_macro   0x00000f89       0x2e build/main.o
 .debug_macro   0x00000fb7       0x28 build/main.o
 .debug_macro   0x00000fdf       0x22 build/main.o
 .debug_macro   0x00001001       0x8e build/main.o
 .debug_macro   0x0000108f       0x51 build/main.o
 .debug_macro   0x000010e0      0x103 build/main.o
 .debug_macro   0x000011e3       0x6a build/main.o
 .debug_macro   0x0000124d      0x1df build/main.o
 .debug_macro   0x0000142c       0x1c build/main.o
 .debug_macro   0x00001448       0x22 build/main.o
 .debug_macro   0x0000146a       0xfb build/main.o
 .debug_macro   0x00001565     0x1011 build/main.o
 .debug_macro   0x00002576      0x11f build/main.o
 .debug_macro   0x00002695    0x1675e build/main.o
 .debug_macro   0x00018df3       0x6d build/main.o
 .debug_macro   0x00018e60     0x3693 build/main.o
 .debug_macro   0x0001c4f3      0x190 build/main.o
 .debug_macro   0x0001c683       0x5c build/main.o
 .debug_macro   0x0001c6df      0xca5 build/main.o
 .debug_macro   0x0001d384      0x9e9 build/main.o
 .debug_macro   0x0001dd6d      0x115 build/main.o
 .debug_macro   0x0001de82      0x1a0 build/main.o
 .debug_macro   0x0001e022       0xa5 build/main.o
 .debug_macro   0x0001e0c7      0x16d build/main.o
 .debug_macro   0x0001e234      0x287 build/main.o
 .debug_macro   0x0001e4bb       0x5f build/main.o
 .debug_macro   0x0001e51a      0x236 build/main.o
 .debug_macro   0x0001e750      0x40f build/main.o
 .debug_macro   0x0001eb5f      0x132 build/main.o
 .debug_macro   0x0001ec91      0x29c build/main.o
 .debug_macro   0x0001ef2d       0x2e build/main.o
 .debug_macro   0x0001ef5b      0x127 build/main.o
 .debug_macro   0x0001f082       0xe8 build/main.o
 .debug_macro   0x0001f16a       0x89 build/main.o
 .debug_macro   0x0001f1f3      0x2aa build/main.o
 .debug_macro   0x0001f49d      0x126 build/main.o
 .debug_macro   0x0001f5c3       0x22 build/main.o
 .debug_macro   0x0001f5e5       0x10 build/main.o
 .debug_macro   0x0001f5f5      0x1d8 build/gpio.o
 .debug_macro   0x0001f7cd      0x1d8 build/can.o
 .debug_macro   0x0001f9a5      0x1f0 build/stm32f4xx_it.o
 .debug_macro   0x0001fb95      0x1ce build/stm32f4xx_hal_msp.o
 .debug_macro   0x0001fd63      0x1d3 build/stm32f4xx_hal_can.o
 .debug_macro   0x0001ff36      0x1e8 build/stm32f4xx_hal_rcc.o
 .debug_macro   0x0002011e      0x1c4 build/stm32f4xx_hal_rcc_ex.o
 .debug_macro   0x000202e2      0x1ca build/stm32f4xx_hal_gpio.o
 .debug_macro   0x000204ac      0x1ca build/stm32f4xx_hal_dma.o
 .debug_macro   0x00020676      0x1c4 build/stm32f4xx_hal_cortex.o
 .debug_macro   0x0002083a      0x224 build/stm32f4xx_hal.o
 .debug_macro   0x00020a5e      0x1c4 build/system_stm32f4xx.o
 .debug_macro   0x00020c22      0x1d8 build/dma.o
 .debug_macro   0x00020dfa      0x1d8 build/usart.o
 .debug_macro   0x00020fd2      0x1c5 build/stm32f4xx_hal_uart.o
 .debug_macro   0x00021197      0x1e6 build/bsp_can.o
 .debug_macro   0x0002137d      0x2c1 build/dm_ctrl.o
 .debug_macro   0x0002163e       0x52 build/dm_ctrl.o
 .debug_macro   0x00021690       0x1c build/dm_ctrl.o
 .debug_macro   0x000216ac       0x1c build/dm_ctrl.o
 .debug_macro   0x000216c8       0x74 build/dm_ctrl.o
 .debug_macro   0x0002173c       0x2a build/dm_ctrl.o
 .debug_macro   0x00021766       0x3c build/dm_ctrl.o
 .debug_macro   0x000217a2       0x34 build/dm_ctrl.o
 .debug_macro   0x000217d6      0x370 build/dm_ctrl.o
 .debug_macro   0x00021b46       0x16 build/dm_ctrl.o
 .debug_macro   0x00021b5c       0x4a build/dm_ctrl.o
 .debug_macro   0x00021ba6       0x34 build/dm_ctrl.o
 .debug_macro   0x00021bda       0x10 build/dm_ctrl.o
 .debug_macro   0x00021bea       0x58 build/dm_ctrl.o
 .debug_macro   0x00021c42      0x1e5 build/dm_ctrl.o
 .debug_macro   0x00021e27       0x10 build/dm_ctrl.o
 .debug_macro   0x00021e37       0x3c build/dm_ctrl.o
 .debug_macro   0x00021e73      0x1fe build/dm_drv.o
 .debug_macro   0x00022071      0x2db build/remote_control.o
 .debug_macro   0x0002234c       0x6e build/remote_control.o
 .debug_macro   0x000223ba       0x94 build/remote_control.o
 .debug_macro   0x0002244e       0x57 build/remote_control.o
 .debug_macro   0x000224a5       0x16 build/remote_control.o
 .debug_macro   0x000224bb       0x16 build/remote_control.o
 .debug_macro   0x000224d1       0x29 build/remote_control.o
 .debug_macro   0x000224fa       0x10 build/remote_control.o
 .debug_macro   0x0002250a       0x56 build/remote_control.o
 .debug_macro   0x00022560       0xa6 build/remote_control.o
 .debug_macro   0x00022606      0x2af build/scheduler.o
 .debug_macro   0x000228b5       0x16 build/scheduler.o
 .debug_macro   0x000228cb       0x10 build/scheduler.o
 .debug_macro   0x000228db       0x16 build/scheduler.o
 .debug_macro   0x000228f1       0x16 build/scheduler.o
 .debug_macro   0x00022907      0x170 build/scheduler.o
 .debug_macro   0x00022a77      0x273 build/task.o
 .debug_macro   0x00022cea       0x16 build/task.o
 .debug_macro   0x00022d00       0x58 build/task.o
 .debug_macro   0x00022d58       0x16 build/task.o
 .debug_macro   0x00022d6e       0x10 build/task.o
 .debug_macro   0x00022d7e       0xa6 build/task.o
 .debug_macro   0x00022e24       0xf8 build/kinematic_solver.o
 .debug_macro   0x00022f1c      0x19b build/kinematic_solver.o
 .debug_macro   0x000230b7      0x2a3 build/coordinate_mapping.o
 .debug_macro   0x0002335a      0x2e5 build/arm_control.o
 .debug_macro   0x0002363f      0x26a build/mcu_config.o
 .debug_macro   0x000238a9      0x2af build/can_driver.o

.debug_line     0x00000000    0x100c5
 .debug_line    0x00000000      0x597 build/main.o
 .debug_line    0x00000597      0x4a6 build/gpio.o
 .debug_line    0x00000a3d      0x5c9 build/can.o
 .debug_line    0x00001006      0x5e6 build/stm32f4xx_it.o
 .debug_line    0x000015ec      0x4a7 build/stm32f4xx_hal_msp.o
 .debug_line    0x00001a93      0xf58 build/stm32f4xx_hal_can.o
 .debug_line    0x000029eb      0xbb2 build/stm32f4xx_hal_rcc.o
 .debug_line    0x0000359d     0x1262 build/stm32f4xx_hal_rcc_ex.o
 .debug_line    0x000047ff      0x8dd build/stm32f4xx_hal_gpio.o
 .debug_line    0x000050dc      0xd05 build/stm32f4xx_hal_dma.o
 .debug_line    0x00005de1      0xa69 build/stm32f4xx_hal_cortex.o
 .debug_line    0x0000684a      0x799 build/stm32f4xx_hal.o
 .debug_line    0x00006fe3      0x51d build/system_stm32f4xx.o
 .debug_line    0x00007500      0x4a3 build/dma.o
 .debug_line    0x000079a3      0x554 build/usart.o
 .debug_line    0x00007ef7     0x22e1 build/stm32f4xx_hal_uart.o
 .debug_line    0x0000a1d8      0x594 build/bsp_can.o
 .debug_line    0x0000a76c      0x6c2 build/dm_ctrl.o
 .debug_line    0x0000ae2e      0x827 build/dm_drv.o
 .debug_line    0x0000b655      0xa1b build/remote_control.o
 .debug_line    0x0000c070      0x786 build/scheduler.o
 .debug_line    0x0000c7f6      0x67a build/task.o
 .debug_line    0x0000ce70      0x2ea build/kinematic_solver.o
 .debug_line    0x0000d15a      0x6d4 build/coordinate_mapping.o
 .debug_line    0x0000d82e      0x7f7 build/arm_control.o
 .debug_line    0x0000e025      0x5e5 build/mcu_config.o
 .debug_line    0x0000e60a      0x7e1 build/can_driver.o
 .debug_line    0x0000edeb       0x73 build/startup_stm32f446xx.o
 .debug_line    0x0000ee5e      0x66d D:/enviroment/msys2/mingw64/bin/../lib/gcc/arm-none-eabi/13.3.0/../../../../arm-none-eabi/lib/thumb/v7e-m+fp/hard\libc_nano.a(libc_a-findfp.o)
 .debug_line    0x0000f4cb      0x1ca D:/enviroment/msys2/mingw64/bin/../lib/gcc/arm-none-eabi/13.3.0/../../../../arm-none-eabi/lib/thumb/v7e-m+fp/hard\libc_nano.a(libc_a-memset.o)
 .debug_line    0x0000f695       0xfb D:/enviroment/msys2/mingw64/bin/../lib/gcc/arm-none-eabi/13.3.0/../../../../arm-none-eabi/lib/thumb/v7e-m+fp/hard\libc_nano.a(libc_a-impure.o)
 .debug_line    0x0000f790      0x13c D:/enviroment/msys2/mingw64/bin/../lib/gcc/arm-none-eabi/13.3.0/../../../../arm-none-eabi/lib/thumb/v7e-m+fp/hard\libc_nano.a(libc_a-init.o)
 .debug_line    0x0000f8cc      0x13e D:/enviroment/msys2/mingw64/bin/../lib/gcc/arm-none-eabi/13.3.0/../../../../arm-none-eabi/lib/thumb/v7e-m+fp/hard\libc_nano.a(libm_a-sf_copysign.o)
 .debug_line    0x0000fa0a       0x4e D:/enviroment/msys2/mingw64/bin/../lib/gcc/arm-none-eabi/13.3.0/thumb/v7e-m+fp/hard\libgcc.a(_aeabi_uldivmod.o)
 .debug_line    0x0000fa58      0x503 D:/enviroment/msys2/mingw64/bin/../lib/gcc/arm-none-eabi/13.3.0/thumb/v7e-m+fp/hard\libgcc.a(_udivmoddi4.o)
 .debug_line    0x0000ff5b       0x4a D:/enviroment/msys2/mingw64/bin/../lib/gcc/arm-none-eabi/13.3.0/thumb/v7e-m+fp/hard\libgcc.a(_dvmd_tls.o)
 .debug_line    0x0000ffa5      0x120 D:/enviroment/msys2/mingw64/bin/../lib/gcc/arm-none-eabi/13.3.0/../../../../arm-none-eabi/lib/thumb/v7e-m+fp/hard\libc_nano.a(libc_a-errno.o)

.debug_str      0x00000000    0xcd10e
 .debug_str     0x00000000    0xcd10e build/main.o
                              0xc4aeb (size before relaxing)
 .debug_str     0x000cd10e    0xc481c build/gpio.o
 .debug_str     0x000cd10e    0xc5136 build/can.o
 .debug_str     0x000cd10e    0xc4b0c build/stm32f4xx_it.o
 .debug_str     0x000cd10e    0xc481c build/stm32f4xx_hal_msp.o
 .debug_str     0x000cd10e    0xc4fa1 build/stm32f4xx_hal_can.o
 .debug_str     0x000cd10e    0xc4d05 build/stm32f4xx_hal_rcc.o
 .debug_str     0x000cd10e    0xc4d38 build/stm32f4xx_hal_rcc_ex.o
 .debug_str     0x000cd10e    0xc4a47 build/stm32f4xx_hal_gpio.o
 .debug_str     0x000cd10e    0xc4cc1 build/stm32f4xx_hal_dma.o
 .debug_str     0x000cd10e    0xc51e8 build/stm32f4xx_hal_cortex.o
 .debug_str     0x000cd10e    0xc5491 build/stm32f4xx_hal.o
 .debug_str     0x000cd10e    0xc48cc build/system_stm32f4xx.o
 .debug_str     0x000cd10e    0xc4d7a build/dma.o
 .debug_str     0x000cd10e    0xc5344 build/usart.o
 .debug_str     0x000cd10e    0xc52bc build/stm32f4xx_hal_uart.o
 .debug_str     0x000cd10e    0xc4c17 build/bsp_can.o
 .debug_str     0x000cd10e    0xc7875 build/dm_ctrl.o
 .debug_str     0x000cd10e    0xc4ce4 build/dm_drv.o
 .debug_str     0x000cd10e    0xc7da4 build/remote_control.o
 .debug_str     0x000cd10e    0xc7ab0 build/scheduler.o
 .debug_str     0x000cd10e    0xc4f36 build/task.o
 .debug_str     0x000cd10e     0x6a94 build/kinematic_solver.o
 .debug_str     0x000cd10e    0xc8018 build/coordinate_mapping.o
 .debug_str     0x000cd10e    0xc839b build/arm_control.o
 .debug_str     0x000cd10e    0xc4d5f build/mcu_config.o
 .debug_str     0x000cd10e    0xc7744 build/can_driver.o
 .debug_str     0x000cd10e       0x52 build/startup_stm32f446xx.o
 .debug_str     0x000cd10e      0x72a D:/enviroment/msys2/mingw64/bin/../lib/gcc/arm-none-eabi/13.3.0/../../../../arm-none-eabi/lib/thumb/v7e-m+fp/hard\libc_nano.a(libc_a-findfp.o)
 .debug_str     0x000cd10e      0x19b D:/enviroment/msys2/mingw64/bin/../lib/gcc/arm-none-eabi/13.3.0/../../../../arm-none-eabi/lib/thumb/v7e-m+fp/hard\libc_nano.a(libc_a-memset.o)
 .debug_str     0x000cd10e      0x4a7 D:/enviroment/msys2/mingw64/bin/../lib/gcc/arm-none-eabi/13.3.0/../../../../arm-none-eabi/lib/thumb/v7e-m+fp/hard\libc_nano.a(libc_a-impure.o)
 .debug_str     0x000cd10e      0x1e8 D:/enviroment/msys2/mingw64/bin/../lib/gcc/arm-none-eabi/13.3.0/../../../../arm-none-eabi/lib/thumb/v7e-m+fp/hard\libc_nano.a(libc_a-init.o)
 .debug_str     0x000cd10e      0x1d8 D:/enviroment/msys2/mingw64/bin/../lib/gcc/arm-none-eabi/13.3.0/../../../../arm-none-eabi/lib/thumb/v7e-m+fp/hard\libc_nano.a(libm_a-sf_copysign.o)
 .debug_str     0x000cd10e       0x7e D:/enviroment/msys2/mingw64/bin/../lib/gcc/arm-none-eabi/13.3.0/thumb/v7e-m+fp/hard\libgcc.a(_aeabi_uldivmod.o)
 .debug_str     0x000cd10e      0x696 D:/enviroment/msys2/mingw64/bin/../lib/gcc/arm-none-eabi/13.3.0/thumb/v7e-m+fp/hard\libgcc.a(_udivmoddi4.o)
 .debug_str     0x000cd10e       0x9e D:/enviroment/msys2/mingw64/bin/../lib/gcc/arm-none-eabi/13.3.0/thumb/v7e-m+fp/hard\libgcc.a(_dvmd_tls.o)
 .debug_str     0x000cd10e      0x4a1 D:/enviroment/msys2/mingw64/bin/../lib/gcc/arm-none-eabi/13.3.0/../../../../arm-none-eabi/lib/thumb/v7e-m+fp/hard\libc_nano.a(libc_a-errno.o)

.debug_frame    0x00000000     0x3448
 .debug_frame   0x00000000       0x68 build/main.o
 .debug_frame   0x00000068       0x38 build/gpio.o
 .debug_frame   0x000000a0       0x90 build/can.o
 .debug_frame   0x00000130      0x174 build/stm32f4xx_it.o
 .debug_frame   0x000002a4       0x38 build/stm32f4xx_hal_msp.o
 .debug_frame   0x000002dc      0x5a0 build/stm32f4xx_hal_can.o
 .debug_frame   0x0000087c      0x1f4 build/stm32f4xx_hal_rcc.o
 .debug_frame   0x00000a70      0x1e8 build/stm32f4xx_hal_rcc_ex.o
 .debug_frame   0x00000c58      0x14c build/stm32f4xx_hal_gpio.o
 .debug_frame   0x00000da4      0x250 build/stm32f4xx_hal_dma.o
 .debug_frame   0x00000ff4      0x508 build/stm32f4xx_hal_cortex.o
 .debug_frame   0x000014fc      0x374 build/stm32f4xx_hal.o
 .debug_frame   0x00001870       0x58 build/system_stm32f4xx.o
 .debug_frame   0x000018c8       0x34 build/dma.o
 .debug_frame   0x000018fc       0x74 build/usart.o
 .debug_frame   0x00001970      0x954 build/stm32f4xx_hal_uart.o
 .debug_frame   0x000022c4       0xfc build/bsp_can.o
 .debug_frame   0x000023c0      0x128 build/dm_ctrl.o
 .debug_frame   0x000024e8      0x260 build/dm_drv.o
 .debug_frame   0x00002748      0x160 build/remote_control.o
 .debug_frame   0x000028a8       0xcc build/scheduler.o
 .debug_frame   0x00002974       0xe8 build/task.o
 .debug_frame   0x00002a5c       0x38 build/kinematic_solver.o
 .debug_frame   0x00002a94       0xb0 build/coordinate_mapping.o
 .debug_frame   0x00002b44      0x100 build/arm_control.o
 .debug_frame   0x00002c44       0x2c build/mcu_config.o
 .debug_frame   0x00002c70      0x1a4 build/can_driver.o
 .debug_frame   0x00002e14      0x13c D:/enviroment/msys2/mingw64/bin/../lib/gcc/arm-none-eabi/13.3.0/../../../../arm-none-eabi/lib/thumb/v7e-m+fp/hard\libc_nano.a(libc_a-findfp.o)
 .debug_frame   0x00002f50       0x2c D:/enviroment/msys2/mingw64/bin/../lib/gcc/arm-none-eabi/13.3.0/../../../../arm-none-eabi/lib/thumb/v7e-m+fp/hard\libc_nano.a(libc_a-memset.o)
 .debug_frame   0x00002f7c       0x2c D:/enviroment/msys2/mingw64/bin/../lib/gcc/arm-none-eabi/13.3.0/../../../../arm-none-eabi/lib/thumb/v7e-m+fp/hard\libc_nano.a(libc_a-init.o)
 .debug_frame   0x00002fa8       0x20 D:/enviroment/msys2/mingw64/bin/../lib/gcc/arm-none-eabi/13.3.0/../../../../arm-none-eabi/lib/thumb/v7e-m+fp/hard\libc_nano.a(libm_a-sf_copysign.o)
 .debug_frame   0x00002fc8       0x48 D:/enviroment/msys2/mingw64/bin/../lib/gcc/arm-none-eabi/13.3.0/../../../../arm-none-eabi/lib/thumb/v7e-m+fp/hard\libm.a(libm_a-wf_acos.o)
 .debug_frame   0x00003010       0x20 D:/enviroment/msys2/mingw64/bin/../lib/gcc/arm-none-eabi/13.3.0/../../../../arm-none-eabi/lib/thumb/v7e-m+fp/hard\libm.a(libm_a-wf_atan2.o)
 .debug_frame   0x00003030       0x44 D:/enviroment/msys2/mingw64/bin/../lib/gcc/arm-none-eabi/13.3.0/../../../../arm-none-eabi/lib/thumb/v7e-m+fp/hard\libm.a(libm_a-wf_sqrt.o)
 .debug_frame   0x00003074       0x34 D:/enviroment/msys2/mingw64/bin/../lib/gcc/arm-none-eabi/13.3.0/../../../../arm-none-eabi/lib/thumb/v7e-m+fp/hard\libm.a(libm_a-sf_cos.o)
 .debug_frame   0x000030a8       0x20 D:/enviroment/msys2/mingw64/bin/../lib/gcc/arm-none-eabi/13.3.0/../../../../arm-none-eabi/lib/thumb/v7e-m+fp/hard\libm.a(libm_a-sf_fabs.o)
 .debug_frame   0x000030c8       0x34 D:/enviroment/msys2/mingw64/bin/../lib/gcc/arm-none-eabi/13.3.0/../../../../arm-none-eabi/lib/thumb/v7e-m+fp/hard\libm.a(libm_a-sf_sin.o)
 .debug_frame   0x000030fc       0x20 D:/enviroment/msys2/mingw64/bin/../lib/gcc/arm-none-eabi/13.3.0/../../../../arm-none-eabi/lib/thumb/v7e-m+fp/hard\libm.a(libm_a-sf_nan.o)
 .debug_frame   0x0000311c       0x44 D:/enviroment/msys2/mingw64/bin/../lib/gcc/arm-none-eabi/13.3.0/../../../../arm-none-eabi/lib/thumb/v7e-m+fp/hard\libm.a(libm_a-sf_fmax.o)
 .debug_frame   0x00003160       0x44 D:/enviroment/msys2/mingw64/bin/../lib/gcc/arm-none-eabi/13.3.0/../../../../arm-none-eabi/lib/thumb/v7e-m+fp/hard\libm.a(libm_a-sf_fmin.o)
 .debug_frame   0x000031a4       0x20 D:/enviroment/msys2/mingw64/bin/../lib/gcc/arm-none-eabi/13.3.0/../../../../arm-none-eabi/lib/thumb/v7e-m+fp/hard\libm.a(libm_a-sf_fpclassify.o)
 .debug_frame   0x000031c4       0x20 D:/enviroment/msys2/mingw64/bin/../lib/gcc/arm-none-eabi/13.3.0/../../../../arm-none-eabi/lib/thumb/v7e-m+fp/hard\libm.a(libm_a-ef_sqrt.o)
 .debug_frame   0x000031e4       0x20 D:/enviroment/msys2/mingw64/bin/../lib/gcc/arm-none-eabi/13.3.0/../../../../arm-none-eabi/lib/thumb/v7e-m+fp/hard\libm.a(libm_a-kf_cos.o)
 .debug_frame   0x00003204       0x20 D:/enviroment/msys2/mingw64/bin/../lib/gcc/arm-none-eabi/13.3.0/../../../../arm-none-eabi/lib/thumb/v7e-m+fp/hard\libm.a(libm_a-kf_sin.o)
 .debug_frame   0x00003224       0x64 D:/enviroment/msys2/mingw64/bin/../lib/gcc/arm-none-eabi/13.3.0/../../../../arm-none-eabi/lib/thumb/v7e-m+fp/hard\libm.a(libm_a-ef_acos.o)
 .debug_frame   0x00003288       0x44 D:/enviroment/msys2/mingw64/bin/../lib/gcc/arm-none-eabi/13.3.0/../../../../arm-none-eabi/lib/thumb/v7e-m+fp/hard\libm.a(libm_a-ef_atan2.o)
 .debug_frame   0x000032cc       0x34 D:/enviroment/msys2/mingw64/bin/../lib/gcc/arm-none-eabi/13.3.0/../../../../arm-none-eabi/lib/thumb/v7e-m+fp/hard\libm.a(libm_a-ef_rem_pio2.o)
 .debug_frame   0x00003300       0x2c D:/enviroment/msys2/mingw64/bin/../lib/gcc/arm-none-eabi/13.3.0/../../../../arm-none-eabi/lib/thumb/v7e-m+fp/hard\libm.a(libm_a-sf_atan.o)
 .debug_frame   0x0000332c       0x5c D:/enviroment/msys2/mingw64/bin/../lib/gcc/arm-none-eabi/13.3.0/../../../../arm-none-eabi/lib/thumb/v7e-m+fp/hard\libm.a(libm_a-kf_rem_pio2.o)
 .debug_frame   0x00003388       0x20 D:/enviroment/msys2/mingw64/bin/../lib/gcc/arm-none-eabi/13.3.0/../../../../arm-none-eabi/lib/thumb/v7e-m+fp/hard\libm.a(libm_a-sf_scalbn.o)
 .debug_frame   0x000033a8       0x20 D:/enviroment/msys2/mingw64/bin/../lib/gcc/arm-none-eabi/13.3.0/../../../../arm-none-eabi/lib/thumb/v7e-m+fp/hard\libm.a(libm_a-sf_floor.o)
 .debug_frame   0x000033c8       0x2c D:/enviroment/msys2/mingw64/bin/../lib/gcc/arm-none-eabi/13.3.0/thumb/v7e-m+fp/hard\libgcc.a(_aeabi_uldivmod.o)
 .debug_frame   0x000033f4       0x34 D:/enviroment/msys2/mingw64/bin/../lib/gcc/arm-none-eabi/13.3.0/thumb/v7e-m+fp/hard\libgcc.a(_udivmoddi4.o)
 .debug_frame   0x00003428       0x20 D:/enviroment/msys2/mingw64/bin/../lib/gcc/arm-none-eabi/13.3.0/../../../../arm-none-eabi/lib/thumb/v7e-m+fp/hard\libc_nano.a(libc_a-errno.o)

.debug_loclists
                0x00000000     0x2af8
 .debug_loclists
                0x00000000      0x2b8 D:/enviroment/msys2/mingw64/bin/../lib/gcc/arm-none-eabi/13.3.0/../../../../arm-none-eabi/lib/thumb/v7e-m+fp/hard\libc_nano.a(libc_a-findfp.o)
 .debug_loclists
                0x000002b8      0x1c2 D:/enviroment/msys2/mingw64/bin/../lib/gcc/arm-none-eabi/13.3.0/../../../../arm-none-eabi/lib/thumb/v7e-m+fp/hard\libc_nano.a(libc_a-memset.o)
 .debug_loclists
                0x0000047a       0x65 D:/enviroment/msys2/mingw64/bin/../lib/gcc/arm-none-eabi/13.3.0/../../../../arm-none-eabi/lib/thumb/v7e-m+fp/hard\libc_nano.a(libc_a-init.o)
 .debug_loclists
                0x000004df       0xb2 D:/enviroment/msys2/mingw64/bin/../lib/gcc/arm-none-eabi/13.3.0/../../../../arm-none-eabi/lib/thumb/v7e-m+fp/hard\libc_nano.a(libm_a-sf_copysign.o)
 .debug_loclists
                0x00000591       0x4e D:/enviroment/msys2/mingw64/bin/../lib/gcc/arm-none-eabi/13.3.0/../../../../arm-none-eabi/lib/thumb/v7e-m+fp/hard\libm.a(libm_a-wf_acos.o)
 .debug_loclists
                0x000005df       0x36 D:/enviroment/msys2/mingw64/bin/../lib/gcc/arm-none-eabi/13.3.0/../../../../arm-none-eabi/lib/thumb/v7e-m+fp/hard\libm.a(libm_a-wf_atan2.o)
 .debug_loclists
                0x00000615       0x46 D:/enviroment/msys2/mingw64/bin/../lib/gcc/arm-none-eabi/13.3.0/../../../../arm-none-eabi/lib/thumb/v7e-m+fp/hard\libm.a(libm_a-wf_sqrt.o)
 .debug_loclists
                0x0000065b       0x65 D:/enviroment/msys2/mingw64/bin/../lib/gcc/arm-none-eabi/13.3.0/../../../../arm-none-eabi/lib/thumb/v7e-m+fp/hard\libm.a(libm_a-sf_cos.o)
 .debug_loclists
                0x000006c0       0x5c D:/enviroment/msys2/mingw64/bin/../lib/gcc/arm-none-eabi/13.3.0/../../../../arm-none-eabi/lib/thumb/v7e-m+fp/hard\libm.a(libm_a-sf_fabs.o)
 .debug_loclists
                0x0000071c       0x65 D:/enviroment/msys2/mingw64/bin/../lib/gcc/arm-none-eabi/13.3.0/../../../../arm-none-eabi/lib/thumb/v7e-m+fp/hard\libm.a(libm_a-sf_sin.o)
 .debug_loclists
                0x00000781       0x4a D:/enviroment/msys2/mingw64/bin/../lib/gcc/arm-none-eabi/13.3.0/../../../../arm-none-eabi/lib/thumb/v7e-m+fp/hard\libm.a(libm_a-sf_fmax.o)
 .debug_loclists
                0x000007cb       0x4a D:/enviroment/msys2/mingw64/bin/../lib/gcc/arm-none-eabi/13.3.0/../../../../arm-none-eabi/lib/thumb/v7e-m+fp/hard\libm.a(libm_a-sf_fmin.o)
 .debug_loclists
                0x00000815       0x37 D:/enviroment/msys2/mingw64/bin/../lib/gcc/arm-none-eabi/13.3.0/../../../../arm-none-eabi/lib/thumb/v7e-m+fp/hard\libm.a(libm_a-sf_fpclassify.o)
 .debug_loclists
                0x0000084c       0x32 D:/enviroment/msys2/mingw64/bin/../lib/gcc/arm-none-eabi/13.3.0/../../../../arm-none-eabi/lib/thumb/v7e-m+fp/hard\libm.a(libm_a-ef_sqrt.o)
 .debug_loclists
                0x0000087e      0x168 D:/enviroment/msys2/mingw64/bin/../lib/gcc/arm-none-eabi/13.3.0/../../../../arm-none-eabi/lib/thumb/v7e-m+fp/hard\libm.a(libm_a-kf_cos.o)
 .debug_loclists
                0x000009e6       0xcd D:/enviroment/msys2/mingw64/bin/../lib/gcc/arm-none-eabi/13.3.0/../../../../arm-none-eabi/lib/thumb/v7e-m+fp/hard\libm.a(libm_a-kf_sin.o)
 .debug_loclists
                0x00000ab3      0x253 D:/enviroment/msys2/mingw64/bin/../lib/gcc/arm-none-eabi/13.3.0/../../../../arm-none-eabi/lib/thumb/v7e-m+fp/hard\libm.a(libm_a-ef_acos.o)
 .debug_loclists
                0x00000d06      0x3f1 D:/enviroment/msys2/mingw64/bin/../lib/gcc/arm-none-eabi/13.3.0/../../../../arm-none-eabi/lib/thumb/v7e-m+fp/hard\libm.a(libm_a-ef_atan2.o)
 .debug_loclists
                0x000010f7      0x392 D:/enviroment/msys2/mingw64/bin/../lib/gcc/arm-none-eabi/13.3.0/../../../../arm-none-eabi/lib/thumb/v7e-m+fp/hard\libm.a(libm_a-ef_rem_pio2.o)
 .debug_loclists
                0x00001489      0x17b D:/enviroment/msys2/mingw64/bin/../lib/gcc/arm-none-eabi/13.3.0/../../../../arm-none-eabi/lib/thumb/v7e-m+fp/hard\libm.a(libm_a-sf_atan.o)
 .debug_loclists
                0x00001604      0xa3d D:/enviroment/msys2/mingw64/bin/../lib/gcc/arm-none-eabi/13.3.0/../../../../arm-none-eabi/lib/thumb/v7e-m+fp/hard\libm.a(libm_a-kf_rem_pio2.o)
 .debug_loclists
                0x00002041      0x21d D:/enviroment/msys2/mingw64/bin/../lib/gcc/arm-none-eabi/13.3.0/../../../../arm-none-eabi/lib/thumb/v7e-m+fp/hard\libm.a(libm_a-sf_scalbn.o)
 .debug_loclists
                0x0000225e      0x132 D:/enviroment/msys2/mingw64/bin/../lib/gcc/arm-none-eabi/13.3.0/../../../../arm-none-eabi/lib/thumb/v7e-m+fp/hard\libm.a(libm_a-sf_floor.o)
 .debug_loclists
                0x00002390      0x768 D:/enviroment/msys2/mingw64/bin/../lib/gcc/arm-none-eabi/13.3.0/thumb/v7e-m+fp/hard\libgcc.a(_udivmoddi4.o)

.debug_rnglists
                0x00000000      0x25d
 .debug_rnglists
                0x00000000       0x9f D:/enviroment/msys2/mingw64/bin/../lib/gcc/arm-none-eabi/13.3.0/../../../../arm-none-eabi/lib/thumb/v7e-m+fp/hard\libc_nano.a(libc_a-findfp.o)
 .debug_rnglists
                0x0000009f       0x13 D:/enviroment/msys2/mingw64/bin/../lib/gcc/arm-none-eabi/13.3.0/../../../../arm-none-eabi/lib/thumb/v7e-m+fp/hard\libc_nano.a(libm_a-sf_copysign.o)
 .debug_rnglists
                0x000000b2       0x13 D:/enviroment/msys2/mingw64/bin/../lib/gcc/arm-none-eabi/13.3.0/../../../../arm-none-eabi/lib/thumb/v7e-m+fp/hard\libm.a(libm_a-sf_cos.o)
 .debug_rnglists
                0x000000c5       0x13 D:/enviroment/msys2/mingw64/bin/../lib/gcc/arm-none-eabi/13.3.0/../../../../arm-none-eabi/lib/thumb/v7e-m+fp/hard\libm.a(libm_a-sf_fabs.o)
 .debug_rnglists
                0x000000d8       0x13 D:/enviroment/msys2/mingw64/bin/../lib/gcc/arm-none-eabi/13.3.0/../../../../arm-none-eabi/lib/thumb/v7e-m+fp/hard\libm.a(libm_a-sf_sin.o)
 .debug_rnglists
                0x000000eb       0x13 D:/enviroment/msys2/mingw64/bin/../lib/gcc/arm-none-eabi/13.3.0/../../../../arm-none-eabi/lib/thumb/v7e-m+fp/hard\libm.a(libm_a-sf_fpclassify.o)
 .debug_rnglists
                0x000000fe       0x13 D:/enviroment/msys2/mingw64/bin/../lib/gcc/arm-none-eabi/13.3.0/../../../../arm-none-eabi/lib/thumb/v7e-m+fp/hard\libm.a(libm_a-ef_sqrt.o)
 .debug_rnglists
                0x00000111       0x14 D:/enviroment/msys2/mingw64/bin/../lib/gcc/arm-none-eabi/13.3.0/../../../../arm-none-eabi/lib/thumb/v7e-m+fp/hard\libm.a(libm_a-kf_cos.o)
 .debug_rnglists
                0x00000125       0x14 D:/enviroment/msys2/mingw64/bin/../lib/gcc/arm-none-eabi/13.3.0/../../../../arm-none-eabi/lib/thumb/v7e-m+fp/hard\libm.a(libm_a-kf_sin.o)
 .debug_rnglists
                0x00000139       0x2d D:/enviroment/msys2/mingw64/bin/../lib/gcc/arm-none-eabi/13.3.0/../../../../arm-none-eabi/lib/thumb/v7e-m+fp/hard\libm.a(libm_a-ef_acos.o)
 .debug_rnglists
                0x00000166       0x1a D:/enviroment/msys2/mingw64/bin/../lib/gcc/arm-none-eabi/13.3.0/../../../../arm-none-eabi/lib/thumb/v7e-m+fp/hard\libm.a(libm_a-ef_atan2.o)
 .debug_rnglists
                0x00000180       0x28 D:/enviroment/msys2/mingw64/bin/../lib/gcc/arm-none-eabi/13.3.0/../../../../arm-none-eabi/lib/thumb/v7e-m+fp/hard\libm.a(libm_a-ef_rem_pio2.o)
 .debug_rnglists
                0x000001a8       0x13 D:/enviroment/msys2/mingw64/bin/../lib/gcc/arm-none-eabi/13.3.0/../../../../arm-none-eabi/lib/thumb/v7e-m+fp/hard\libm.a(libm_a-sf_atan.o)
 .debug_rnglists
                0x000001bb       0x22 D:/enviroment/msys2/mingw64/bin/../lib/gcc/arm-none-eabi/13.3.0/../../../../arm-none-eabi/lib/thumb/v7e-m+fp/hard\libm.a(libm_a-sf_scalbn.o)
 .debug_rnglists
                0x000001dd       0x13 D:/enviroment/msys2/mingw64/bin/../lib/gcc/arm-none-eabi/13.3.0/../../../../arm-none-eabi/lib/thumb/v7e-m+fp/hard\libm.a(libm_a-sf_floor.o)
 .debug_rnglists
                0x000001f0       0x6d D:/enviroment/msys2/mingw64/bin/../lib/gcc/arm-none-eabi/13.3.0/thumb/v7e-m+fp/hard\libgcc.a(_udivmoddi4.o)

.debug_line_str
                0x00000000       0x7e
 .debug_line_str
                0x00000000       0x7e D:/enviroment/msys2/mingw64/bin/../lib/gcc/arm-none-eabi/13.3.0/thumb/v7e-m+fp/hard\libgcc.a(_aeabi_uldivmod.o)
                                 0x72 (size before relaxing)
 .debug_line_str
                0x0000007e       0x76 D:/enviroment/msys2/mingw64/bin/../lib/gcc/arm-none-eabi/13.3.0/thumb/v7e-m+fp/hard\libgcc.a(_dvmd_tls.o)

Cross Reference Table

Symbol                                            File
ADC_IRQHandler                                    build/startup_stm32f446xx.o
AHBPrescTable                                     build/system_stm32f4xx.o
                                                  build/stm32f4xx_hal_rcc.o
APBPrescTable                                     build/system_stm32f4xx.o
                                                  build/stm32f4xx_hal_rcc.o
ArmControl_Init                                   build/arm_control.o
                                                  build/mcu_config.o